Archive member included to satisfy reference by file (symbol)

c:/gcc/bin/../lib/gcc/arm-none-eabi/7.3.1/../../../../arm-none-eabi/lib/thumb/v7e-m/fpv5/hard\libc_nano.a(lib_a-exit.o)
                              c:/gcc/bin/../lib/gcc/arm-none-eabi/7.3.1/../../../../arm-none-eabi/lib/thumb/v7e-m/fpv5/hard/crt0.o (exit)
c:/gcc/bin/../lib/gcc/arm-none-eabi/7.3.1/../../../../arm-none-eabi/lib/thumb/v7e-m/fpv5/hard\libc_nano.a(lib_a-impure.o)
                              c:/gcc/bin/../lib/gcc/arm-none-eabi/7.3.1/../../../../arm-none-eabi/lib/thumb/v7e-m/fpv5/hard\libc_nano.a(lib_a-exit.o) (_global_impure_ptr)
c:/gcc/bin/../lib/gcc/arm-none-eabi/7.3.1/../../../../arm-none-eabi/lib/thumb/v7e-m/fpv5/hard\libc_nano.a(lib_a-init.o)
                              c:/gcc/bin/../lib/gcc/arm-none-eabi/7.3.1/../../../../arm-none-eabi/lib/thumb/v7e-m/fpv5/hard/crt0.o (__libc_init_array)
c:/gcc/bin/../lib/gcc/arm-none-eabi/7.3.1/../../../../arm-none-eabi/lib/thumb/v7e-m/fpv5/hard\libc_nano.a(lib_a-malloc.o)
                              build/usbd_cdc.o (malloc)
c:/gcc/bin/../lib/gcc/arm-none-eabi/7.3.1/../../../../arm-none-eabi/lib/thumb/v7e-m/fpv5/hard\libc_nano.a(lib_a-memset.o)
                              c:/gcc/bin/../lib/gcc/arm-none-eabi/7.3.1/../../../../arm-none-eabi/lib/thumb/v7e-m/fpv5/hard/crt0.o (memset)
c:/gcc/bin/../lib/gcc/arm-none-eabi/7.3.1/../../../../arm-none-eabi/lib/thumb/v7e-m/fpv5/hard\libc_nano.a(lib_a-nano-freer.o)
                              c:/gcc/bin/../lib/gcc/arm-none-eabi/7.3.1/../../../../arm-none-eabi/lib/thumb/v7e-m/fpv5/hard\libc_nano.a(lib_a-malloc.o) (_free_r)
c:/gcc/bin/../lib/gcc/arm-none-eabi/7.3.1/../../../../arm-none-eabi/lib/thumb/v7e-m/fpv5/hard\libc_nano.a(lib_a-nano-mallocr.o)
                              c:/gcc/bin/../lib/gcc/arm-none-eabi/7.3.1/../../../../arm-none-eabi/lib/thumb/v7e-m/fpv5/hard\libc_nano.a(lib_a-malloc.o) (_malloc_r)
c:/gcc/bin/../lib/gcc/arm-none-eabi/7.3.1/../../../../arm-none-eabi/lib/thumb/v7e-m/fpv5/hard\libc_nano.a(lib_a-puts.o)
                              build/main.o (puts)
c:/gcc/bin/../lib/gcc/arm-none-eabi/7.3.1/../../../../arm-none-eabi/lib/thumb/v7e-m/fpv5/hard\libc_nano.a(lib_a-sbrkr.o)
                              c:/gcc/bin/../lib/gcc/arm-none-eabi/7.3.1/../../../../arm-none-eabi/lib/thumb/v7e-m/fpv5/hard\libc_nano.a(lib_a-nano-mallocr.o) (_sbrk_r)
c:/gcc/bin/../lib/gcc/arm-none-eabi/7.3.1/../../../../arm-none-eabi/lib/thumb/v7e-m/fpv5/hard\libc_nano.a(lib_a-strcmp.o)
                              build/main.o (strcmp)
c:/gcc/bin/../lib/gcc/arm-none-eabi/7.3.1/../../../../arm-none-eabi/lib/thumb/v7e-m/fpv5/hard\libc_nano.a(lib_a-strncpy.o)
                              build/usbd_cdc_if.o (strncpy)
c:/gcc/bin/../lib/gcc/arm-none-eabi/7.3.1/../../../../arm-none-eabi/lib/thumb/v7e-m/fpv5/hard\libc_nano.a(lib_a-wbuf.o)
                              c:/gcc/bin/../lib/gcc/arm-none-eabi/7.3.1/../../../../arm-none-eabi/lib/thumb/v7e-m/fpv5/hard\libc_nano.a(lib_a-puts.o) (__swbuf_r)
c:/gcc/bin/../lib/gcc/arm-none-eabi/7.3.1/../../../../arm-none-eabi/lib/thumb/v7e-m/fpv5/hard\libc_nano.a(lib_a-wsetup.o)
                              c:/gcc/bin/../lib/gcc/arm-none-eabi/7.3.1/../../../../arm-none-eabi/lib/thumb/v7e-m/fpv5/hard\libc_nano.a(lib_a-puts.o) (__swsetup_r)
c:/gcc/bin/../lib/gcc/arm-none-eabi/7.3.1/../../../../arm-none-eabi/lib/thumb/v7e-m/fpv5/hard\libc_nano.a(lib_a-fflush.o)
                              c:/gcc/bin/../lib/gcc/arm-none-eabi/7.3.1/../../../../arm-none-eabi/lib/thumb/v7e-m/fpv5/hard\libc_nano.a(lib_a-wbuf.o) (_fflush_r)
c:/gcc/bin/../lib/gcc/arm-none-eabi/7.3.1/../../../../arm-none-eabi/lib/thumb/v7e-m/fpv5/hard\libc_nano.a(lib_a-findfp.o)
                              c:/gcc/bin/../lib/gcc/arm-none-eabi/7.3.1/../../../../arm-none-eabi/lib/thumb/v7e-m/fpv5/hard\libc_nano.a(lib_a-puts.o) (__sinit)
c:/gcc/bin/../lib/gcc/arm-none-eabi/7.3.1/../../../../arm-none-eabi/lib/thumb/v7e-m/fpv5/hard\libc_nano.a(lib_a-fwalk.o)
                              c:/gcc/bin/../lib/gcc/arm-none-eabi/7.3.1/../../../../arm-none-eabi/lib/thumb/v7e-m/fpv5/hard\libc_nano.a(lib_a-findfp.o) (_fwalk)
c:/gcc/bin/../lib/gcc/arm-none-eabi/7.3.1/../../../../arm-none-eabi/lib/thumb/v7e-m/fpv5/hard\libc_nano.a(lib_a-makebuf.o)
                              c:/gcc/bin/../lib/gcc/arm-none-eabi/7.3.1/../../../../arm-none-eabi/lib/thumb/v7e-m/fpv5/hard\libc_nano.a(lib_a-wsetup.o) (__smakebuf_r)
c:/gcc/bin/../lib/gcc/arm-none-eabi/7.3.1/../../../../arm-none-eabi/lib/thumb/v7e-m/fpv5/hard\libc_nano.a(lib_a-mlock.o)
                              c:/gcc/bin/../lib/gcc/arm-none-eabi/7.3.1/../../../../arm-none-eabi/lib/thumb/v7e-m/fpv5/hard\libc_nano.a(lib_a-nano-freer.o) (__malloc_lock)
c:/gcc/bin/../lib/gcc/arm-none-eabi/7.3.1/../../../../arm-none-eabi/lib/thumb/v7e-m/fpv5/hard\libc_nano.a(lib_a-reent.o)
                              c:/gcc/bin/../lib/gcc/arm-none-eabi/7.3.1/../../../../arm-none-eabi/lib/thumb/v7e-m/fpv5/hard\libc_nano.a(lib_a-sbrkr.o) (errno)
[...]
Memory Configuration

Name             Origin             Length             Attributes
DTCMRAM          0x20000000         0x00020000         xrw
RAM_D1           0x24000000         0x00080000         xrw
RAM_D2           0x30000000         0x00048000         xrw
RAM_D3           0x38000000         0x00010000         xrw
ITCMRAM          0x00000000         0x00010000         xrw
FLASH            0x08000000         0x00200000         xr
*default*        0x00000000         0xffffffff

Linker script and memory map

LOAD c:/gcc/bin/../lib/gcc/arm-none-eabi/7.3.1/thumb/v7e-m/fpv5/hard/crti.o
LOAD c:/gcc/bin/../lib/gcc/arm-none-eabi/7.3.1/thumb/v7e-m/fpv5/hard/crtbegin.o
LOAD c:/gcc/bin/../lib/gcc/arm-none-eabi/7.3.1/../../../../arm-none-eabi/lib/thumb/v7e-m/fpv5/hard/crt0.o
LOAD build/main.o
LOAD build/gpio.o
LOAD build/eth.o
LOAD build/usart.o
LOAD build/usb_device.o
LOAD build/usbd_conf.o
LOAD build/usbd_desc.o
LOAD build/usbd_cdc_if.o
LOAD build/stm32h7xx_it.o
LOAD build/stm32h7xx_hal_msp.o
LOAD build/stm32h7xx_hal_pcd.o
LOAD build/stm32h7xx_hal_pcd_ex.o
LOAD build/stm32h7xx_ll_usb.o
LOAD build/stm32h7xx_hal_cortex.o
LOAD build/stm32h7xx_hal_eth.o
LOAD build/stm32h7xx_hal_tim.o
LOAD build/stm32h7xx_hal_tim_ex.o
LOAD build/stm32h7xx_hal_uart.o
LOAD build/stm32h7xx_hal_uart_ex.o
LOAD build/stm32h7xx_hal_rcc.o
LOAD build/stm32h7xx_hal_rcc_ex.o
LOAD build/stm32h7xx_hal_flash.o
LOAD build/stm32h7xx_hal_flash_ex.o
LOAD build/stm32h7xx_hal_gpio.o
LOAD build/stm32h7xx_hal_hsem.o
LOAD build/stm32h7xx_hal_dma.o
LOAD build/stm32h7xx_hal_dma_ex.o
LOAD build/stm32h7xx_hal_mdma.o
LOAD build/stm32h7xx_hal_pwr.o
LOAD build/stm32h7xx_hal_pwr_ex.o
LOAD build/stm32h7xx_hal.o
LOAD build/stm32h7xx_hal_i2c.o
LOAD build/stm32h7xx_hal_i2c_ex.o
LOAD build/system_stm32h7xx.o
LOAD build/usbd_core.o
LOAD build/usbd_ctlreq.o
LOAD build/usbd_ioreq.o
LOAD build/usbd_cdc.o
LOAD build/startup_stm32h743xx.o
LOAD c:/gcc/bin/../lib/gcc/arm-none-eabi/7.3.1/../../../../arm-none-eabi/lib/thumb/v7e-m/fpv5/hard\libc_nano.a
LOAD c:/gcc/bin/../lib/gcc/arm-none-eabi/7.3.1/../../../../arm-none-eabi/lib/thumb/v7e-m/fpv5/hard\libm.a
LOAD c:/gcc/bin/../lib/gcc/arm-none-eabi/7.3.1/../../../../arm-none-eabi/lib/thumb/v7e-m/fpv5/hard\libnosys.a
START GROUP
LOAD c:/gcc/bin/../lib/gcc/arm-none-eabi/7.3.1/thumb/v7e-m/fpv5/hard\libgcc.a
LOAD c:/gcc/bin/../lib/gcc/arm-none-eabi/7.3.1/../../../../arm-none-eabi/lib/thumb/v7e-m/fpv5/hard\libc_nano.a
END GROUP
START GROUP
LOAD c:/gcc/bin/../lib/gcc/arm-none-eabi/7.3.1/thumb/v7e-m/fpv5/hard\libgcc.a
LOAD c:/gcc/bin/../lib/gcc/arm-none-eabi/7.3.1/../../../../arm-none-eabi/lib/thumb/v7e-m/fpv5/hard\libc_nano.a
END GROUP
LOAD c:/gcc/bin/../lib/gcc/arm-none-eabi/7.3.1/thumb/v7e-m/fpv5/hard/crtend.o
LOAD c:/gcc/bin/../lib/gcc/arm-none-eabi/7.3.1/thumb/v7e-m/fpv5/hard/crtn.o
                0x20020000                _estack = 0x20020000
                0x00008000                _Min_Heap_Size = 0x8000
                0x00000400                _Min_Stack_Size = 0x400

.isr_vector     0x08000000      0x298
                0x08000000                . = ALIGN (0x4)
 *(.isr_vector)
 .isr_vector    0x08000000      0x298 build/startup_stm32h743xx.o
                0x08000000                g_pfnVectors
                0x08000298                . = ALIGN (0x4)

.text           0x08000298     0x55c0
                0x08000298                . = ALIGN (0x4)
 *(.text)
 .text          0x08000298       0x40 c:/gcc/bin/../lib/gcc/arm-none-eabi/7.3.1/thumb/v7e-m/fpv5/hard/crtbegin.o
 .text          0x080002d8       0x14 c:/gcc/bin/../lib/gcc/arm-none-eabi/7.3.1/../../../../arm-none-eabi/lib/thumb/v7e-m/fpv5/hard\libc_nano.a(lib_a-strcmp.o)
                0x080002d8                strcmp
 .text          0x080002ec       0x30 c:/gcc/bin/../lib/gcc/arm-none-eabi/7.3.1/thumb/v7e-m/fpv5/hard\libgcc.a(_aeabi_uldivmod.o)
                0x080002ec                __aeabi_uldivmod
 .text          0x0800031c      0x2cc c:/gcc/bin/../lib/gcc/arm-none-eabi/7.3.1/thumb/v7e-m/fpv5/hard\libgcc.a(_udivmoddi4.o)
                0x0800031c                __udivmoddi4
 .text          0x080005e8        0x4 c:/gcc/bin/../lib/gcc/arm-none-eabi/7.3.1/thumb/v7e-m/fpv5/hard\libgcc.a(_dvmd_tls.o)
                0x080005e8                __aeabi_idiv0
                0x080005e8                __aeabi_ldiv0
 *(.text*)
 .text.my_initGPIO
                0x080005ec      0x148 build/main.o
 .text.my_initTIM6
                0x08000734       0x48 build/main.o
 .text.zeroArray
                0x0800077c       0x18 build/main.o
 .text.my_initClocks
                0x08000794      0x154 build/main.o
 .text.writeFile
                0x080008e8       0x4c build/main.o
 .text.main     0x08000934      0x124 build/main.o
                0x08000934                main
 .text.TIM2_IRQHandler
                0x08000a58        0xa build/main.o
                0x08000a58                TIM2_IRQHandler
 *fill*         0x08000a62        0x2 
 .text.DMA1_Stream0_IRQHandler
                0x08000a64       0x38 build/main.o
                0x08000a64                DMA1_Stream0_IRQHandler
 .text.TIM6_DAC_IRQHandler
                0x08000a9c       0x4c build/main.o
                0x08000a9c                TIM6_DAC_IRQHandler
 .text.__io_putchar
                0x08000ae8       0x20 build/main.o
                0x08000ae8                __io_putchar
 .text._write   0x08000b08       0x1c build/main.o
                0x08000b08                _write
 .text._Error_Handler
                0x08000b24        0x2 build/main.o
                0x08000b24                _Error_Handler
 *fill*         0x08000b26        0x2 
 .text.MX_ETH_Init
                0x08000b28       0x84 build/eth.o
                0x08000b28                MX_ETH_Init
 .text.HAL_ETH_MspInit
                0x08000bac       0xd0 build/eth.o
                0x08000bac                HAL_ETH_MspInit
 .text.MX_USART3_UART_Init
                0x08000c7c       0x48 build/usart.o
                0x08000c7c                MX_USART3_UART_Init
 .text.HAL_UART_MspInit
                0x08000cc4       0x58 build/usart.o
                0x08000cc4                HAL_UART_MspInit
 .text.MX_USB_DEVICE_Init
                0x08000d1c       0x3c build/usb_device.o
                0x08000d1c                MX_USB_DEVICE_Init
 .text.HAL_PCD_MspInit
                0x08000d58       0x78 build/usbd_conf.o
                0x08000d58                HAL_PCD_MspInit
 .text.HAL_PCD_SetupStageCallback
                0x08000dd0       0x10 build/usbd_conf.o
                0x08000dd0                HAL_PCD_SetupStageCallback
 .text.HAL_PCD_DataOutStageCallback
                0x08000de0       0x18 build/usbd_conf.o
                0x08000de0                HAL_PCD_DataOutStageCallback
 .text.HAL_PCD_DataInStageCallback
                0x08000df8       0x16 build/usbd_conf.o
                0x08000df8                HAL_PCD_DataInStageCallback
 .text.HAL_PCD_SOFCallback
                0x08000e0e        0xc build/usbd_conf.o
                0x08000e0e                HAL_PCD_SOFCallback
 .text.HAL_PCD_ResetCallback
                0x08000e1a       0x20 build/usbd_conf.o
                0x08000e1a                HAL_PCD_ResetCallback
 *fill*         0x08000e3a        0x2 
 .text.HAL_PCD_SuspendCallback
                0x08000e3c       0x30 build/usbd_conf.o
                0x08000e3c                HAL_PCD_SuspendCallback
 .text.HAL_PCD_ResumeCallback
                0x08000e6c        0xc build/usbd_conf.o
                0x08000e6c                HAL_PCD_ResumeCallback
 .text.HAL_PCD_ISOOUTIncompleteCallback
                0x08000e78        0xc build/usbd_conf.o
                0x08000e78                HAL_PCD_ISOOUTIncompleteCallback
 .text.HAL_PCD_ISOINIncompleteCallback
                0x08000e84        0xc build/usbd_conf.o
                0x08000e84                HAL_PCD_ISOINIncompleteCallback
 .text.HAL_PCD_ConnectCallback
                0x08000e90        0xc build/usbd_conf.o
                0x08000e90                HAL_PCD_ConnectCallback
 .text.HAL_PCD_DisconnectCallback
                0x08000e9c        0xc build/usbd_conf.o
                0x08000e9c                HAL_PCD_DisconnectCallback
 .text.USBD_LL_Init
                0x08000ea8       0x78 build/usbd_conf.o
                0x08000ea8                USBD_LL_Init
 .text.USBD_LL_Start
                0x08000f20       0x1c build/usbd_conf.o
                0x08000f20                USBD_LL_Start
 .text.USBD_LL_OpenEP
                0x08000f3c       0x22 build/usbd_conf.o
                0x08000f3c                USBD_LL_OpenEP
 .text.USBD_LL_CloseEP
                0x08000f5e       0x1c build/usbd_conf.o
                0x08000f5e                USBD_LL_CloseEP
 .text.USBD_LL_StallEP
                0x08000f7a       0x1c build/usbd_conf.o
                0x08000f7a                USBD_LL_StallEP
 .text.USBD_LL_ClearStallEP
                0x08000f96       0x1c build/usbd_conf.o
                0x08000f96                USBD_LL_ClearStallEP
 .text.USBD_LL_IsStallEP
                0x08000fb2       0x2e build/usbd_conf.o
                0x08000fb2                USBD_LL_IsStallEP
 .text.USBD_LL_SetUSBAddress
                0x08000fe0       0x1c build/usbd_conf.o
                0x08000fe0                USBD_LL_SetUSBAddress
 .text.USBD_LL_Transmit
                0x08000ffc       0x1c build/usbd_conf.o
                0x08000ffc                USBD_LL_Transmit
 .text.USBD_LL_PrepareReceive
                0x08001018       0x1c build/usbd_conf.o
                0x08001018                USBD_LL_PrepareReceive
 .text.USBD_LL_GetRxDataSize
                0x08001034        0xc build/usbd_conf.o
                0x08001034                USBD_LL_GetRxDataSize
 .text.USBD_FS_DeviceDescriptor
                0x08001040        0xc build/usbd_desc.o
                0x08001040                USBD_FS_DeviceDescriptor
 .text.USBD_FS_LangIDStrDescriptor
                0x0800104c        0xc build/usbd_desc.o
                0x0800104c                USBD_FS_LangIDStrDescriptor
 .text.USBD_FS_ProductStrDescriptor
                0x08001058       0x24 build/usbd_desc.o
                0x08001058                USBD_FS_ProductStrDescriptor
 .text.USBD_FS_ManufacturerStrDescriptor
                0x0800107c       0x1c build/usbd_desc.o
                0x0800107c                USBD_FS_ManufacturerStrDescriptor
 .text.USBD_FS_SerialStrDescriptor
                0x08001098       0x24 build/usbd_desc.o
                0x08001098                USBD_FS_SerialStrDescriptor
 .text.USBD_FS_ConfigStrDescriptor
                0x080010bc       0x24 build/usbd_desc.o
                0x080010bc                USBD_FS_ConfigStrDescriptor
 .text.USBD_FS_InterfaceStrDescriptor
                0x080010e0       0x24 build/usbd_desc.o
                0x080010e0                USBD_FS_InterfaceStrDescriptor
 .text.CDC_DeInit_FS
                0x08001104        0x4 build/usbd_cdc_if.o
 .text.CDC_Control_FS
                0x08001108        0x4 build/usbd_cdc_if.o
 .text.CDC_Receive_FS
                0x0800110c       0x28 build/usbd_cdc_if.o
 .text.CDC_Init_FS
                0x08001134       0x28 build/usbd_cdc_if.o
 .text.CDC_Transmit_FS
                0x0800115c       0x2c build/usbd_cdc_if.o
                0x0800115c                CDC_Transmit_FS
 .text.SysTick_Handler
                0x08001188        0xc build/stm32h7xx_it.o
                0x08001188                SysTick_Handler
 .text.OTG_FS_IRQHandler
                0x08001194       0x10 build/stm32h7xx_it.o
                0x08001194                OTG_FS_IRQHandler
 .text.HAL_MspInit
                0x080011a4       0x84 build/stm32h7xx_hal_msp.o
                0x080011a4                HAL_MspInit
 .text.PCD_WriteEmptyTxFifo
                0x08001228       0xc0 build/stm32h7xx_hal_pcd.o
 .text.HAL_PCD_Init
                0x080012e8       0xfc build/stm32h7xx_hal_pcd.o
                0x080012e8                HAL_PCD_Init
 .text.HAL_PCD_Start
                0x080013e4       0x14 build/stm32h7xx_hal_pcd.o
                0x080013e4                HAL_PCD_Start
 .text.HAL_PCD_IRQHandler
                0x080013f8      0x658 build/stm32h7xx_hal_pcd.o
                0x080013f8                HAL_PCD_IRQHandler
 .text.HAL_PCD_SetAddress
                0x08001a50       0x24 build/stm32h7xx_hal_pcd.o
                0x08001a50                HAL_PCD_SetAddress
 .text.HAL_PCD_EP_Open
                0x08001a74       0x68 build/stm32h7xx_hal_pcd.o
                0x08001a74                HAL_PCD_EP_Open
 .text.HAL_PCD_EP_Close
                0x08001adc       0x56 build/stm32h7xx_hal_pcd.o
                0x08001adc                HAL_PCD_EP_Close
 .text.HAL_PCD_EP_Receive
                0x08001b32       0x5a build/stm32h7xx_hal_pcd.o
                0x08001b32                HAL_PCD_EP_Receive
 .text.HAL_PCD_EP_GetRxCount
                0x08001b8c       0x12 build/stm32h7xx_hal_pcd.o
                0x08001b8c                HAL_PCD_EP_GetRxCount
 .text.HAL_PCD_EP_Transmit
                0x08001b9e       0x52 build/stm32h7xx_hal_pcd.o
                0x08001b9e                HAL_PCD_EP_Transmit
 .text.HAL_PCD_EP_SetStall
                0x08001bf0       0x66 build/stm32h7xx_hal_pcd.o
                0x08001bf0                HAL_PCD_EP_SetStall
 .text.HAL_PCD_EP_ClrStall
                0x08001c56       0x56 build/stm32h7xx_hal_pcd.o
                0x08001c56                HAL_PCD_EP_ClrStall
 .text.HAL_PCDEx_SetTxFiFo
                0x08001cac       0x48 build/stm32h7xx_hal_pcd_ex.o
                0x08001cac                HAL_PCDEx_SetTxFiFo
 .text.HAL_PCDEx_SetRxFiFo
                0x08001cf4        0x8 build/stm32h7xx_hal_pcd_ex.o
                0x08001cf4                HAL_PCDEx_SetRxFiFo
 .text.HAL_PCDEx_ActivateLPM
                0x08001cfc       0x28 build/stm32h7xx_hal_pcd_ex.o
                0x08001cfc                HAL_PCDEx_ActivateLPM
 .text.HAL_PCDEx_ActivateBCD
                0x08001d24       0x1c build/stm32h7xx_hal_pcd_ex.o
                0x08001d24                HAL_PCDEx_ActivateBCD
 .text.HAL_PCDEx_LPM_Callback
                0x08001d40        0x2 build/stm32h7xx_hal_pcd_ex.o
                0x08001d40                HAL_PCDEx_LPM_Callback
 *fill*         0x08001d42        0x2 
 .text.USB_CoreInit
                0x08001d44       0x7c build/stm32h7xx_ll_usb.o
                0x08001d44                USB_CoreInit
 .text.USB_EnableGlobalInt
                0x08001dc0        0xc build/stm32h7xx_ll_usb.o
                0x08001dc0                USB_EnableGlobalInt
 .text.USB_DisableGlobalInt
                0x08001dcc        0xc build/stm32h7xx_ll_usb.o
                0x08001dcc                USB_DisableGlobalInt
 .text.USB_SetCurrentMode
                0x08001dd8       0x2c build/stm32h7xx_ll_usb.o
                0x08001dd8                USB_SetCurrentMode
 .text.USB_DevInit
                0x08001e04      0x15c build/stm32h7xx_ll_usb.o
                0x08001e04                USB_DevInit
 .text.USB_FlushTxFifo
                0x08001f60       0x28 build/stm32h7xx_ll_usb.o
                0x08001f60                USB_FlushTxFifo
 .text.USB_FlushRxFifo
                0x08001f88       0x24 build/stm32h7xx_ll_usb.o
                0x08001f88                USB_FlushRxFifo
 .text.USB_SetDevSpeed
                0x08001fac        0xe build/stm32h7xx_ll_usb.o
                0x08001fac                USB_SetDevSpeed
 .text.USB_GetDevSpeed
                0x08001fba       0x40 build/stm32h7xx_ll_usb.o
                0x08001fba                USB_GetDevSpeed
 *fill*         0x08001ffa        0x2 
 .text.USB_ActivateEndpoint
                0x08001ffc       0x90 build/stm32h7xx_ll_usb.o
                0x08001ffc                USB_ActivateEndpoint
 .text.USB_DeactivateEndpoint
                0x0800208c       0x7e build/stm32h7xx_ll_usb.o
                0x0800208c                USB_DeactivateEndpoint
 *fill*         0x0800210a        0x2 
 .text.USB_EPStartXfer
                0x0800210c      0x260 build/stm32h7xx_ll_usb.o
                0x0800210c                USB_EPStartXfer
 .text.USB_EP0StartXfer
                0x0800236c      0x15c build/stm32h7xx_ll_usb.o
                0x0800236c                USB_EP0StartXfer
 .text.USB_WritePacket
                0x080024c8       0x28 build/stm32h7xx_ll_usb.o
                0x080024c8                USB_WritePacket
 .text.USB_ReadPacket
                0x080024f0       0x28 build/stm32h7xx_ll_usb.o
                0x080024f0                USB_ReadPacket
 .text.USB_EPSetStall
                0x08002518       0x64 build/stm32h7xx_ll_usb.o
                0x08002518                USB_EPSetStall
 .text.USB_EPClearStall
                0x0800257c       0x6a build/stm32h7xx_ll_usb.o
                0x0800257c                USB_EPClearStall
 .text.USB_SetDevAddress
                0x080025e6       0x20 build/stm32h7xx_ll_usb.o
                0x080025e6                USB_SetDevAddress
 .text.USB_DevConnect
                0x08002606       0x18 build/stm32h7xx_ll_usb.o
                0x08002606                USB_DevConnect
 .text.USB_DevDisconnect
                0x0800261e       0x18 build/stm32h7xx_ll_usb.o
                0x0800261e                USB_DevDisconnect
 .text.USB_ReadInterrupts
                0x08002636        0x8 build/stm32h7xx_ll_usb.o
                0x08002636                USB_ReadInterrupts
 .text.USB_ReadDevAllOutEpInterrupt
                0x0800263e       0x10 build/stm32h7xx_ll_usb.o
                0x0800263e                USB_ReadDevAllOutEpInterrupt
 .text.USB_ReadDevAllInEpInterrupt
                0x0800264e       0x10 build/stm32h7xx_ll_usb.o
                0x0800264e                USB_ReadDevAllInEpInterrupt
 .text.USB_ReadDevOutEPInterrupt
                0x0800265e       0x12 build/stm32h7xx_ll_usb.o
                0x0800265e                USB_ReadDevOutEPInterrupt
 .text.USB_ReadDevInEPInterrupt
                0x08002670       0x24 build/stm32h7xx_ll_usb.o
                0x08002670                USB_ReadDevInEPInterrupt
 .text.USB_GetMode
                0x08002694        0x8 build/stm32h7xx_ll_usb.o
                0x08002694                USB_GetMode
 .text.USB_ActivateSetup
                0x0800269c       0x38 build/stm32h7xx_ll_usb.o
                0x0800269c                USB_ActivateSetup
 .text.USB_EP0_OutStart
                0x080026d4       0x46 build/stm32h7xx_ll_usb.o
                0x080026d4                USB_EP0_OutStart
 *fill*         0x0800271a        0x2 
 .text.USB_CoreReset
                0x0800271c       0x3c build/stm32h7xx_ll_usb.o
 .text.HAL_NVIC_SetPriorityGrouping
                0x08002758       0x24 build/stm32h7xx_hal_cortex.o
                0x08002758                HAL_NVIC_SetPriorityGrouping
 .text.HAL_NVIC_SetPriority
                0x0800277c       0x64 build/stm32h7xx_hal_cortex.o
                0x0800277c                HAL_NVIC_SetPriority
 .text.HAL_NVIC_EnableIRQ
                0x080027e0       0x1c build/stm32h7xx_hal_cortex.o
                0x080027e0                HAL_NVIC_EnableIRQ
 .text.HAL_SYSTICK_Config
                0x080027fc       0x2c build/stm32h7xx_hal_cortex.o
                0x080027fc                HAL_SYSTICK_Config
 .text.HAL_SYSTICK_Callback
                0x08002828        0x2 build/stm32h7xx_hal_cortex.o
                0x08002828                HAL_SYSTICK_Callback
 .text.HAL_SYSTICK_IRQHandler
                0x0800282a        0x8 build/stm32h7xx_hal_cortex.o
                0x0800282a                HAL_SYSTICK_IRQHandler
 *fill*         0x08002832        0x2 
 .text.ETH_SetMACConfig
                0x08002834      0x1b0 build/stm32h7xx_hal_eth.o
 .text.ETH_SetDMAConfig
                0x080029e4       0x98 build/stm32h7xx_hal_eth.o
 .text.ETH_MACDMAConfig
                0x08002a7c       0xdc build/stm32h7xx_hal_eth.o
 .text.ETH_DMATxDescListInit
                0x08002b58       0x64 build/stm32h7xx_hal_eth.o
 .text.ETH_DMARxDescListInit
                0x08002bbc       0x82 build/stm32h7xx_hal_eth.o
 *fill*         0x08002c3e        0x2 
 .text.ETH_MAC_MDIO_ClkConfig
                0x08002c40       0x78 build/stm32h7xx_hal_eth.o
 .text.HAL_ETH_Init
                0x08002cb8      0x13c build/stm32h7xx_hal_eth.o
                0x08002cb8                HAL_ETH_Init
 .text.UART_SetConfig
                0x08002df4      0x930 build/stm32h7xx_hal_uart.o
                0x08002df4                UART_SetConfig
 .text.UART_AdvFeatureConfig
                0x08003724       0xca build/stm32h7xx_hal_uart.o
                0x08003724                UART_AdvFeatureConfig
 .text.UART_WaitOnFlagUntilTimeout
                0x080037ee       0x62 build/stm32h7xx_hal_uart.o
                0x080037ee                UART_WaitOnFlagUntilTimeout
 .text.HAL_UART_Transmit
                0x08003850       0xd2 build/stm32h7xx_hal_uart.o
                0x08003850                HAL_UART_Transmit
 .text.UART_CheckIdleState
                0x08003922       0x70 build/stm32h7xx_hal_uart.o
                0x08003922                UART_CheckIdleState
 .text.HAL_UART_Init
                0x08003992       0x66 build/stm32h7xx_hal_uart.o
                0x08003992                HAL_UART_Init
 .text.HAL_RCC_GetSysClockFreq
                0x080039f8      0x1cc build/stm32h7xx_hal_rcc.o
                0x080039f8                HAL_RCC_GetSysClockFreq
 .text.HAL_RCC_GetHCLKFreq
                0x08003bc4       0x34 build/stm32h7xx_hal_rcc.o
                0x08003bc4                HAL_RCC_GetHCLKFreq
 .text.HAL_RCC_GetPCLK1Freq
                0x08003bf8       0x2c build/stm32h7xx_hal_rcc.o
                0x08003bf8                HAL_RCC_GetPCLK1Freq
 .text.HAL_RCC_GetPCLK2Freq
                0x08003c24       0x2c build/stm32h7xx_hal_rcc.o
                0x08003c24                HAL_RCC_GetPCLK2Freq
 .text.HAL_RCCEx_GetD3PCLK1Freq
                0x08003c50       0x2c build/stm32h7xx_hal_rcc_ex.o
                0x08003c50                HAL_RCCEx_GetD3PCLK1Freq
 .text.HAL_RCCEx_GetPLL2ClockFreq
                0x08003c7c      0x1cc build/stm32h7xx_hal_rcc_ex.o
                0x08003c7c                HAL_RCCEx_GetPLL2ClockFreq
 .text.HAL_RCCEx_GetPLL3ClockFreq
                0x08003e48      0x1cc build/stm32h7xx_hal_rcc_ex.o
                0x08003e48                HAL_RCCEx_GetPLL3ClockFreq
 .text.HAL_RCCEx_GetD1SysClockFreq
                0x08004014       0x34 build/stm32h7xx_hal_rcc_ex.o
                0x08004014                HAL_RCCEx_GetD1SysClockFreq
 .text.HAL_GPIO_Init
                0x08004048      0x1ec build/stm32h7xx_hal_gpio.o
                0x08004048                HAL_GPIO_Init
 .text.HAL_PWREx_EnableUSBVoltageDetector
                0x08004234       0x10 build/stm32h7xx_hal_pwr_ex.o
                0x08004234                HAL_PWREx_EnableUSBVoltageDetector
 .text.HAL_InitTick
                0x08004244       0x4c build/stm32h7xx_hal.o
                0x08004244                HAL_InitTick
 .text.HAL_Init
                0x08004290       0x1e build/stm32h7xx_hal.o
                0x08004290                HAL_Init
 *fill*         0x080042ae        0x2 
 .text.HAL_IncTick
                0x080042b0       0x18 build/stm32h7xx_hal.o
                0x080042b0                HAL_IncTick
 .text.HAL_GetTick
                0x080042c8        0xc build/stm32h7xx_hal.o
                0x080042c8                HAL_GetTick
 .text.HAL_Delay
                0x080042d4       0x28 build/stm32h7xx_hal.o
                0x080042d4                HAL_Delay
 .text.HAL_SYSCFG_ETHInterfaceSelect
                0x080042fc       0x14 build/stm32h7xx_hal.o
                0x080042fc                HAL_SYSCFG_ETHInterfaceSelect
 .text.SystemInit
                0x08004310       0x68 build/system_stm32h7xx.o
                0x08004310                SystemInit
 .text.USBD_Init
                0x08004378       0x2e build/usbd_core.o
                0x08004378                USBD_Init
 .text.USBD_RegisterClass
                0x080043a6        0xe build/usbd_core.o
                0x080043a6                USBD_RegisterClass
 .text.USBD_Start
                0x080043b4        0xa build/usbd_core.o
                0x080043b4                USBD_Start
 .text.USBD_SetClassConfig
                0x080043be       0x1a build/usbd_core.o
                0x080043be                USBD_SetClassConfig
 .text.USBD_ClrClassConfig
                0x080043d8        0xe build/usbd_core.o
                0x080043d8                USBD_ClrClassConfig
 .text.USBD_LL_SetupStage
                0x080043e6       0x5a build/usbd_core.o
                0x080043e6                USBD_LL_SetupStage
 .text.USBD_LL_DataOutStage
                0x08004440       0x6a build/usbd_core.o
                0x08004440                USBD_LL_DataOutStage
 .text.USBD_LL_DataInStage
                0x080044aa       0xb0 build/usbd_core.o
                0x080044aa                USBD_LL_DataInStage
 .text.USBD_LL_Reset
                0x0800455a       0x3e build/usbd_core.o
                0x0800455a                USBD_LL_Reset
 .text.USBD_LL_SetSpeed
                0x08004598        0x6 build/usbd_core.o
                0x08004598                USBD_LL_SetSpeed
 .text.USBD_LL_Suspend
                0x0800459e       0x12 build/usbd_core.o
                0x0800459e                USBD_LL_Suspend
 .text.USBD_LL_Resume
                0x080045b0        0xc build/usbd_core.o
                0x080045b0                USBD_LL_Resume
 .text.USBD_LL_SOF
                0x080045bc       0x1c build/usbd_core.o
                0x080045bc                USBD_LL_SOF
 .text.USBD_LL_IsoINIncomplete
                0x080045d8        0x4 build/usbd_core.o
                0x080045d8                USBD_LL_IsoINIncomplete
 .text.USBD_LL_IsoOUTIncomplete
                0x080045dc        0x4 build/usbd_core.o
                0x080045dc                USBD_LL_IsoOUTIncomplete
 .text.USBD_LL_DevConnected
                0x080045e0        0x4 build/usbd_core.o
                0x080045e0                USBD_LL_DevConnected
 .text.USBD_LL_DevDisconnected
                0x080045e4       0x16 build/usbd_core.o
                0x080045e4                USBD_LL_DevDisconnected
 .text.USBD_GetLen
                0x080045fa       0x14 build/usbd_ctlreq.o
 .text.USBD_SetFeature
                0x0800460e       0x20 build/usbd_ctlreq.o
 .text.USBD_ParseSetupRequest
                0x0800462e       0x28 build/usbd_ctlreq.o
                0x0800462e                USBD_ParseSetupRequest
 .text.USBD_CtlError
                0x08004656       0x14 build/usbd_ctlreq.o
                0x08004656                USBD_CtlError
 .text.USBD_GetDescriptor
                0x0800466a      0x132 build/usbd_ctlreq.o
 .text.USBD_SetAddress
                0x0800479c       0x4a build/usbd_ctlreq.o
 *fill*         0x080047e6        0x2 
 .text.USBD_SetConfig
                0x080047e8       0xa4 build/usbd_ctlreq.o
 .text.USBD_GetConfig
                0x0800488c       0x3a build/usbd_ctlreq.o
 .text.USBD_GetStatus
                0x080048c6       0x2c build/usbd_ctlreq.o
 .text.USBD_ClrFeature
                0x080048f2       0x30 build/usbd_ctlreq.o
 .text.USBD_StdDevReq
                0x08004922       0x48 build/usbd_ctlreq.o
                0x08004922                USBD_StdDevReq
 .text.USBD_StdItfReq
                0x0800496a       0x38 build/usbd_ctlreq.o
                0x0800496a                USBD_StdItfReq
 .text.USBD_StdEPReq
                0x080049a2      0x138 build/usbd_ctlreq.o
                0x080049a2                USBD_StdEPReq
 .text.USBD_GetString
                0x08004ada       0x3a build/usbd_ctlreq.o
                0x08004ada                USBD_GetString
 .text.USBD_CtlSendData
                0x08004b14       0x1a build/usbd_ioreq.o
                0x08004b14                USBD_CtlSendData
 .text.USBD_CtlContinueSendData
                0x08004b2e       0x10 build/usbd_ioreq.o
                0x08004b2e                USBD_CtlContinueSendData
 .text.USBD_CtlPrepareRx
                0x08004b3e       0x1e build/usbd_ioreq.o
                0x08004b3e                USBD_CtlPrepareRx
 .text.USBD_CtlContinueRx
                0x08004b5c       0x10 build/usbd_ioreq.o
                0x08004b5c                USBD_CtlContinueRx
 .text.USBD_CtlSendStatus
                0x08004b6c       0x16 build/usbd_ioreq.o
                0x08004b6c                USBD_CtlSendStatus
 .text.USBD_CtlReceiveStatus
                0x08004b82       0x16 build/usbd_ioreq.o
                0x08004b82                USBD_CtlReceiveStatus
 .text.USBD_CDC_DataIn
                0x08004b98       0x12 build/usbd_cdc.o
 .text.USBD_CDC_EP0_RxReady
                0x08004baa       0x28 build/usbd_cdc.o
 *fill*         0x08004bd2        0x2 
 .text.USBD_CDC_GetFSCfgDesc
                0x08004bd4        0xc build/usbd_cdc.o
 .text.USBD_CDC_GetHSCfgDesc
                0x08004be0        0xc build/usbd_cdc.o
 .text.USBD_CDC_GetOtherSpeedCfgDesc
                0x08004bec        0xc build/usbd_cdc.o
 .text.USBD_CDC_GetDeviceQualifierDescriptor
                0x08004bf8        0xc build/usbd_cdc.o
                0x08004bf8                USBD_CDC_GetDeviceQualifierDescriptor
 .text.USBD_CDC_DataOut
                0x08004c04       0x2e build/usbd_cdc.o
 *fill*         0x08004c32        0x2 
 .text.USBD_CDC_Setup
                0x08004c34       0x74 build/usbd_cdc.o
 .text.USBD_CDC_DeInit
                0x08004ca8       0x3a build/usbd_cdc.o
 .text.USBD_CDC_Init
                0x08004ce2       0x9c build/usbd_cdc.o
 .text.USBD_CDC_RegisterInterface
                0x08004d7e        0xe build/usbd_cdc.o
                0x08004d7e                USBD_CDC_RegisterInterface
 .text.USBD_CDC_SetTxBuffer
                0x08004d8c       0x10 build/usbd_cdc.o
                0x08004d8c                USBD_CDC_SetTxBuffer
 .text.USBD_CDC_SetRxBuffer
                0x08004d9c        0xc build/usbd_cdc.o
                0x08004d9c                USBD_CDC_SetRxBuffer
 .text.USBD_CDC_TransmitPacket
                0x08004da8       0x2e build/usbd_cdc.o
                0x08004da8                USBD_CDC_TransmitPacket
 .text.USBD_CDC_ReceivePacket
                0x08004dd6       0x34 build/usbd_cdc.o
                0x08004dd6                USBD_CDC_ReceivePacket
 *fill*         0x08004e0a        0x2 
 .text.Reset_Handler
                0x08004e0c       0x50 build/startup_stm32h743xx.o
                0x08004e0c                Reset_Handler
 .text.Default_Handler
                0x08004e5c        0x2 build/startup_stm32h743xx.o
                0x08004e5c                RTC_Alarm_IRQHandler
                0x08004e5c                EXTI2_IRQHandler
                0x08004e5c                TIM8_CC_IRQHandler
                0x08004e5c                HRTIM1_Master_IRQHandler
                0x08004e5c                DebugMon_Handler
                0x08004e5c                UART8_IRQHandler
                0x08004e5c                SPI4_IRQHandler
                0x08004e5c                TIM1_CC_IRQHandler
                0x08004e5c                BDMA_Channel6_IRQHandler
                0x08004e5c                DMA2_Stream5_IRQHandler
                0x08004e5c                HardFault_Handler
                0x08004e5c                HRTIM1_FLT_IRQHandler
                0x08004e5c                JPEG_IRQHandler
                0x08004e5c                DMA1_Stream5_IRQHandler
                0x08004e5c                BDMA_Channel1_IRQHandler
                0x08004e5c                HRTIM1_TIMD_IRQHandler
                0x08004e5c                TAMP_STAMP_IRQHandler
                0x08004e5c                PendSV_Handler
                0x08004e5c                NMI_Handler
                0x08004e5c                EXTI3_IRQHandler
                0x08004e5c                LPTIM4_IRQHandler
                0x08004e5c                TIM8_TRG_COM_TIM14_IRQHandler
                0x08004e5c                LPTIM2_IRQHandler
                0x08004e5c                DFSDM1_FLT1_IRQHandler
                0x08004e5c                DMAMUX2_OVR_IRQHandler
                0x08004e5c                TIM8_UP_TIM13_IRQHandler
                0x08004e5c                I2C3_ER_IRQHandler
                0x08004e5c                DFSDM1_FLT2_IRQHandler
                0x08004e5c                MDMA_IRQHandler
                0x08004e5c                LPTIM3_IRQHandler
                0x08004e5c                HSEM1_IRQHandler
                0x08004e5c                EXTI0_IRQHandler
                0x08004e5c                I2C2_EV_IRQHandler
                0x08004e5c                DMA1_Stream2_IRQHandler
                0x08004e5c                FPU_IRQHandler
                0x08004e5c                OTG_HS_WKUP_IRQHandler
                0x08004e5c                FDCAN1_IT1_IRQHandler
                0x08004e5c                UsageFault_Handler
                0x08004e5c                LTDC_ER_IRQHandler
                0x08004e5c                DMA2_Stream2_IRQHandler
                0x08004e5c                HRTIM1_TIME_IRQHandler
                0x08004e5c                SPI1_IRQHandler
                0x08004e5c                DCMI_IRQHandler
                0x08004e5c                HRTIM1_TIMC_IRQHandler
                0x08004e5c                DMA2_Stream3_IRQHandler
                0x08004e5c                SAI2_IRQHandler
                0x08004e5c                DFSDM1_FLT3_IRQHandler
                0x08004e5c                USART6_IRQHandler
                0x08004e5c                TIM17_IRQHandler
                0x08004e5c                USART3_IRQHandler
                0x08004e5c                BDMA_Channel7_IRQHandler
                0x08004e5c                LPTIM5_IRQHandler
                0x08004e5c                UART5_IRQHandler
                0x08004e5c                ADC3_IRQHandler
                0x08004e5c                DMA2_Stream0_IRQHandler
                0x08004e5c                TIM4_IRQHandler
                0x08004e5c                BDMA_Channel2_IRQHandler
                0x08004e5c                QUADSPI_IRQHandler
                0x08004e5c                I2C1_EV_IRQHandler
                0x08004e5c                DMA1_Stream6_IRQHandler
                0x08004e5c                DMAMUX1_OVR_IRQHandler
                0x08004e5c                DMA1_Stream1_IRQHandler
                0x08004e5c                TIM16_IRQHandler
                0x08004e5c                UART4_IRQHandler
                0x08004e5c                BDMA_Channel5_IRQHandler
                0x08004e5c                TIM3_IRQHandler
                0x08004e5c                RCC_IRQHandler
                0x08004e5c                TIM8_BRK_TIM12_IRQHandler
                0x08004e5c                TIM1_TRG_COM_IRQHandler
                0x08004e5c                Default_Handler
                0x08004e5c                CEC_IRQHandler
                0x08004e5c                EXTI15_10_IRQHandler
                0x08004e5c                BDMA_Channel0_IRQHandler
                0x08004e5c                ADC_IRQHandler
                0x08004e5c                DMA1_Stream7_IRQHandler
                0x08004e5c                HRTIM1_TIMA_IRQHandler
                0x08004e5c                SPI5_IRQHandler
                0x08004e5c                TIM7_IRQHandler
                0x08004e5c                SDMMC1_IRQHandler
                0x08004e5c                TIM5_IRQHandler
                0x08004e5c                DMA2_Stream7_IRQHandler
                0x08004e5c                TIM15_IRQHandler
                0x08004e5c                PVD_AVD_IRQHandler
                0x08004e5c                I2C3_EV_IRQHandler
                0x08004e5c                EXTI9_5_IRQHandler
                0x08004e5c                RTC_WKUP_IRQHandler
                0x08004e5c                LTDC_IRQHandler
                0x08004e5c                SAI3_IRQHandler
                0x08004e5c                ETH_WKUP_IRQHandler
                0x08004e5c                SPDIF_RX_IRQHandler
                0x08004e5c                SPI2_IRQHandler
                0x08004e5c                OTG_HS_EP1_IN_IRQHandler
                0x08004e5c                MemManage_Handler
                0x08004e5c                SVC_Handler
                0x08004e5c                CRS_IRQHandler
                0x08004e5c                EXTI4_IRQHandler
                0x08004e5c                RNG_IRQHandler
                0x08004e5c                HRTIM1_TIMB_IRQHandler
                0x08004e5c                FDCAN2_IT1_IRQHandler
                0x08004e5c                ETH_IRQHandler
                0x08004e5c                TIM1_UP_IRQHandler
                0x08004e5c                BDMA_Channel4_IRQHandler
                0x08004e5c                OTG_HS_EP1_OUT_IRQHandler
                0x08004e5c                WWDG_IRQHandler
                0x08004e5c                SPI6_IRQHandler
                0x08004e5c                MDIOS_IRQHandler
                0x08004e5c                I2C4_EV_IRQHandler
                0x08004e5c                FDCAN2_IT0_IRQHandler
                0x08004e5c                LPUART1_IRQHandler
                0x08004e5c                FDCAN1_IT0_IRQHandler
                0x08004e5c                OTG_FS_WKUP_IRQHandler
                0x08004e5c                OTG_HS_IRQHandler
                0x08004e5c                DMA2D_IRQHandler
                0x08004e5c                TIM1_BRK_IRQHandler
                0x08004e5c                EXTI1_IRQHandler
                0x08004e5c                SDMMC2_IRQHandler
                0x08004e5c                OTG_FS_EP1_OUT_IRQHandler
                0x08004e5c                BDMA_Channel3_IRQHandler
                0x08004e5c                UART7_IRQHandler
                0x08004e5c                MDIOS_WKUP_IRQHandler
                0x08004e5c                USART2_IRQHandler
                0x08004e5c                DFSDM1_FLT0_IRQHandler
                0x08004e5c                SAI4_IRQHandler
                0x08004e5c                I2C2_ER_IRQHandler
                0x08004e5c                DMA2_Stream1_IRQHandler
                0x08004e5c                FLASH_IRQHandler
                0x08004e5c                DMA2_Stream4_IRQHandler
                0x08004e5c                BusFault_Handler
                0x08004e5c                USART1_IRQHandler
                0x08004e5c                SPI3_IRQHandler
                0x08004e5c                WAKEUP_PIN_IRQHandler
                0x08004e5c                DMA1_Stream4_IRQHandler
                0x08004e5c                OTG_FS_EP1_IN_IRQHandler
                0x08004e5c                I2C1_ER_IRQHandler
                0x08004e5c                FMC_IRQHandler
                0x08004e5c                FDCAN_CAL_IRQHandler
                0x08004e5c                SWPMI1_IRQHandler
                0x08004e5c                COMP1_IRQHandler
                0x08004e5c                LPTIM1_IRQHandler
                0x08004e5c                I2C4_ER_IRQHandler
                0x08004e5c                DMA2_Stream6_IRQHandler
                0x08004e5c                SAI1_IRQHandler
                0x08004e5c                DMA1_Stream3_IRQHandler
 *fill*         0x08004e5e        0x2 
 .text.__libc_init_array
                0x08004e60       0x48 c:/gcc/bin/../lib/gcc/arm-none-eabi/7.3.1/../../../../arm-none-eabi/lib/thumb/v7e-m/fpv5/hard\libc_nano.a(lib_a-init.o)
                0x08004e60                __libc_init_array
 .text.malloc   0x08004ea8       0x10 c:/gcc/bin/../lib/gcc/arm-none-eabi/7.3.1/../../../../arm-none-eabi/lib/thumb/v7e-m/fpv5/hard\libc_nano.a(lib_a-malloc.o)
                0x08004ea8                malloc
 .text.free     0x08004eb8       0x10 c:/gcc/bin/../lib/gcc/arm-none-eabi/7.3.1/../../../../arm-none-eabi/lib/thumb/v7e-m/fpv5/hard\libc_nano.a(lib_a-malloc.o)
                0x08004eb8                free
 .text.memset   0x08004ec8       0x10 c:/gcc/bin/../lib/gcc/arm-none-eabi/7.3.1/../../../../arm-none-eabi/lib/thumb/v7e-m/fpv5/hard\libc_nano.a(lib_a-memset.o)
                0x08004ec8                memset
 .text._free_r  0x08004ed8       0x9c c:/gcc/bin/../lib/gcc/arm-none-eabi/7.3.1/../../../../arm-none-eabi/lib/thumb/v7e-m/fpv5/hard\libc_nano.a(lib_a-nano-freer.o)
                0x08004ed8                _free_r
 .text._malloc_r
                0x08004f74       0xb4 c:/gcc/bin/../lib/gcc/arm-none-eabi/7.3.1/../../../../arm-none-eabi/lib/thumb/v7e-m/fpv5/hard\libc_nano.a(lib_a-nano-mallocr.o)
                0x08004f74                _malloc_r
 .text._puts_r  0x08005028       0xb8 c:/gcc/bin/../lib/gcc/arm-none-eabi/7.3.1/../../../../arm-none-eabi/lib/thumb/v7e-m/fpv5/hard\libc_nano.a(lib_a-puts.o)
                0x08005028                _puts_r
 .text.puts     0x080050e0       0x10 c:/gcc/bin/../lib/gcc/arm-none-eabi/7.3.1/../../../../arm-none-eabi/lib/thumb/v7e-m/fpv5/hard\libc_nano.a(lib_a-puts.o)
                0x080050e0                puts
 .text._sbrk_r  0x080050f0       0x20 c:/gcc/bin/../lib/gcc/arm-none-eabi/7.3.1/../../../../arm-none-eabi/lib/thumb/v7e-m/fpv5/hard\libc_nano.a(lib_a-sbrkr.o)
                0x080050f0                _sbrk_r
 .text.strncpy  0x08005110       0x2a c:/gcc/bin/../lib/gcc/arm-none-eabi/7.3.1/../../../../arm-none-eabi/lib/thumb/v7e-m/fpv5/hard\libc_nano.a(lib_a-strncpy.o)
                0x08005110                strncpy
 *fill*         0x0800513a        0x2 
 .text.__swbuf_r
                0x0800513c       0xa4 c:/gcc/bin/../lib/gcc/arm-none-eabi/7.3.1/../../../../arm-none-eabi/lib/thumb/v7e-m/fpv5/hard\libc_nano.a(lib_a-wbuf.o)
                0x0800513c                __swbuf_r
 .text.__swsetup_r
                0x080051e0       0xdc c:/gcc/bin/../lib/gcc/arm-none-eabi/7.3.1/../../../../arm-none-eabi/lib/thumb/v7e-m/fpv5/hard\libc_nano.a(lib_a-wsetup.o)
                0x080051e0                __swsetup_r
 .text.__sflush_r
                0x080052bc      0x10c c:/gcc/bin/../lib/gcc/arm-none-eabi/7.3.1/../../../../arm-none-eabi/lib/thumb/v7e-m/fpv5/hard\libc_nano.a(lib_a-fflush.o)
                0x080052bc                __sflush_r
 .text._fflush_r
                0x080053c8       0x54 c:/gcc/bin/../lib/gcc/arm-none-eabi/7.3.1/../../../../arm-none-eabi/lib/thumb/v7e-m/fpv5/hard\libc_nano.a(lib_a-fflush.o)
                0x080053c8                _fflush_r
 .text.std      0x0800541c       0x48 c:/gcc/bin/../lib/gcc/arm-none-eabi/7.3.1/../../../../arm-none-eabi/lib/thumb/v7e-m/fpv5/hard\libc_nano.a(lib_a-findfp.o)
 .text._cleanup_r
                0x08005464        0xc c:/gcc/bin/../lib/gcc/arm-none-eabi/7.3.1/../../../../arm-none-eabi/lib/thumb/v7e-m/fpv5/hard\libc_nano.a(lib_a-findfp.o)
                0x08005464                _cleanup_r
 .text.__sfmoreglue
                0x08005470       0x2c c:/gcc/bin/../lib/gcc/arm-none-eabi/7.3.1/../../../../arm-none-eabi/lib/thumb/v7e-m/fpv5/hard\libc_nano.a(lib_a-findfp.o)
                0x08005470                __sfmoreglue
 .text.__sinit  0x0800549c       0x60 c:/gcc/bin/../lib/gcc/arm-none-eabi/7.3.1/../../../../arm-none-eabi/lib/thumb/v7e-m/fpv5/hard\libc_nano.a(lib_a-findfp.o)
                0x0800549c                __sinit
 .text.__sfp    0x080054fc       0x78 c:/gcc/bin/../lib/gcc/arm-none-eabi/7.3.1/../../../../arm-none-eabi/lib/thumb/v7e-m/fpv5/hard\libc_nano.a(lib_a-findfp.o)
                0x080054fc                __sfp
 .text._fwalk_reent
                0x08005574       0x3c c:/gcc/bin/../lib/gcc/arm-none-eabi/7.3.1/../../../../arm-none-eabi/lib/thumb/v7e-m/fpv5/hard\libc_nano.a(lib_a-fwalk.o)
                0x08005574                _fwalk_reent
 .text.__swhatbuf_r
                0x080055b0       0x48 c:/gcc/bin/../lib/gcc/arm-none-eabi/7.3.1/../../../../arm-none-eabi/lib/thumb/v7e-m/fpv5/hard\libc_nano.a(lib_a-makebuf.o)
                0x080055b0                __swhatbuf_r
 .text.__smakebuf_r
                0x080055f8       0x80 c:/gcc/bin/../lib/gcc/arm-none-eabi/7.3.1/../../../../arm-none-eabi/lib/thumb/v7e-m/fpv5/hard\libc_nano.a(lib_a-makebuf.o)
                0x080055f8                __smakebuf_r
 .text.__malloc_lock
                0x08005678        0x2 c:/gcc/bin/../lib/gcc/arm-none-eabi/7.3.1/../../../../arm-none-eabi/lib/thumb/v7e-m/fpv5/hard\libc_nano.a(lib_a-mlock.o)
                0x08005678                __malloc_lock
 .text.__malloc_unlock
                0x0800567a        0x2 c:/gcc/bin/../lib/gcc/arm-none-eabi/7.3.1/../../../../arm-none-eabi/lib/thumb/v7e-m/fpv5/hard\libc_nano.a(lib_a-mlock.o)
                0x0800567a                __malloc_unlock
 .text.__sread  0x0800567c       0x22 c:/gcc/bin/../lib/gcc/arm-none-eabi/7.3.1/../../../../arm-none-eabi/lib/thumb/v7e-m/fpv5/hard\libc_nano.a(lib_a-stdio.o)
                0x0800567c                __sread
 .text.__swrite
                0x0800569e       0x38 c:/gcc/bin/../lib/gcc/arm-none-eabi/7.3.1/../../../../arm-none-eabi/lib/thumb/v7e-m/fpv5/hard\libc_nano.a(lib_a-stdio.o)
                0x0800569e                __swrite
 .text.__sseek  0x080056d6       0x24 c:/gcc/bin/../lib/gcc/arm-none-eabi/7.3.1/../../../../arm-none-eabi/lib/thumb/v7e-m/fpv5/hard\libc_nano.a(lib_a-stdio.o)
                0x080056d6                __sseek
 .text.__sclose
                0x080056fa        0x8 c:/gcc/bin/../lib/gcc/arm-none-eabi/7.3.1/../../../../arm-none-eabi/lib/thumb/v7e-m/fpv5/hard\libc_nano.a(lib_a-stdio.o)
                0x080056fa                __sclose
 *fill*         0x08005702        0x2 
 .text._write_r
                0x08005704       0x24 c:/gcc/bin/../lib/gcc/arm-none-eabi/7.3.1/../../../../arm-none-eabi/lib/thumb/v7e-m/fpv5/hard\libc_nano.a(lib_a-writer.o)
                0x08005704                _write_r
 .text._close_r
                0x08005728       0x20 c:/gcc/bin/../lib/gcc/arm-none-eabi/7.3.1/../../../../arm-none-eabi/lib/thumb/v7e-m/fpv5/hard\libc_nano.a(lib_a-closer.o)
                0x08005728                _close_r
 .text._fstat_r
                0x08005748       0x24 c:/gcc/bin/../lib/gcc/arm-none-eabi/7.3.1/../../../../arm-none-eabi/lib/thumb/v7e-m/fpv5/hard\libc_nano.a(lib_a-fstatr.o)
                0x08005748                _fstat_r
 .text._isatty_r
                0x0800576c       0x20 c:/gcc/bin/../lib/gcc/arm-none-eabi/7.3.1/../../../../arm-none-eabi/lib/thumb/v7e-m/fpv5/hard\libc_nano.a(lib_a-isattyr.o)
                0x0800576c                _isatty_r
 .text._lseek_r
                0x0800578c       0x24 c:/gcc/bin/../lib/gcc/arm-none-eabi/7.3.1/../../../../arm-none-eabi/lib/thumb/v7e-m/fpv5/hard\libc_nano.a(lib_a-lseekr.o)
                0x0800578c                _lseek_r
 .text._read_r  0x080057b0       0x24 c:/gcc/bin/../lib/gcc/arm-none-eabi/7.3.1/../../../../arm-none-eabi/lib/thumb/v7e-m/fpv5/hard\libc_nano.a(lib_a-readr.o)
                0x080057b0                _read_r
 .text._close   0x080057d4       0x10 c:/gcc/bin/../lib/gcc/arm-none-eabi/7.3.1/../../../../arm-none-eabi/lib/thumb/v7e-m/fpv5/hard\libnosys.a(close.o)
                0x080057d4                _close
 .text._fstat   0x080057e4       0x10 c:/gcc/bin/../lib/gcc/arm-none-eabi/7.3.1/../../../../arm-none-eabi/lib/thumb/v7e-m/fpv5/hard\libnosys.a(fstat.o)
                0x080057e4                _fstat
 .text._isatty  0x080057f4       0x10 c:/gcc/bin/../lib/gcc/arm-none-eabi/7.3.1/../../../../arm-none-eabi/lib/thumb/v7e-m/fpv5/hard\libnosys.a(isatty.o)
                0x080057f4                _isatty
 .text._lseek   0x08005804       0x10 c:/gcc/bin/../lib/gcc/arm-none-eabi/7.3.1/../../../../arm-none-eabi/lib/thumb/v7e-m/fpv5/hard\libnosys.a(lseek.o)
                0x08005804                _lseek
 .text._read    0x08005814       0x10 c:/gcc/bin/../lib/gcc/arm-none-eabi/7.3.1/../../../../arm-none-eabi/lib/thumb/v7e-m/fpv5/hard\libnosys.a(read.o)
                0x08005814                _read
 .text._sbrk    0x08005824       0x1c c:/gcc/bin/../lib/gcc/arm-none-eabi/7.3.1/../../../../arm-none-eabi/lib/thumb/v7e-m/fpv5/hard\libnosys.a(sbrk.o)
                0x08005824                _sbrk
 *(.glue_7)
 .glue_7        0x08005840        0x0 linker stubs
 *(.glue_7t)
 .glue_7t       0x08005840        0x0 linker stubs
 *(.eh_frame)
 .eh_frame      0x08005840        0x0 c:/gcc/bin/../lib/gcc/arm-none-eabi/7.3.1/thumb/v7e-m/fpv5/hard/crtbegin.o
 *(.init)
 .init          0x08005840        0x4 c:/gcc/bin/../lib/gcc/arm-none-eabi/7.3.1/thumb/v7e-m/fpv5/hard/crti.o
                0x08005840                _init
 .init          0x08005844        0x8 c:/gcc/bin/../lib/gcc/arm-none-eabi/7.3.1/thumb/v7e-m/fpv5/hard/crtn.o
 *(.fini)
 .fini          0x0800584c        0x4 c:/gcc/bin/../lib/gcc/arm-none-eabi/7.3.1/thumb/v7e-m/fpv5/hard/crti.o
                0x0800584c                _fini
 .fini          0x08005850        0x8 c:/gcc/bin/../lib/gcc/arm-none-eabi/7.3.1/thumb/v7e-m/fpv5/hard/crtn.o
                0x08005858                . = ALIGN (0x4)
                0x08005858                _etext = .

.vfp11_veneer   0x08005858        0x0
 .vfp11_veneer  0x08005858        0x0 linker stubs

.v4_bx          0x08005858        0x0
 .v4_bx         0x08005858        0x0 linker stubs

.iplt           0x08005858        0x0
 .iplt          0x08005858        0x0 c:/gcc/bin/../lib/gcc/arm-none-eabi/7.3.1/thumb/v7e-m/fpv5/hard/crtbegin.o

.rodata         0x08005858      0x12c
                0x08005858                . = ALIGN (0x4)
 *(.rodata)
 *(.rodata*)
 .rodata.main.str1.4
                0x08005858       0x20 build/main.o
 .rodata.MX_ETH_Init.str1.4
                0x08005878        0xa build/eth.o
 *fill*         0x08005882        0x2 
 .rodata.MX_USART3_UART_Init.str1.4
                0x08005884        0xc build/usart.o
 .rodata.USBD_LL_Init.str1.4
                0x08005890       0x10 build/usbd_conf.o
 .rodata.USBD_FS_ConfigStrDescriptor.str1.4
                0x080058a0        0xb build/usbd_desc.o
 *fill*         0x080058ab        0x1 
 .rodata.USBD_FS_InterfaceStrDescriptor.str1.4
                0x080058ac        0xe build/usbd_desc.o
 *fill*         0x080058ba        0x2 
 .rodata.USBD_FS_ManufacturerStrDescriptor.str1.4
                0x080058bc       0x13 build/usbd_desc.o
 *fill*         0x080058cf        0x1 
 .rodata.USBD_FS_ProductStrDescriptor.str1.4
                0x080058d0       0x16 build/usbd_desc.o
 *fill*         0x080058e6        0x2 
 .rodata.USBD_FS_SerialStrDescriptor.str1.4
                0x080058e8       0x10 build/usbd_desc.o
                                  0xd (size before relaxing)
 .rodata.UARTPrescTable
                0x080058f8       0x18 build/stm32h7xx_hal_uart.o
 .rodata.D1CorePrescTable
                0x08005910       0x10 build/system_stm32h7xx.o
                0x08005910                D1CorePrescTable
 .rodata._global_impure_ptr
                0x08005920        0x4 c:/gcc/bin/../lib/gcc/arm-none-eabi/7.3.1/../../../../arm-none-eabi/lib/thumb/v7e-m/fpv5/hard\libc_nano.a(lib_a-impure.o)
                0x08005920                _global_impure_ptr
 .rodata.__sf_fake_stderr
                0x08005924       0x20 c:/gcc/bin/../lib/gcc/arm-none-eabi/7.3.1/../../../../arm-none-eabi/lib/thumb/v7e-m/fpv5/hard\libc_nano.a(lib_a-findfp.o)
                0x08005924                __sf_fake_stderr
 .rodata.__sf_fake_stdin
                0x08005944       0x20 c:/gcc/bin/../lib/gcc/arm-none-eabi/7.3.1/../../../../arm-none-eabi/lib/thumb/v7e-m/fpv5/hard\libc_nano.a(lib_a-findfp.o)
                0x08005944                __sf_fake_stdin
 .rodata.__sf_fake_stdout
                0x08005964       0x20 c:/gcc/bin/../lib/gcc/arm-none-eabi/7.3.1/../../../../arm-none-eabi/lib/thumb/v7e-m/fpv5/hard\libc_nano.a(lib_a-findfp.o)
                0x08005964                __sf_fake_stdout
                0x08005984                . = ALIGN (0x4)

.ARM.extab
 *(.ARM.extab* .gnu.linkonce.armextab.*)

.ARM            0x08005984        0x8
                0x08005984                __exidx_start = .
 *(.ARM.exidx*)
 .ARM.exidx     0x08005984        0x8 c:/gcc/bin/../lib/gcc/arm-none-eabi/7.3.1/thumb/v7e-m/fpv5/hard\libgcc.a(_udivmoddi4.o)
                0x0800598c                __exidx_end = .

.rel.dyn        0x0800598c        0x0
 .rel.iplt      0x0800598c        0x0 c:/gcc/bin/../lib/gcc/arm-none-eabi/7.3.1/thumb/v7e-m/fpv5/hard/crtbegin.o

.preinit_array  0x0800598c        0x0
                0x0800598c                PROVIDE (__preinit_array_start = .)
 *(.preinit_array*)
                0x0800598c                PROVIDE (__preinit_array_end = .)

.init_array     0x0800598c        0x4
                0x0800598c                PROVIDE (__init_array_start = .)
 *(SORT_BY_NAME(.init_array.*))
 *(.init_array*)
 .init_array    0x0800598c        0x4 c:/gcc/bin/../lib/gcc/arm-none-eabi/7.3.1/thumb/v7e-m/fpv5/hard/crtbegin.o
                0x08005990                PROVIDE (__init_array_end = .)

.fini_array     0x08005990        0x4
                [!provide]                PROVIDE (__fini_array_start = .)
 *(SORT_BY_NAME(.fini_array.*))
 *(.fini_array*)
 .fini_array    0x08005990        0x4 c:/gcc/bin/../lib/gcc/arm-none-eabi/7.3.1/thumb/v7e-m/fpv5/hard/crtbegin.o
                [!provide]                PROVIDE (__fini_array_end = .)
                0x08005994                _sidata = LOADADDR (.data)

.data           0x20000000      0x1e0 load address 0x08005994
                0x20000000                . = ALIGN (0x4)
                0x20000000                _sdata = .
 *(.data)
 *(.data*)
 .data.string   0x20000000       0x16 build/main.o
                0x20000000                string
 *fill*         0x20000016        0x2 
 .data.FS_Desc  0x20000018       0x1c build/usbd_desc.o
                0x20000018                FS_Desc
 .data.USBD_FS_DeviceDesc
                0x20000034       0x12 build/usbd_desc.o
                0x20000034                USBD_FS_DeviceDesc
 *fill*         0x20000046        0x2 
 .data.USBD_LangIDDesc
                0x20000048        0x4 build/usbd_desc.o
                0x20000048                USBD_LangIDDesc
 .data.USBD_Interface_fops_FS
                0x2000004c       0x10 build/usbd_cdc_if.o
                0x2000004c                USBD_Interface_fops_FS
 .data.uwTickFreq
                0x2000005c        0x1 build/stm32h7xx_hal.o
 *fill*         0x2000005d        0x3 
 .data.uwTickPrio
                0x20000060        0x4 build/stm32h7xx_hal.o
 .data.SystemCoreClock
                0x20000064        0x4 build/system_stm32h7xx.o
                0x20000064                SystemCoreClock
 .data.SystemD2Clock
                0x20000068        0x4 build/system_stm32h7xx.o
                0x20000068                SystemD2Clock
 .data.USBD_CDC
                0x2000006c       0x38 build/usbd_cdc.o
                0x2000006c                USBD_CDC
 .data.USBD_CDC_CfgFSDesc
                0x200000a4       0x43 build/usbd_cdc.o
                0x200000a4                USBD_CDC_CfgFSDesc
 *fill*         0x200000e7        0x1 
 .data.USBD_CDC_CfgHSDesc
                0x200000e8       0x43 build/usbd_cdc.o
                0x200000e8                USBD_CDC_CfgHSDesc
 *fill*         0x2000012b        0x1 
 .data.USBD_CDC_DeviceQualifierDesc
                0x2000012c        0xa build/usbd_cdc.o
 *fill*         0x20000136        0x2 
 .data.USBD_CDC_OtherSpeedCfgDesc
                0x20000138       0x43 build/usbd_cdc.o
                0x20000138                USBD_CDC_OtherSpeedCfgDesc
 *fill*         0x2000017b        0x1 
 .data._impure_ptr
                0x2000017c        0x4 c:/gcc/bin/../lib/gcc/arm-none-eabi/7.3.1/../../../../arm-none-eabi/lib/thumb/v7e-m/fpv5/hard\libc_nano.a(lib_a-impure.o)
                0x2000017c                _impure_ptr
 .data.impure_data
                0x20000180       0x60 c:/gcc/bin/../lib/gcc/arm-none-eabi/7.3.1/../../../../arm-none-eabi/lib/thumb/v7e-m/fpv5/hard\libc_nano.a(lib_a-impure.o)
                0x200001e0                . = ALIGN (0x4)
                0x200001e0                _edata = .

.igot.plt       0x200001e0        0x0 load address 0x08005b74
 .igot.plt      0x200001e0        0x0 c:/gcc/bin/../lib/gcc/arm-none-eabi/7.3.1/thumb/v7e-m/fpv5/hard/crtbegin.o

.RxDecripSection
                0x200001e0       0x60 load address 0x08005b74
 .RxDecripSection
                0x200001e0       0x60 build/eth.o
                0x200001e0                DMARxDscrTab

.TxDecripSection
                0x20000240       0x60 load address 0x08005bd4
 .TxDecripSection
                0x20000240       0x60 build/eth.o
                0x20000240                DMATxDscrTab
                0x200002a0                . = ALIGN (0x4)

.bss            0x200002a0     0x8998 load address 0x08005c34
                0x200002a0                _sbss = .
                0x200002a0                __bss_start__ = _sbss
 *(.bss)
 .bss           0x200002a0       0x1c c:/gcc/bin/../lib/gcc/arm-none-eabi/7.3.1/thumb/v7e-m/fpv5/hard/crtbegin.o
 *(.bss*)
 .bss.bufferIndex
                0x200002bc        0x4 build/main.o
                0x200002bc                bufferIndex
 .bss.bufferValue
                0x200002c0        0x4 build/main.o
                0x200002c0                bufferValue
 .bss.dmaFlag   0x200002c4        0x4 build/main.o
                0x200002c4                dmaFlag
 .bss.flipFlag  0x200002c8        0x4 build/main.o
                0x200002c8                flipFlag
 .bss.uwTick    0x200002cc        0x4 build/stm32h7xx_hal.o
 .bss.cfgidx.11877
                0x200002d0        0x1 build/usbd_ctlreq.o
 .bss.ifalt.11872
                0x200002d1        0x1 build/usbd_cdc.o
 *fill*         0x200002d2        0x2 
 .bss.__malloc_free_list
                0x200002d4        0x4 c:/gcc/bin/../lib/gcc/arm-none-eabi/7.3.1/../../../../arm-none-eabi/lib/thumb/v7e-m/fpv5/hard\libc_nano.a(lib_a-nano-mallocr.o)
                0x200002d4                __malloc_free_list
 .bss.__malloc_sbrk_start
                0x200002d8        0x4 c:/gcc/bin/../lib/gcc/arm-none-eabi/7.3.1/../../../../arm-none-eabi/lib/thumb/v7e-m/fpv5/hard\libc_nano.a(lib_a-nano-mallocr.o)
                0x200002d8                __malloc_sbrk_start
 .bss.heap_end.5377
                0x200002dc        0x4 c:/gcc/bin/../lib/gcc/arm-none-eabi/7.3.1/../../../../arm-none-eabi/lib/thumb/v7e-m/fpv5/hard\libnosys.a(sbrk.o)
 *(COMMON)
 COMMON         0x200002e0      0x268 build/main.o
                0x200002e0                debugBuffer
                0x20000320                hUsbDeviceFS
                0x20000544                usbDevice
 COMMON         0x20000548       0x9c build/eth.o
                0x20000548                heth
                0x200005b0                TxConfig
 COMMON         0x200005e4       0x80 build/usart.o
                0x200005e4                huart3
 COMMON         0x20000664      0x400 build/usbd_conf.o
                0x20000664                hpcd_USB_OTG_FS
 COMMON         0x20000a64      0x200 build/usbd_desc.o
                0x20000a64                USBD_StrDesc
 COMMON         0x20000c64     0x7fd0 build/usbd_cdc_if.o
                0x20000c64                UserRxBufferFS
                0x20004c4c                UserTxBufferFS
 COMMON         0x20008c34        0x4 c:/gcc/bin/../lib/gcc/arm-none-eabi/7.3.1/../../../../arm-none-eabi/lib/thumb/v7e-m/fpv5/hard\libc_nano.a(lib_a-reent.o)
                0x20008c34                errno
                0x20008c38                . = ALIGN (0x4)
                0x20008c38                _ebss = .
                0x20008c38                __bss_end__ = _ebss

._user_heap_stack
                0x20008c38     0x8400 load address 0x08005c34
                0x20008c38                . = ALIGN (0x8)
                0x20008c38                PROVIDE (end = .)
                [!provide]                PROVIDE (_end = .)
                0x20010c38                . = (. + _Min_Heap_Size)
 *fill*         0x20008c38     0x8000 
                0x20011038                . = (. + _Min_Stack_Size)
 *fill*         0x20010c38      0x400 
                0x20011038                . = ALIGN (0x8)

.orbita_buffer  0x24000000    0x3c000 load address 0x08005c34
                0x24000000                _sorbita = .
 *(.orbita_buffer)
 .orbita_buffer
                0x24000000    0x3c000 build/main.o
                0x24000000                buffer
                0x2403c000                _eorbita = .

/DISCARD/
 libc.a(*)
 libm.a(*)
 libgcc.a(*)

.ARM.attributes
                0x00000000       0x2e
 *(.ARM.attributes)
 .ARM.attributes
                0x00000000       0x20 c:/gcc/bin/../lib/gcc/arm-none-eabi/7.3.1/thumb/v7e-m/fpv5/hard/crti.o
 .ARM.attributes
                0x00000020       0x32 c:/gcc/bin/../lib/gcc/arm-none-eabi/7.3.1/thumb/v7e-m/fpv5/hard/crtbegin.o
 .ARM.attributes
                0x00000052       0x37 build/main.o
 .ARM.attributes
                0x00000089       0x37 build/eth.o
 .ARM.attributes
                0x000000c0       0x37 build/usart.o
 .ARM.attributes
                0x000000f7       0x37 build/usb_device.o
 .ARM.attributes
                0x0000012e       0x37 build/usbd_conf.o
 .ARM.attributes
                0x00000165       0x37 build/usbd_desc.o
 .ARM.attributes
                0x0000019c       0x37 build/usbd_cdc_if.o
 .ARM.attributes
                0x000001d3       0x37 build/stm32h7xx_it.o
 .ARM.attributes
                0x0000020a       0x37 build/stm32h7xx_hal_msp.o
 .ARM.attributes
                0x00000241       0x37 build/stm32h7xx_hal_pcd.o
 .ARM.attributes
                0x00000278       0x37 build/stm32h7xx_hal_pcd_ex.o
 .ARM.attributes
                0x000002af       0x37 build/stm32h7xx_ll_usb.o
 .ARM.attributes
                0x000002e6       0x37 build/stm32h7xx_hal_cortex.o
 .ARM.attributes
                0x0000031d       0x37 build/stm32h7xx_hal_eth.o
 .ARM.attributes
                0x00000354       0x37 build/stm32h7xx_hal_uart.o
 .ARM.attributes
                0x0000038b       0x37 build/stm32h7xx_hal_rcc.o
 .ARM.attributes
                0x000003c2       0x37 build/stm32h7xx_hal_rcc_ex.o
 .ARM.attributes
                0x000003f9       0x37 build/stm32h7xx_hal_gpio.o
 .ARM.attributes
                0x00000430       0x37 build/stm32h7xx_hal_pwr_ex.o
 .ARM.attributes
                0x00000467       0x37 build/stm32h7xx_hal.o
 .ARM.attributes
                0x0000049e       0x37 build/system_stm32h7xx.o
 .ARM.attributes
                0x000004d5       0x37 build/usbd_core.o
 .ARM.attributes
                0x0000050c       0x37 build/usbd_ctlreq.o
 .ARM.attributes
                0x00000543       0x37 build/usbd_ioreq.o
 .ARM.attributes
                0x0000057a       0x37 build/usbd_cdc.o
 .ARM.attributes
                0x000005b1       0x21 build/startup_stm32h743xx.o
 .ARM.attributes
                0x000005d2       0x32 c:/gcc/bin/../lib/gcc/arm-none-eabi/7.3.1/../../../../arm-none-eabi/lib/thumb/v7e-m/fpv5/hard\libc_nano.a(lib_a-impure.o)
 .ARM.attributes
                0x00000604       0x32 c:/gcc/bin/../lib/gcc/arm-none-eabi/7.3.1/../../../../arm-none-eabi/lib/thumb/v7e-m/fpv5/hard\libc_nano.a(lib_a-init.o)
 .ARM.attributes
                0x00000636       0x32 c:/gcc/bin/../lib/gcc/arm-none-eabi/7.3.1/../../../../arm-none-eabi/lib/thumb/v7e-m/fpv5/hard\libc_nano.a(lib_a-malloc.o)
 .ARM.attributes
                0x00000668       0x32 c:/gcc/bin/../lib/gcc/arm-none-eabi/7.3.1/../../../../arm-none-eabi/lib/thumb/v7e-m/fpv5/hard\libc_nano.a(lib_a-memset.o)
 .ARM.attributes
                0x0000069a       0x32 c:/gcc/bin/../lib/gcc/arm-none-eabi/7.3.1/../../../../arm-none-eabi/lib/thumb/v7e-m/fpv5/hard\libc_nano.a(lib_a-nano-freer.o)
 .ARM.attributes
                0x000006cc       0x32 c:/gcc/bin/../lib/gcc/arm-none-eabi/7.3.1/../../../../arm-none-eabi/lib/thumb/v7e-m/fpv5/hard\libc_nano.a(lib_a-nano-mallocr.o)
 .ARM.attributes
                0x000006fe       0x32 c:/gcc/bin/../lib/gcc/arm-none-eabi/7.3.1/../../../../arm-none-eabi/lib/thumb/v7e-m/fpv5/hard\libc_nano.a(lib_a-puts.o)
 .ARM.attributes
                0x00000730       0x32 c:/gcc/bin/../lib/gcc/arm-none-eabi/7.3.1/../../../../arm-none-eabi/lib/thumb/v7e-m/fpv5/hard\libc_nano.a(lib_a-sbrkr.o)
 .ARM.attributes
                0x00000762       0x1e c:/gcc/bin/../lib/gcc/arm-none-eabi/7.3.1/../../../../arm-none-eabi/lib/thumb/v7e-m/fpv5/hard\libc_nano.a(lib_a-strcmp.o)
 .ARM.attributes
                0x00000780       0x32 c:/gcc/bin/../lib/gcc/arm-none-eabi/7.3.1/../../../../arm-none-eabi/lib/thumb/v7e-m/fpv5/hard\libc_nano.a(lib_a-strncpy.o)
 .ARM.attributes
                0x000007b2       0x32 c:/gcc/bin/../lib/gcc/arm-none-eabi/7.3.1/../../../../arm-none-eabi/lib/thumb/v7e-m/fpv5/hard\libc_nano.a(lib_a-wbuf.o)
 .ARM.attributes
                0x000007e4       0x32 c:/gcc/bin/../lib/gcc/arm-none-eabi/7.3.1/../../../../arm-none-eabi/lib/thumb/v7e-m/fpv5/hard\libc_nano.a(lib_a-wsetup.o)
 .ARM.attributes
                0x00000816       0x32 c:/gcc/bin/../lib/gcc/arm-none-eabi/7.3.1/../../../../arm-none-eabi/lib/thumb/v7e-m/fpv5/hard\libc_nano.a(lib_a-fflush.o)
 .ARM.attributes
                0x00000848       0x32 c:/gcc/bin/../lib/gcc/arm-none-eabi/7.3.1/../../../../arm-none-eabi/lib/thumb/v7e-m/fpv5/hard\libc_nano.a(lib_a-findfp.o)
 .ARM.attributes
                0x0000087a       0x32 c:/gcc/bin/../lib/gcc/arm-none-eabi/7.3.1/../../../../arm-none-eabi/lib/thumb/v7e-m/fpv5/hard\libc_nano.a(lib_a-fwalk.o)
 .ARM.attributes
                0x000008ac       0x32 c:/gcc/bin/../lib/gcc/arm-none-eabi/7.3.1/../../../../arm-none-eabi/lib/thumb/v7e-m/fpv5/hard\libc_nano.a(lib_a-makebuf.o)
 .ARM.attributes
                0x000008de       0x32 c:/gcc/bin/../lib/gcc/arm-none-eabi/7.3.1/../../../../arm-none-eabi/lib/thumb/v7e-m/fpv5/hard\libc_nano.a(lib_a-mlock.o)
 .ARM.attributes
                0x00000910       0x32 c:/gcc/bin/../lib/gcc/arm-none-eabi/7.3.1/../../../../arm-none-eabi/lib/thumb/v7e-m/fpv5/hard\libc_nano.a(lib_a-reent.o)
 .ARM.attributes
                0x00000942       0x32 c:/gcc/bin/../lib/gcc/arm-none-eabi/7.3.1/../../../../arm-none-eabi/lib/thumb/v7e-m/fpv5/hard\libc_nano.a(lib_a-stdio.o)
 .ARM.attributes
                0x00000974       0x32 c:/gcc/bin/../lib/gcc/arm-none-eabi/7.3.1/../../../../arm-none-eabi/lib/thumb/v7e-m/fpv5/hard\libc_nano.a(lib_a-writer.o)
 .ARM.attributes
                0x000009a6       0x32 c:/gcc/bin/../lib/gcc/arm-none-eabi/7.3.1/../../../../arm-none-eabi/lib/thumb/v7e-m/fpv5/hard\libc_nano.a(lib_a-closer.o)
 .ARM.attributes
                0x000009d8       0x32 c:/gcc/bin/../lib/gcc/arm-none-eabi/7.3.1/../../../../arm-none-eabi/lib/thumb/v7e-m/fpv5/hard\libc_nano.a(lib_a-fstatr.o)
 .ARM.attributes
                0x00000a0a       0x32 c:/gcc/bin/../lib/gcc/arm-none-eabi/7.3.1/../../../../arm-none-eabi/lib/thumb/v7e-m/fpv5/hard\libc_nano.a(lib_a-isattyr.o)
 .ARM.attributes
                0x00000a3c       0x32 c:/gcc/bin/../lib/gcc/arm-none-eabi/7.3.1/../../../../arm-none-eabi/lib/thumb/v7e-m/fpv5/hard\libc_nano.a(lib_a-lseekr.o)
 .ARM.attributes
                0x00000a6e       0x32 c:/gcc/bin/../lib/gcc/arm-none-eabi/7.3.1/../../../../arm-none-eabi/lib/thumb/v7e-m/fpv5/hard\libc_nano.a(lib_a-readr.o)
 .ARM.attributes
                0x00000aa0       0x32 c:/gcc/bin/../lib/gcc/arm-none-eabi/7.3.1/../../../../arm-none-eabi/lib/thumb/v7e-m/fpv5/hard\libnosys.a(close.o)
 .ARM.attributes
                0x00000ad2       0x32 c:/gcc/bin/../lib/gcc/arm-none-eabi/7.3.1/../../../../arm-none-eabi/lib/thumb/v7e-m/fpv5/hard\libnosys.a(fstat.o)
 .ARM.attributes
                0x00000b04       0x32 c:/gcc/bin/../lib/gcc/arm-none-eabi/7.3.1/../../../../arm-none-eabi/lib/thumb/v7e-m/fpv5/hard\libnosys.a(isatty.o)
 .ARM.attributes
                0x00000b36       0x32 c:/gcc/bin/../lib/gcc/arm-none-eabi/7.3.1/../../../../arm-none-eabi/lib/thumb/v7e-m/fpv5/hard\libnosys.a(lseek.o)
 .ARM.attributes
                0x00000b68       0x32 c:/gcc/bin/../lib/gcc/arm-none-eabi/7.3.1/../../../../arm-none-eabi/lib/thumb/v7e-m/fpv5/hard\libnosys.a(read.o)
 .ARM.attributes
                0x00000b9a       0x32 c:/gcc/bin/../lib/gcc/arm-none-eabi/7.3.1/../../../../arm-none-eabi/lib/thumb/v7e-m/fpv5/hard\libnosys.a(sbrk.o)
 .ARM.attributes
                0x00000bcc       0x20 c:/gcc/bin/../lib/gcc/arm-none-eabi/7.3.1/thumb/v7e-m/fpv5/hard\libgcc.a(_aeabi_uldivmod.o)
 .ARM.attributes
                0x00000bec       0x32 c:/gcc/bin/../lib/gcc/arm-none-eabi/7.3.1/thumb/v7e-m/fpv5/hard\libgcc.a(_udivmoddi4.o)
 .ARM.attributes
                0x00000c1e       0x20 c:/gcc/bin/../lib/gcc/arm-none-eabi/7.3.1/thumb/v7e-m/fpv5/hard\libgcc.a(_dvmd_tls.o)
 .ARM.attributes
                0x00000c3e       0x20 c:/gcc/bin/../lib/gcc/arm-none-eabi/7.3.1/thumb/v7e-m/fpv5/hard/crtn.o
OUTPUT(build/hal_new_test.elf elf32-littlearm)

.debug_info     0x00000000    0x2d202
 .debug_info    0x00000000     0x43b8 build/main.o
 .debug_info    0x000043b8     0x2258 build/eth.o
 .debug_info    0x00006610     0x1819 build/usart.o
 .debug_info    0x00007e29     0x104f build/usb_device.o
 .debug_info    0x00008e78     0x2c96 build/usbd_conf.o
 .debug_info    0x0000bb0e      0xeaa build/usbd_desc.o
 .debug_info    0x0000c9b8     0x1298 build/usbd_cdc_if.o
 .debug_info    0x0000dc50      0xffe build/stm32h7xx_it.o
 .debug_info    0x0000ec4e     0x1343 build/stm32h7xx_hal_msp.o
 .debug_info    0x0000ff91     0x20d8 build/stm32h7xx_hal_pcd.o
 .debug_info    0x00012069     0x14c3 build/stm32h7xx_hal_pcd_ex.o
 .debug_info    0x0001352c     0x221f build/stm32h7xx_ll_usb.o
 .debug_info    0x0001574b     0x1ccc build/stm32h7xx_hal_cortex.o
 .debug_info    0x00017417     0x3577 build/stm32h7xx_hal_eth.o
 .debug_info    0x0001a98e     0x2ab1 build/stm32h7xx_hal_uart.o
 .debug_info    0x0001d43f     0x1d9b build/stm32h7xx_hal_rcc.o
 .debug_info    0x0001f1da     0x2438 build/stm32h7xx_hal_rcc_ex.o
 .debug_info    0x00021612     0x16e7 build/stm32h7xx_hal_gpio.o
 .debug_info    0x00022cf9     0x194c build/stm32h7xx_hal_pwr_ex.o
 .debug_info    0x00024645     0x2043 build/stm32h7xx_hal.o
 .debug_info    0x00026688     0x138d build/system_stm32h7xx.o
 .debug_info    0x00027a15     0x16a4 build/usbd_core.o
 .debug_info    0x000290b9     0x1835 build/usbd_ctlreq.o
 .debug_info    0x0002a8ee     0x117c build/usbd_ioreq.o
 .debug_info    0x0002ba6a     0x1776 build/usbd_cdc.o
 .debug_info    0x0002d1e0       0x22 build/startup_stm32h743xx.o

.debug_abbrev   0x00000000     0x4b64
 .debug_abbrev  0x00000000      0x49f build/main.o
 .debug_abbrev  0x0000049f      0x2ac build/eth.o
 .debug_abbrev  0x0000074b      0x257 build/usart.o
 .debug_abbrev  0x000009a2      0x21d build/usb_device.o
 .debug_abbrev  0x00000bbf      0x2fb build/usbd_conf.o
 .debug_abbrev  0x00000eba      0x268 build/usbd_desc.o
 .debug_abbrev  0x00001122      0x2df build/usbd_cdc_if.o
 .debug_abbrev  0x00001401      0x215 build/stm32h7xx_it.o
 .debug_abbrev  0x00001616      0x232 build/stm32h7xx_hal_msp.o
 .debug_abbrev  0x00001848      0x371 build/stm32h7xx_hal_pcd.o
 .debug_abbrev  0x00001bb9      0x31c build/stm32h7xx_hal_pcd_ex.o
 .debug_abbrev  0x00001ed5      0x33c build/stm32h7xx_ll_usb.o
 .debug_abbrev  0x00002211      0x403 build/stm32h7xx_hal_cortex.o
 .debug_abbrev  0x00002614      0x357 build/stm32h7xx_hal_eth.o
 .debug_abbrev  0x0000296b      0x36e build/stm32h7xx_hal_uart.o
 .debug_abbrev  0x00002cd9      0x348 build/stm32h7xx_hal_rcc.o
 .debug_abbrev  0x00003021      0x385 build/stm32h7xx_hal_rcc_ex.o
 .debug_abbrev  0x000033a6      0x2e9 build/stm32h7xx_hal_gpio.o
 .debug_abbrev  0x0000368f      0x3b3 build/stm32h7xx_hal_pwr_ex.o
 .debug_abbrev  0x00003a42      0x368 build/stm32h7xx_hal.o
 .debug_abbrev  0x00003daa      0x255 build/system_stm32h7xx.o
 .debug_abbrev  0x00003fff      0x2d5 build/usbd_core.o
 .debug_abbrev  0x000042d4      0x334 build/usbd_ctlreq.o
 .debug_abbrev  0x00004608      0x206 build/usbd_ioreq.o
 .debug_abbrev  0x0000480e      0x344 build/usbd_cdc.o
 .debug_abbrev  0x00004b52       0x12 build/startup_stm32h743xx.o

.debug_loc      0x00000000     0xdb6b
 .debug_loc     0x00000000      0x39b build/main.o
 .debug_loc     0x0000039b       0xf7 build/eth.o
 .debug_loc     0x00000492       0xd3 build/usart.o
 .debug_loc     0x00000565       0x20 build/usb_device.o
 .debug_loc     0x00000585      0xf5f build/usbd_conf.o
 .debug_loc     0x000014e4      0x357 build/usbd_desc.o
 .debug_loc     0x0000183b      0x17e build/usbd_cdc_if.o
 .debug_loc     0x000019b9       0x40 build/stm32h7xx_it.o
 .debug_loc     0x000019f9       0x38 build/stm32h7xx_hal_msp.o
 .debug_loc     0x00001a31     0x10dd build/stm32h7xx_hal_pcd.o
 .debug_loc     0x00002b0e      0x1d9 build/stm32h7xx_hal_pcd_ex.o
 .debug_loc     0x00002ce7     0x19e0 build/stm32h7xx_ll_usb.o
 .debug_loc     0x000046c7      0x63c build/stm32h7xx_hal_cortex.o
 .debug_loc     0x00004d03     0x1eba build/stm32h7xx_hal_eth.o
 .debug_loc     0x00006bbd     0x1dcc build/stm32h7xx_hal_uart.o
 .debug_loc     0x00008989      0x859 build/stm32h7xx_hal_rcc.o
 .debug_loc     0x000091e2     0x197c build/stm32h7xx_hal_rcc_ex.o
 .debug_loc     0x0000ab5e      0x506 build/stm32h7xx_hal_gpio.o
 .debug_loc     0x0000b064      0x44b build/stm32h7xx_hal_pwr_ex.o
 .debug_loc     0x0000b4af      0x5e8 build/stm32h7xx_hal.o
 .debug_loc     0x0000ba97      0x283 build/system_stm32h7xx.o
 .debug_loc     0x0000bd1a      0x884 build/usbd_core.o
 .debug_loc     0x0000c59e      0xd15 build/usbd_ctlreq.o
 .debug_loc     0x0000d2b3      0x31c build/usbd_ioreq.o
 .debug_loc     0x0000d5cf      0x59c build/usbd_cdc.o

.debug_aranges  0x00000000     0x1128
 .debug_aranges
                0x00000000       0x78 build/main.o
 .debug_aranges
                0x00000078       0x30 build/eth.o
 .debug_aranges
                0x000000a8       0x30 build/usart.o
 .debug_aranges
                0x000000d8       0x20 build/usb_device.o
 .debug_aranges
                0x000000f8       0xf8 build/usbd_conf.o
 .debug_aranges
                0x000001f0       0x50 build/usbd_desc.o
 .debug_aranges
                0x00000240       0x40 build/usbd_cdc_if.o
 .debug_aranges
                0x00000280       0x28 build/stm32h7xx_it.o
 .debug_aranges
                0x000002a8       0x20 build/stm32h7xx_hal_msp.o
 .debug_aranges
                0x000002c8      0x120 build/stm32h7xx_hal_pcd.o
 .debug_aranges
                0x000003e8       0x60 build/stm32h7xx_hal_pcd_ex.o
 .debug_aranges
                0x00000448      0x180 build/stm32h7xx_ll_usb.o
 .debug_aranges
                0x000005c8       0xb0 build/stm32h7xx_hal_cortex.o
 .debug_aranges
                0x00000678      0x1b0 build/stm32h7xx_hal_eth.o
 .debug_aranges
                0x00000828      0x1e8 build/stm32h7xx_hal_uart.o
 .debug_aranges
                0x00000a10       0x80 build/stm32h7xx_hal_rcc.o
 .debug_aranges
                0x00000a90       0xe0 build/stm32h7xx_hal_rcc_ex.o
 .debug_aranges
                0x00000b70       0x58 build/stm32h7xx_hal_gpio.o
 .debug_aranges
                0x00000bc8      0x150 build/stm32h7xx_hal_pwr_ex.o
 .debug_aranges
                0x00000d18      0x1a0 build/stm32h7xx_hal.o
 .debug_aranges
                0x00000eb8       0x28 build/system_stm32h7xx.o
 .debug_aranges
                0x00000ee0       0xb8 build/usbd_core.o
 .debug_aranges
                0x00000f98       0x88 build/usbd_ctlreq.o
 .debug_aranges
                0x00001020       0x50 build/usbd_ioreq.o
 .debug_aranges
                0x00001070       0x90 build/usbd_cdc.o
 .debug_aranges
                0x00001100       0x28 build/startup_stm32h743xx.o

.debug_ranges   0x00000000     0x1020
 .debug_ranges  0x00000000       0x98 build/main.o
 .debug_ranges  0x00000098       0x20 build/eth.o
 .debug_ranges  0x000000b8       0x20 build/usart.o
 .debug_ranges  0x000000d8       0x10 build/usb_device.o
 .debug_ranges  0x000000e8       0xe8 build/usbd_conf.o
 .debug_ranges  0x000001d0       0x40 build/usbd_desc.o
 .debug_ranges  0x00000210       0x30 build/usbd_cdc_if.o
 .debug_ranges  0x00000240       0x18 build/stm32h7xx_it.o
 .debug_ranges  0x00000258       0x10 build/stm32h7xx_hal_msp.o
 .debug_ranges  0x00000268      0x110 build/stm32h7xx_hal_pcd.o
 .debug_ranges  0x00000378       0x50 build/stm32h7xx_hal_pcd_ex.o
 .debug_ranges  0x000003c8      0x170 build/stm32h7xx_ll_usb.o
 .debug_ranges  0x00000538      0x100 build/stm32h7xx_hal_cortex.o
 .debug_ranges  0x00000638      0x1a0 build/stm32h7xx_hal_eth.o
 .debug_ranges  0x000007d8      0x1d8 build/stm32h7xx_hal_uart.o
 .debug_ranges  0x000009b0       0x70 build/stm32h7xx_hal_rcc.o
 .debug_ranges  0x00000a20       0xd0 build/stm32h7xx_hal_rcc_ex.o
 .debug_ranges  0x00000af0       0x48 build/stm32h7xx_hal_gpio.o
 .debug_ranges  0x00000b38      0x140 build/stm32h7xx_hal_pwr_ex.o
 .debug_ranges  0x00000c78      0x190 build/stm32h7xx_hal.o
 .debug_ranges  0x00000e08       0x18 build/system_stm32h7xx.o
 .debug_ranges  0x00000e20       0xa8 build/usbd_core.o
 .debug_ranges  0x00000ec8       0x78 build/usbd_ctlreq.o
 .debug_ranges  0x00000f40       0x40 build/usbd_ioreq.o
 .debug_ranges  0x00000f80       0x80 build/usbd_cdc.o
 .debug_ranges  0x00001000       0x20 build/startup_stm32h743xx.o

.debug_line     0x00000000     0x7c7a
 .debug_line    0x00000000      0x503 build/main.o
 .debug_line    0x00000503      0x26e build/eth.o
 .debug_line    0x00000771      0x244 build/usart.o
 .debug_line    0x000009b5      0x2ac build/usb_device.o
 .debug_line    0x00000c61      0x564 build/usbd_conf.o
 .debug_line    0x000011c5      0x2a6 build/usbd_desc.o
 .debug_line    0x0000146b      0x2c0 build/usbd_cdc_if.o
 .debug_line    0x0000172b      0x235 build/stm32h7xx_it.o
 .debug_line    0x00001960      0x1d8 build/stm32h7xx_hal_msp.o
 .debug_line    0x00001b38      0x75f build/stm32h7xx_hal_pcd.o
 .debug_line    0x00002297      0x325 build/stm32h7xx_hal_pcd_ex.o
 .debug_line    0x000025bc      0x810 build/stm32h7xx_ll_usb.o
 .debug_line    0x00002dcc      0x460 build/stm32h7xx_hal_cortex.o
 .debug_line    0x0000322c      0xb1b build/stm32h7xx_hal_eth.o
 .debug_line    0x00003d47      0xe8c build/stm32h7xx_hal_uart.o
 .debug_line    0x00004bd3      0x62d build/stm32h7xx_hal_rcc.o
 .debug_line    0x00005200      0x936 build/stm32h7xx_hal_rcc_ex.o
 .debug_line    0x00005b36      0x38b build/stm32h7xx_hal_gpio.o
 .debug_line    0x00005ec1      0x5c4 build/stm32h7xx_hal_pwr_ex.o
 .debug_line    0x00006485      0x5e3 build/stm32h7xx_hal.o
 .debug_line    0x00006a68      0x223 build/system_stm32h7xx.o
 .debug_line    0x00006c8b      0x455 build/usbd_core.o
 .debug_line    0x000070e0      0x44f build/usbd_ctlreq.o
 .debug_line    0x0000752f      0x2b7 build/usbd_ioreq.o
 .debug_line    0x000077e6      0x420 build/usbd_cdc.o
 .debug_line    0x00007c06       0x74 build/startup_stm32h743xx.o

.debug_str      0x00000000     0x7138
 .debug_str     0x00000000     0x2699 build/main.o
                               0x2899 (size before relaxing)
 .debug_str     0x00002699      0x184 build/eth.o
                               0x1273 (size before relaxing)
 .debug_str     0x0000281d       0x49 build/usart.o
                                0xede (size before relaxing)
 .debug_str     0x00002866       0xc1 build/usb_device.o
                                0xa6d (size before relaxing)
 .debug_str     0x00002927      0x87c build/usbd_conf.o
                               0x1e56 (size before relaxing)
 .debug_str     0x000031a3      0x11a build/usbd_desc.o
                                0x825 (size before relaxing)
 .debug_str     0x000032bd       0xce build/usbd_cdc_if.o
                                0xb64 (size before relaxing)
 .debug_str     0x0000338b       0x6b build/stm32h7xx_it.o
                                0xa13 (size before relaxing)
 .debug_str     0x000033f6       0x41 build/stm32h7xx_hal_msp.o
                               0x1076 (size before relaxing)
 .debug_str     0x00003437      0x501 build/stm32h7xx_hal_pcd.o
                               0x1137 (size before relaxing)
 .debug_str     0x00003938      0x184 build/stm32h7xx_hal_pcd_ex.o
                                0xcd3 (size before relaxing)
 .debug_str     0x00003abc      0x3b8 build/stm32h7xx_ll_usb.o
                               0x1021 (size before relaxing)
 .debug_str     0x00003e74      0x39e build/stm32h7xx_hal_cortex.o
                               0x1463 (size before relaxing)
 .debug_str     0x00004212      0xb3e build/stm32h7xx_hal_eth.o
                               0x1dde (size before relaxing)
 .debug_str     0x00004d50      0x844 build/stm32h7xx_hal_uart.o
                               0x16f1 (size before relaxing)
 .debug_str     0x00005594      0x322 build/stm32h7xx_hal_rcc.o
                                0xdb4 (size before relaxing)
 .debug_str     0x000058b6      0x7a4 build/stm32h7xx_hal_rcc_ex.o
                               0x11ec (size before relaxing)
 .debug_str     0x0000605a      0x10e build/stm32h7xx_hal_gpio.o
                                0xb0e (size before relaxing)
 .debug_str     0x00006168      0x515 build/stm32h7xx_hal_pwr_ex.o
                                0xe0f (size before relaxing)
 .debug_str     0x0000667d      0x657 build/stm32h7xx_hal.o
                               0x18d8 (size before relaxing)
 .debug_str     0x00006cd4       0x38 build/system_stm32h7xx.o
                                0x995 (size before relaxing)
 .debug_str     0x00006d0c      0x13e build/usbd_core.o
                                0xc6a (size before relaxing)
 .debug_str     0x00006e4a       0xe2 build/usbd_ctlreq.o
                                0xb84 (size before relaxing)
 .debug_str     0x00006f2c       0x60 build/usbd_ioreq.o
                                0xab1 (size before relaxing)
 .debug_str     0x00006f8c      0x188 build/usbd_cdc.o
                                0xce0 (size before relaxing)
 .debug_str     0x00007114       0x24 build/startup_stm32h743xx.o
                                 0x4a (size before relaxing)

.comment        0x00000000       0x7f
 .comment       0x00000000       0x7f build/main.o
                                 0x80 (size before relaxing)
 .comment       0x0000007f       0x80 build/eth.o
 .comment       0x0000007f       0x80 build/usart.o
 .comment       0x0000007f       0x80 build/usb_device.o
 .comment       0x0000007f       0x80 build/usbd_conf.o
 .comment       0x0000007f       0x80 build/usbd_desc.o
 .comment       0x0000007f       0x80 build/usbd_cdc_if.o
 .comment       0x0000007f       0x80 build/stm32h7xx_it.o
 .comment       0x0000007f       0x80 build/stm32h7xx_hal_msp.o
 .comment       0x0000007f       0x80 build/stm32h7xx_hal_pcd.o
 .comment       0x0000007f       0x80 build/stm32h7xx_hal_pcd_ex.o
 .comment       0x0000007f       0x80 build/stm32h7xx_ll_usb.o
 .comment       0x0000007f       0x80 build/stm32h7xx_hal_cortex.o
 .comment       0x0000007f       0x80 build/stm32h7xx_hal_eth.o
 .comment       0x0000007f       0x80 build/stm32h7xx_hal_uart.o
 .comment       0x0000007f       0x80 build/stm32h7xx_hal_rcc.o
 .comment       0x0000007f       0x80 build/stm32h7xx_hal_rcc_ex.o
 .comment       0x0000007f       0x80 build/stm32h7xx_hal_gpio.o
 .comment       0x0000007f       0x80 build/stm32h7xx_hal_pwr_ex.o
 .comment       0x0000007f       0x80 build/stm32h7xx_hal.o
 .comment       0x0000007f       0x80 build/system_stm32h7xx.o
 .comment       0x0000007f       0x80 build/usbd_core.o
 .comment       0x0000007f       0x80 build/usbd_ctlreq.o
 .comment       0x0000007f       0x80 build/usbd_ioreq.o
 .comment       0x0000007f       0x80 build/usbd_cdc.o

.debug_frame    0x00000000     0x3660
 .debug_frame   0x00000000      0x11c build/main.o
 .debug_frame   0x0000011c       0x78 build/eth.o
 .debug_frame   0x00000194       0x64 build/usart.o
 .debug_frame   0x000001f8       0x2c build/usb_device.o
 .debug_frame   0x00000224      0x31c build/usbd_conf.o
 .debug_frame   0x00000540       0xbc build/usbd_desc.o
 .debug_frame   0x000005fc       0x88 build/usbd_cdc_if.o
 .debug_frame   0x00000684       0x48 build/stm32h7xx_it.o
 .debug_frame   0x000006cc       0x2c build/stm32h7xx_hal_msp.o
 .debug_frame   0x000006f8      0x350 build/stm32h7xx_hal_pcd.o
 .debug_frame   0x00000a48       0xc0 build/stm32h7xx_hal_pcd_ex.o
 .debug_frame   0x00000b08      0x508 build/stm32h7xx_ll_usb.o
 .debug_frame   0x00001010      0x17c build/stm32h7xx_hal_cortex.o
 .debug_frame   0x0000118c      0x550 build/stm32h7xx_hal_eth.o
 .debug_frame   0x000016dc      0x5f8 build/stm32h7xx_hal_uart.o
 .debug_frame   0x00001cd4      0x170 build/stm32h7xx_hal_rcc.o
 .debug_frame   0x00001e44      0x2c4 build/stm32h7xx_hal_rcc_ex.o
 .debug_frame   0x00002108       0xec build/stm32h7xx_hal_gpio.o
 .debug_frame   0x000021f4      0x2fc build/stm32h7xx_hal_pwr_ex.o
 .debug_frame   0x000024f0      0x3d4 build/stm32h7xx_hal.o
 .debug_frame   0x000028c4       0x58 build/system_stm32h7xx.o
 .debug_frame   0x0000291c      0x1ec build/usbd_core.o
 .debug_frame   0x00002b08      0x1b0 build/usbd_ctlreq.o
 .debug_frame   0x00002cb8       0xd4 build/usbd_ioreq.o
 .debug_frame   0x00002d8c      0x168 build/usbd_cdc.o
 .debug_frame   0x00002ef4       0x2c c:/gcc/bin/../lib/gcc/arm-none-eabi/7.3.1/../../../../arm-none-eabi/lib/thumb/v7e-m/fpv5/hard\libc_nano.a(lib_a-init.o)
 .debug_frame   0x00002f20       0x30 c:/gcc/bin/../lib/gcc/arm-none-eabi/7.3.1/../../../../arm-none-eabi/lib/thumb/v7e-m/fpv5/hard\libc_nano.a(lib_a-malloc.o)
 .debug_frame   0x00002f50       0x20 c:/gcc/bin/../lib/gcc/arm-none-eabi/7.3.1/../../../../arm-none-eabi/lib/thumb/v7e-m/fpv5/hard\libc_nano.a(lib_a-memset.o)
 .debug_frame   0x00002f70       0x38 c:/gcc/bin/../lib/gcc/arm-none-eabi/7.3.1/../../../../arm-none-eabi/lib/thumb/v7e-m/fpv5/hard\libc_nano.a(lib_a-nano-freer.o)
 .debug_frame   0x00002fa8       0x2c c:/gcc/bin/../lib/gcc/arm-none-eabi/7.3.1/../../../../arm-none-eabi/lib/thumb/v7e-m/fpv5/hard\libc_nano.a(lib_a-nano-mallocr.o)
 .debug_frame   0x00002fd4       0x3c c:/gcc/bin/../lib/gcc/arm-none-eabi/7.3.1/../../../../arm-none-eabi/lib/thumb/v7e-m/fpv5/hard\libc_nano.a(lib_a-puts.o)
 .debug_frame   0x00003010       0x2c c:/gcc/bin/../lib/gcc/arm-none-eabi/7.3.1/../../../../arm-none-eabi/lib/thumb/v7e-m/fpv5/hard\libc_nano.a(lib_a-sbrkr.o)
 .debug_frame   0x0000303c       0x20 c:/gcc/bin/../lib/gcc/arm-none-eabi/7.3.1/../../../../arm-none-eabi/lib/thumb/v7e-m/fpv5/hard\libc_nano.a(lib_a-strcmp.o)
 .debug_frame   0x0000305c       0x2c c:/gcc/bin/../lib/gcc/arm-none-eabi/7.3.1/../../../../arm-none-eabi/lib/thumb/v7e-m/fpv5/hard\libc_nano.a(lib_a-strncpy.o)
 .debug_frame   0x00003088       0x40 c:/gcc/bin/../lib/gcc/arm-none-eabi/7.3.1/../../../../arm-none-eabi/lib/thumb/v7e-m/fpv5/hard\libc_nano.a(lib_a-wbuf.o)
 .debug_frame   0x000030c8       0x2c c:/gcc/bin/../lib/gcc/arm-none-eabi/7.3.1/../../../../arm-none-eabi/lib/thumb/v7e-m/fpv5/hard\libc_nano.a(lib_a-wsetup.o)
 .debug_frame   0x000030f4       0x68 c:/gcc/bin/../lib/gcc/arm-none-eabi/7.3.1/../../../../arm-none-eabi/lib/thumb/v7e-m/fpv5/hard\libc_nano.a(lib_a-fflush.o)
 .debug_frame   0x0000315c      0x11c c:/gcc/bin/../lib/gcc/arm-none-eabi/7.3.1/../../../../arm-none-eabi/lib/thumb/v7e-m/fpv5/hard\libc_nano.a(lib_a-findfp.o)
 .debug_frame   0x00003278       0x54 c:/gcc/bin/../lib/gcc/arm-none-eabi/7.3.1/../../../../arm-none-eabi/lib/thumb/v7e-m/fpv5/hard\libc_nano.a(lib_a-fwalk.o)
 .debug_frame   0x000032cc       0x58 c:/gcc/bin/../lib/gcc/arm-none-eabi/7.3.1/../../../../arm-none-eabi/lib/thumb/v7e-m/fpv5/hard\libc_nano.a(lib_a-makebuf.o)
 .debug_frame   0x00003324       0x30 c:/gcc/bin/../lib/gcc/arm-none-eabi/7.3.1/../../../../arm-none-eabi/lib/thumb/v7e-m/fpv5/hard\libc_nano.a(lib_a-mlock.o)
 .debug_frame   0x00003354       0x5c c:/gcc/bin/../lib/gcc/arm-none-eabi/7.3.1/../../../../arm-none-eabi/lib/thumb/v7e-m/fpv5/hard\libc_nano.a(lib_a-reent.o)
 .debug_frame   0x000033b0       0x88 c:/gcc/bin/../lib/gcc/arm-none-eabi/7.3.1/../../../../arm-none-eabi/lib/thumb/v7e-m/fpv5/hard\libc_nano.a(lib_a-stdio.o)
 .debug_frame   0x00003438       0x2c c:/gcc/bin/../lib/gcc/arm-none-eabi/7.3.1/../../../../arm-none-eabi/lib/thumb/v7e-m/fpv5/hard\libc_nano.a(lib_a-writer.o)
 .debug_frame   0x00003464       0x2c c:/gcc/bin/../lib/gcc/arm-none-eabi/7.3.1/../../../../arm-none-eabi/lib/thumb/v7e-m/fpv5/hard\libc_nano.a(lib_a-closer.o)
 .debug_frame   0x00003490       0x2c c:/gcc/bin/../lib/gcc/arm-none-eabi/7.3.1/../../../../arm-none-eabi/lib/thumb/v7e-m/fpv5/hard\libc_nano.a(lib_a-fstatr.o)
 .debug_frame   0x000034bc       0x2c c:/gcc/bin/../lib/gcc/arm-none-eabi/7.3.1/../../../../arm-none-eabi/lib/thumb/v7e-m/fpv5/hard\libc_nano.a(lib_a-isattyr.o)
 .debug_frame   0x000034e8       0x2c c:/gcc/bin/../lib/gcc/arm-none-eabi/7.3.1/../../../../arm-none-eabi/lib/thumb/v7e-m/fpv5/hard\libc_nano.a(lib_a-lseekr.o)
 .debug_frame   0x00003514       0x2c c:/gcc/bin/../lib/gcc/arm-none-eabi/7.3.1/../../../../arm-none-eabi/lib/thumb/v7e-m/fpv5/hard\libc_nano.a(lib_a-readr.o)
 .debug_frame   0x00003540       0x20 c:/gcc/bin/../lib/gcc/arm-none-eabi/7.3.1/../../../../arm-none-eabi/lib/thumb/v7e-m/fpv5/hard\libnosys.a(close.o)
 .debug_frame   0x00003560       0x20 c:/gcc/bin/../lib/gcc/arm-none-eabi/7.3.1/../../../../arm-none-eabi/lib/thumb/v7e-m/fpv5/hard\libnosys.a(fstat.o)
 .debug_frame   0x00003580       0x20 c:/gcc/bin/../lib/gcc/arm-none-eabi/7.3.1/../../../../arm-none-eabi/lib/thumb/v7e-m/fpv5/hard\libnosys.a(isatty.o)
 .debug_frame   0x000035a0       0x20 c:/gcc/bin/../lib/gcc/arm-none-eabi/7.3.1/../../../../arm-none-eabi/lib/thumb/v7e-m/fpv5/hard\libnosys.a(lseek.o)
 .debug_frame   0x000035c0       0x20 c:/gcc/bin/../lib/gcc/arm-none-eabi/7.3.1/../../../../arm-none-eabi/lib/thumb/v7e-m/fpv5/hard\libnosys.a(read.o)
 .debug_frame   0x000035e0       0x20 c:/gcc/bin/../lib/gcc/arm-none-eabi/7.3.1/../../../../arm-none-eabi/lib/thumb/v7e-m/fpv5/hard\libnosys.a(sbrk.o)
 .debug_frame   0x00003600       0x2c c:/gcc/bin/../lib/gcc/arm-none-eabi/7.3.1/thumb/v7e-m/fpv5/hard\libgcc.a(_aeabi_uldivmod.o)
 .debug_frame   0x0000362c       0x34 c:/gcc/bin/../lib/gcc/arm-none-eabi/7.3.1/thumb/v7e-m/fpv5/hard\libgcc.a(_udivmoddi4.o)

.stab           0x00000000       0x84
 .stab          0x00000000       0x24 c:/gcc/bin/../lib/gcc/arm-none-eabi/7.3.1/../../../../arm-none-eabi/lib/thumb/v7e-m/fpv5/hard\libnosys.a(close.o)
 .stab          0x00000024       0x18 c:/gcc/bin/../lib/gcc/arm-none-eabi/7.3.1/../../../../arm-none-eabi/lib/thumb/v7e-m/fpv5/hard\libnosys.a(fstat.o)
                                 0x24 (size before relaxing)
 .stab          0x0000003c       0x18 c:/gcc/bin/../lib/gcc/arm-none-eabi/7.3.1/../../../../arm-none-eabi/lib/thumb/v7e-m/fpv5/hard\libnosys.a(isatty.o)
                                 0x24 (size before relaxing)
 .stab          0x00000054       0x18 c:/gcc/bin/../lib/gcc/arm-none-eabi/7.3.1/../../../../arm-none-eabi/lib/thumb/v7e-m/fpv5/hard\libnosys.a(lseek.o)
                                 0x24 (size before relaxing)
 .stab          0x0000006c       0x18 c:/gcc/bin/../lib/gcc/arm-none-eabi/7.3.1/../../../../arm-none-eabi/lib/thumb/v7e-m/fpv5/hard\libnosys.a(read.o)
                                 0x24 (size before relaxing)

.stabstr        0x00000000      0x117
 .stabstr       0x00000000      0x117 c:/gcc/bin/../lib/gcc/arm-none-eabi/7.3.1/../../../../arm-none-eabi/lib/thumb/v7e-m/fpv5/hard\libnosys.a(close.o)

Cross Reference Table

Symbol                                            File
ADC3_IRQHandler                                   build/startup_stm32h743xx.o
ADC_IRQHandler                                    build/startup_stm32h743xx.o
BDMA_Channel0_IRQHandler                          build/startup_stm32h743xx.o
BDMA_Channel1_IRQHandler                          build/startup_stm32h743xx.o
BDMA_Channel2_IRQHandler                          build/startup_stm32h743xx.o
BDMA_Channel3_IRQHandler                          build/startup_stm32h743xx.o
BDMA_Channel4_IRQHandler                          build/startup_stm32h743xx.o
BDMA_Channel5_IRQHandler                          build/startup_stm32h743xx.o
BDMA_Channel6_IRQHandler                          build/startup_stm32h743xx.o
BDMA_Channel7_IRQHandler                          build/startup_stm32h743xx.o
BusFault_Handler                                  build/startup_stm32h743xx.o
CDC_Transmit_FS                                   build/usbd_cdc_if.o
                                                  build/main.o
CEC_IRQHandler                                    build/startup_stm32h743xx.o
COMP1_IRQHandler                                  build/startup_stm32h743xx.o
CRS_IRQHandler                                    build/startup_stm32h743xx.o
D1CorePrescTable                                  build/system_stm32h7xx.o
                                                  build/stm32h7xx_hal_rcc_ex.o
                                                  build/stm32h7xx_hal_rcc.o
DCMI_IRQHandler                                   build/startup_stm32h743xx.o
DFSDM1_FLT0_IRQHandler                            build/startup_stm32h743xx.o
DFSDM1_FLT1_IRQHandler                            build/startup_stm32h743xx.o
DFSDM1_FLT2_IRQHandler                            build/startup_stm32h743xx.o
DFSDM1_FLT3_IRQHandler                            build/startup_stm32h743xx.o
DMA1_Stream0_IRQHandler                           build/main.o
DMA1_Stream1_IRQHandler                           build/startup_stm32h743xx.o
DMA1_Stream2_IRQHandler                           build/startup_stm32h743xx.o
DMA1_Stream3_IRQHandler                           build/startup_stm32h743xx.o
DMA1_Stream4_IRQHandler                           build/startup_stm32h743xx.o
DMA1_Stream5_IRQHandler                           build/startup_stm32h743xx.o
DMA1_Stream6_IRQHandler                           build/startup_stm32h743xx.o
DMA1_Stream7_IRQHandler                           build/startup_stm32h743xx.o
DMA2D_IRQHandler                                  build/startup_stm32h743xx.o
DMA2_Stream0_IRQHandler                           build/startup_stm32h743xx.o
DMA2_Stream1_IRQHandler                           build/startup_stm32h743xx.o
DMA2_Stream2_IRQHandler                           build/startup_stm32h743xx.o
DMA2_Stream3_IRQHandler                           build/startup_stm32h743xx.o
DMA2_Stream4_IRQHandler                           build/startup_stm32h743xx.o
DMA2_Stream5_IRQHandler                           build/startup_stm32h743xx.o