Archive member included to satisfy reference by file (symbol)

c:/gcc/bin/../lib/gcc/arm-none-eabi/7.3.1/../../../../arm-none-eabi/lib/thumb/v7e-m/fpv5/hard\libc_nano.a(lib_a-exit.o)
                              c:/gcc/bin/../lib/gcc/arm-none-eabi/7.3.1/../../../../arm-none-eabi/lib/thumb/v7e-m/fpv5/hard/crt0.o (exit)
c:/gcc/bin/../lib/gcc/arm-none-eabi/7.3.1/../../../../arm-none-eabi/lib/thumb/v7e-m/fpv5/hard\libc_nano.a(lib_a-impure.o)
                              c:/gcc/bin/../lib/gcc/arm-none-eabi/7.3.1/../../../../arm-none-eabi/lib/thumb/v7e-m/fpv5/hard\libc_nano.a(lib_a-exit.o) (_global_impure_ptr)
c:/gcc/bin/../lib/gcc/arm-none-eabi/7.3.1/../../../../arm-none-eabi/lib/thumb/v7e-m/fpv5/hard\libc_nano.a(lib_a-init.o)
                              c:/gcc/bin/../lib/gcc/arm-none-eabi/7.3.1/../../../../arm-none-eabi/lib/thumb/v7e-m/fpv5/hard/crt0.o (__libc_init_array)
c:/gcc/bin/../lib/gcc/arm-none-eabi/7.3.1/../../../../arm-none-eabi/lib/thumb/v7e-m/fpv5/hard\libc_nano.a(lib_a-malloc.o)
                              build/usbd_cdc.o (malloc)
c:/gcc/bin/../lib/gcc/arm-none-eabi/7.3.1/../../../../arm-none-eabi/lib/thumb/v7e-m/fpv5/hard\libc_nano.a(lib_a-memset.o)
                              c:/gcc/bin/../lib/gcc/arm-none-eabi/7.3.1/../../../../arm-none-eabi/lib/thumb/v7e-m/fpv5/hard/crt0.o (memset)
c:/gcc/bin/../lib/gcc/arm-none-eabi/7.3.1/../../../../arm-none-eabi/lib/thumb/v7e-m/fpv5/hard\libc_nano.a(lib_a-nano-freer.o)
                              c:/gcc/bin/../lib/gcc/arm-none-eabi/7.3.1/../../../../arm-none-eabi/lib/thumb/v7e-m/fpv5/hard\libc_nano.a(lib_a-malloc.o) (_free_r)
c:/gcc/bin/../lib/gcc/arm-none-eabi/7.3.1/../../../../arm-none-eabi/lib/thumb/v7e-m/fpv5/hard\libc_nano.a(lib_a-nano-mallocr.o)
                              c:/gcc/bin/../lib/gcc/arm-none-eabi/7.3.1/../../../../arm-none-eabi/lib/thumb/v7e-m/fpv5/hard\libc_nano.a(lib_a-malloc.o) (_malloc_r)
c:/gcc/bin/../lib/gcc/arm-none-eabi/7.3.1/../../../../arm-none-eabi/lib/thumb/v7e-m/fpv5/hard\libc_nano.a(lib_a-printf.o)
                              build/main.o (printf)
c:/gcc/bin/../lib/gcc/arm-none-eabi/7.3.1/../../../../arm-none-eabi/lib/thumb/v7e-m/fpv5/hard\libc_nano.a(lib_a-puts.o)
                              build/main.o (puts)
c:/gcc/bin/../lib/gcc/arm-none-eabi/7.3.1/../../../../arm-none-eabi/lib/thumb/v7e-m/fpv5/hard\libc_nano.a(lib_a-sbrkr.o)
                              c:/gcc/bin/../lib/gcc/arm-none-eabi/7.3.1/../../../../arm-none-eabi/lib/thumb/v7e-m/fpv5/hard\libc_nano.a(lib_a-nano-mallocr.o) (_sbrk_r)
c:/gcc/bin/../lib/gcc/arm-none-eabi/7.3.1/../../../../arm-none-eabi/lib/thumb/v7e-m/fpv5/hard\libc_nano.a(lib_a-strcmp.o)
                              build/main.o (strcmp)
c:/gcc/bin/../lib/gcc/arm-none-eabi/7.3.1/../../../../arm-none-eabi/lib/thumb/v7e-m/fpv5/hard\libc_nano.a(lib_a-strncpy.o)
                              build/usbd_cdc_if.o (strncpy)
c:/gcc/bin/../lib/gcc/arm-none-eabi/7.3.1/../../../../arm-none-eabi/lib/thumb/v7e-m/fpv5/hard\libc_nano.a(lib_a-wbuf.o)
                              c:/gcc/bin/../lib/gcc/arm-none-eabi/7.3.1/../../../../arm-none-eabi/lib/thumb/v7e-m/fpv5/hard\libc_nano.a(lib_a-puts.o) (__swbuf_r)
c:/gcc/bin/../lib/gcc/arm-none-eabi/7.3.1/../../../../arm-none-eabi/lib/thumb/v7e-m/fpv5/hard\libc_nano.a(lib_a-wsetup.o)
                              c:/gcc/bin/../lib/gcc/arm-none-eabi/7.3.1/../../../../arm-none-eabi/lib/thumb/v7e-m/fpv5/hard\libc_nano.a(lib_a-puts.o) (__swsetup_r)
c:/gcc/bin/../lib/gcc/arm-none-eabi/7.3.1/../../../../arm-none-eabi/lib/thumb/v7e-m/fpv5/hard\libc_nano.a(lib_a-fflush.o)
                              c:/gcc/bin/../lib/gcc/arm-none-eabi/7.3.1/../../../../arm-none-eabi/lib/thumb/v7e-m/fpv5/hard\libc_nano.a(lib_a-wbuf.o) (_fflush_r)
c:/gcc/bin/../lib/gcc/arm-none-eabi/7.3.1/../../../../arm-none-eabi/lib/thumb/v7e-m/fpv5/hard\libc_nano.a(lib_a-findfp.o)
                              c:/gcc/bin/../lib/gcc/arm-none-eabi/7.3.1/../../../../arm-none-eabi/lib/thumb/v7e-m/fpv5/hard\libc_nano.a(lib_a-printf.o) (__sinit)
c:/gcc/bin/../lib/gcc/arm-none-eabi/7.3.1/../../../../arm-none-eabi/lib/thumb/v7e-m/fpv5/hard\libc_nano.a(lib_a-fwalk.o)
                              c:/gcc/bin/../lib/gcc/arm-none-eabi/7.3.1/../../../../arm-none-eabi/lib/thumb/v7e-m/fpv5/hard\libc_nano.a(lib_a-findfp.o) (_fwalk)
c:/gcc/bin/../lib/gcc/arm-none-eabi/7.3.1/../../../../arm-none-eabi/lib/thumb/v7e-m/fpv5/hard\libc_nano.a(lib_a-makebuf.o)
                              c:/gcc/bin/../lib/gcc/arm-none-eabi/7.3.1/../../../../arm-none-eabi/lib/thumb/v7e-m/fpv5/hard\libc_nano.a(lib_a-wsetup.o) (__smakebuf_r)
c:/gcc/bin/../lib/gcc/arm-none-eabi/7.3.1/../../../../arm-none-eabi/lib/thumb/v7e-m/fpv5/hard\libc_nano.a(lib_a-mlock.o)
                              c:/gcc/bin/../lib/gcc/arm-none-eabi/7.3.1/../../../../arm-none-eabi/lib/thumb/v7e-m/fpv5/hard\libc_nano.a(lib_a-nano-freer.o) (__malloc_lock)
[...]
Memory Configuration

Name             Origin             Length             Attributes
DTCMRAM          0x20000000         0x00020000         xrw
RAM_D1           0x24000000         0x00080000         xrw
RAM_D2           0x30000000         0x00048000         xrw
RAM_D3           0x38000000         0x00010000         xrw
ITCMRAM          0x00000000         0x00010000         xrw
FLASH            0x08000000         0x00200000         xr
*default*        0x00000000         0xffffffff

Linker script and memory map

LOAD c:/gcc/bin/../lib/gcc/arm-none-eabi/7.3.1/thumb/v7e-m/fpv5/hard/crti.o
LOAD c:/gcc/bin/../lib/gcc/arm-none-eabi/7.3.1/thumb/v7e-m/fpv5/hard/crtbegin.o
LOAD c:/gcc/bin/../lib/gcc/arm-none-eabi/7.3.1/../../../../arm-none-eabi/lib/thumb/v7e-m/fpv5/hard/crt0.o
LOAD build/main.o
LOAD build/gpio.o
LOAD build/eth.o
LOAD build/usart.o
LOAD build/usb_device.o
LOAD build/usbd_conf.o
LOAD build/usbd_desc.o
LOAD build/usbd_cdc_if.o
LOAD build/stm32h7xx_it.o
LOAD build/stm32h7xx_hal_msp.o
LOAD build/stm32h7xx_hal_pcd.o
LOAD build/stm32h7xx_hal_pcd_ex.o
LOAD build/stm32h7xx_ll_usb.o
LOAD build/stm32h7xx_hal_cortex.o
LOAD build/stm32h7xx_hal_eth.o
LOAD build/stm32h7xx_hal_tim.o
LOAD build/stm32h7xx_hal_tim_ex.o
LOAD build/stm32h7xx_hal_uart.o
LOAD build/stm32h7xx_hal_uart_ex.o
LOAD build/stm32h7xx_hal_rcc.o
LOAD build/stm32h7xx_hal_rcc_ex.o
LOAD build/stm32h7xx_hal_flash.o
LOAD build/stm32h7xx_hal_flash_ex.o
LOAD build/stm32h7xx_hal_gpio.o
LOAD build/stm32h7xx_hal_hsem.o
LOAD build/stm32h7xx_hal_dma.o
LOAD build/stm32h7xx_hal_dma_ex.o
LOAD build/stm32h7xx_hal_mdma.o
LOAD build/stm32h7xx_hal_pwr.o
LOAD build/stm32h7xx_hal_pwr_ex.o
LOAD build/stm32h7xx_hal.o
LOAD build/stm32h7xx_hal_i2c.o
LOAD build/stm32h7xx_hal_i2c_ex.o
LOAD build/system_stm32h7xx.o
LOAD build/usbd_core.o
LOAD build/usbd_ctlreq.o
LOAD build/usbd_ioreq.o
LOAD build/usbd_cdc.o
LOAD build/startup_stm32h743xx.o
LOAD c:/gcc/bin/../lib/gcc/arm-none-eabi/7.3.1/../../../../arm-none-eabi/lib/thumb/v7e-m/fpv5/hard\libc_nano.a
LOAD c:/gcc/bin/../lib/gcc/arm-none-eabi/7.3.1/../../../../arm-none-eabi/lib/thumb/v7e-m/fpv5/hard\libm.a
LOAD c:/gcc/bin/../lib/gcc/arm-none-eabi/7.3.1/../../../../arm-none-eabi/lib/thumb/v7e-m/fpv5/hard\libnosys.a
START GROUP
LOAD c:/gcc/bin/../lib/gcc/arm-none-eabi/7.3.1/thumb/v7e-m/fpv5/hard\libgcc.a
LOAD c:/gcc/bin/../lib/gcc/arm-none-eabi/7.3.1/../../../../arm-none-eabi/lib/thumb/v7e-m/fpv5/hard\libc_nano.a
END GROUP
START GROUP
LOAD c:/gcc/bin/../lib/gcc/arm-none-eabi/7.3.1/thumb/v7e-m/fpv5/hard\libgcc.a
LOAD c:/gcc/bin/../lib/gcc/arm-none-eabi/7.3.1/../../../../arm-none-eabi/lib/thumb/v7e-m/fpv5/hard\libc_nano.a
END GROUP
LOAD c:/gcc/bin/../lib/gcc/arm-none-eabi/7.3.1/thumb/v7e-m/fpv5/hard/crtend.o
LOAD c:/gcc/bin/../lib/gcc/arm-none-eabi/7.3.1/thumb/v7e-m/fpv5/hard/crtn.o
                0x20020000                _estack = 0x20020000
                0x00008000                _Min_Heap_Size = 0x8000
                0x00000400                _Min_Stack_Size = 0x400

.isr_vector     0x08000000      0x298
                0x08000000                . = ALIGN (0x4)
 *(.isr_vector)
 .isr_vector    0x08000000      0x298 build/startup_stm32h743xx.o
                0x08000000                g_pfnVectors
                0x08000298                . = ALIGN (0x4)

.text           0x080002a0     0x5d38
                0x080002a0                . = ALIGN (0x4)
 *(.text)
 .text          0x080002a0       0x40 c:/gcc/bin/../lib/gcc/arm-none-eabi/7.3.1/thumb/v7e-m/fpv5/hard/crtbegin.o
 .text          0x080002e0       0x14 c:/gcc/bin/../lib/gcc/arm-none-eabi/7.3.1/../../../../arm-none-eabi/lib/thumb/v7e-m/fpv5/hard\libc_nano.a(lib_a-strcmp.o)
                0x080002e0                strcmp
 *fill*         0x080002f4        0xc 
 .text          0x08000300       0xa0 c:/gcc/bin/../lib/gcc/arm-none-eabi/7.3.1/../../../../arm-none-eabi/lib/thumb/v7e-m/fpv5/hard\libc_nano.a(lib_a-memchr.o)
                0x08000300                memchr
 .text          0x080003a0       0x30 c:/gcc/bin/../lib/gcc/arm-none-eabi/7.3.1/thumb/v7e-m/fpv5/hard\libgcc.a(_aeabi_uldivmod.o)
                0x080003a0                __aeabi_uldivmod
 .text          0x080003d0      0x2cc c:/gcc/bin/../lib/gcc/arm-none-eabi/7.3.1/thumb/v7e-m/fpv5/hard\libgcc.a(_udivmoddi4.o)
                0x080003d0                __udivmoddi4
 .text          0x0800069c        0x4 c:/gcc/bin/../lib/gcc/arm-none-eabi/7.3.1/thumb/v7e-m/fpv5/hard\libgcc.a(_dvmd_tls.o)
                0x0800069c                __aeabi_idiv0
                0x0800069c                __aeabi_ldiv0
 *(.text*)
 .text.my_initGPIO
                0x080006a0      0x148 build/main.o
 .text.my_TIM2_initInputCaptureTimer
                0x080007e8       0x60 build/main.o
 .text.TIM6_myInit
                0x08000848       0x48 build/main.o
 .text.zeroArray
                0x08000890       0x18 build/main.o
 .text.my_initClocks
                0x080008a8      0x130 build/main.o
 .text.my_DMA_init
                0x080009d8       0xf4 build/main.o
 .text.main     0x08000acc      0x178 build/main.o
                0x08000acc                main
 .text.TIM2_IRQHandler
                0x08000c44        0xa build/main.o
                0x08000c44                TIM2_IRQHandler
 *fill*         0x08000c4e        0x2 
 .text.DMA1_Stream0_IRQHandler
                0x08000c50       0x38 build/main.o
                0x08000c50                DMA1_Stream0_IRQHandler
 .text.TIM6_DAC_IRQHandler
                0x08000c88       0x20 build/main.o
                0x08000c88                TIM6_DAC_IRQHandler
 .text.__io_putchar
                0x08000ca8       0x20 build/main.o
                0x08000ca8                __io_putchar
 .text._write   0x08000cc8       0x1c build/main.o
                0x08000cc8                _write
 .text._Error_Handler
                0x08000ce4        0x2 build/main.o
                0x08000ce4                _Error_Handler
 *fill*         0x08000ce6        0x2 
 .text.MX_ETH_Init
                0x08000ce8       0x84 build/eth.o
                0x08000ce8                MX_ETH_Init
 .text.HAL_ETH_MspInit
                0x08000d6c       0xd0 build/eth.o
                0x08000d6c                HAL_ETH_MspInit
 .text.MX_USART3_UART_Init
                0x08000e3c       0x48 build/usart.o
                0x08000e3c                MX_USART3_UART_Init
 .text.HAL_UART_MspInit
                0x08000e84       0x58 build/usart.o
                0x08000e84                HAL_UART_MspInit
 .text.MX_USB_DEVICE_Init
                0x08000edc       0x3c build/usb_device.o
                0x08000edc                MX_USB_DEVICE_Init
 .text.HAL_PCD_MspInit
                0x08000f18       0x78 build/usbd_conf.o
                0x08000f18                HAL_PCD_MspInit
 .text.HAL_PCD_SetupStageCallback
                0x08000f90       0x10 build/usbd_conf.o
                0x08000f90                HAL_PCD_SetupStageCallback
 .text.HAL_PCD_DataOutStageCallback
                0x08000fa0       0x18 build/usbd_conf.o
                0x08000fa0                HAL_PCD_DataOutStageCallback
 .text.HAL_PCD_DataInStageCallback
                0x08000fb8       0x16 build/usbd_conf.o
                0x08000fb8                HAL_PCD_DataInStageCallback
 .text.HAL_PCD_SOFCallback
                0x08000fce        0xc build/usbd_conf.o
                0x08000fce                HAL_PCD_SOFCallback
 .text.HAL_PCD_ResetCallback
                0x08000fda       0x20 build/usbd_conf.o
                0x08000fda                HAL_PCD_ResetCallback
 *fill*         0x08000ffa        0x2 
 .text.HAL_PCD_SuspendCallback
                0x08000ffc       0x30 build/usbd_conf.o
                0x08000ffc                HAL_PCD_SuspendCallback
 .text.HAL_PCD_ResumeCallback
                0x0800102c        0xc build/usbd_conf.o
                0x0800102c                HAL_PCD_ResumeCallback
 .text.HAL_PCD_ISOOUTIncompleteCallback
                0x08001038        0xc build/usbd_conf.o
                0x08001038                HAL_PCD_ISOOUTIncompleteCallback
 .text.HAL_PCD_ISOINIncompleteCallback
                0x08001044        0xc build/usbd_conf.o
                0x08001044                HAL_PCD_ISOINIncompleteCallback
 .text.HAL_PCD_ConnectCallback
                0x08001050        0xc build/usbd_conf.o
                0x08001050                HAL_PCD_ConnectCallback
 .text.HAL_PCD_DisconnectCallback
                0x0800105c        0xc build/usbd_conf.o
                0x0800105c                HAL_PCD_DisconnectCallback
 .text.USBD_LL_Init
                0x08001068       0x78 build/usbd_conf.o
                0x08001068                USBD_LL_Init
 .text.USBD_LL_Start
                0x080010e0       0x1c build/usbd_conf.o
                0x080010e0                USBD_LL_Start
 .text.USBD_LL_OpenEP
                0x080010fc       0x22 build/usbd_conf.o
                0x080010fc                USBD_LL_OpenEP
 .text.USBD_LL_CloseEP
                0x0800111e       0x1c build/usbd_conf.o
                0x0800111e                USBD_LL_CloseEP
 .text.USBD_LL_StallEP
                0x0800113a       0x1c build/usbd_conf.o
                0x0800113a                USBD_LL_StallEP
 .text.USBD_LL_ClearStallEP
                0x08001156       0x1c build/usbd_conf.o
                0x08001156                USBD_LL_ClearStallEP
 .text.USBD_LL_IsStallEP
                0x08001172       0x2e build/usbd_conf.o
                0x08001172                USBD_LL_IsStallEP
 .text.USBD_LL_SetUSBAddress
                0x080011a0       0x1c build/usbd_conf.o
                0x080011a0                USBD_LL_SetUSBAddress
 .text.USBD_LL_Transmit
                0x080011bc       0x1c build/usbd_conf.o
                0x080011bc                USBD_LL_Transmit
 .text.USBD_LL_PrepareReceive
                0x080011d8       0x1c build/usbd_conf.o
                0x080011d8                USBD_LL_PrepareReceive
 .text.USBD_LL_GetRxDataSize
                0x080011f4        0xc build/usbd_conf.o
                0x080011f4                USBD_LL_GetRxDataSize
 .text.USBD_FS_DeviceDescriptor
                0x08001200        0xc build/usbd_desc.o
                0x08001200                USBD_FS_DeviceDescriptor
 .text.USBD_FS_LangIDStrDescriptor
                0x0800120c        0xc build/usbd_desc.o
                0x0800120c                USBD_FS_LangIDStrDescriptor
 .text.USBD_FS_ProductStrDescriptor
                0x08001218       0x24 build/usbd_desc.o
                0x08001218                USBD_FS_ProductStrDescriptor
 .text.USBD_FS_ManufacturerStrDescriptor
                0x0800123c       0x1c build/usbd_desc.o
                0x0800123c                USBD_FS_ManufacturerStrDescriptor
 .text.USBD_FS_SerialStrDescriptor
                0x08001258       0x24 build/usbd_desc.o
                0x08001258                USBD_FS_SerialStrDescriptor
 .text.USBD_FS_ConfigStrDescriptor
                0x0800127c       0x24 build/usbd_desc.o
                0x0800127c                USBD_FS_ConfigStrDescriptor
 .text.USBD_FS_InterfaceStrDescriptor
                0x080012a0       0x24 build/usbd_desc.o
                0x080012a0                USBD_FS_InterfaceStrDescriptor
 .text.CDC_DeInit_FS
                0x080012c4        0x4 build/usbd_cdc_if.o
 .text.CDC_Control_FS
                0x080012c8        0x4 build/usbd_cdc_if.o
 .text.CDC_Receive_FS
                0x080012cc       0x28 build/usbd_cdc_if.o
 .text.CDC_Init_FS
                0x080012f4       0x28 build/usbd_cdc_if.o
 .text.CDC_Transmit_FS
                0x0800131c       0x2c build/usbd_cdc_if.o
                0x0800131c                CDC_Transmit_FS
 .text.SysTick_Handler
                0x08001348        0xc build/stm32h7xx_it.o
                0x08001348                SysTick_Handler
 .text.OTG_FS_IRQHandler
                0x08001354       0x10 build/stm32h7xx_it.o
                0x08001354                OTG_FS_IRQHandler
 .text.HAL_MspInit
                0x08001364       0x84 build/stm32h7xx_hal_msp.o
                0x08001364                HAL_MspInit
 .text.PCD_WriteEmptyTxFifo
                0x080013e8       0xc0 build/stm32h7xx_hal_pcd.o
 .text.HAL_PCD_Init
                0x080014a8       0xfc build/stm32h7xx_hal_pcd.o
                0x080014a8                HAL_PCD_Init
 .text.HAL_PCD_Start
                0x080015a4       0x14 build/stm32h7xx_hal_pcd.o
                0x080015a4                HAL_PCD_Start
 .text.HAL_PCD_IRQHandler
                0x080015b8      0x658 build/stm32h7xx_hal_pcd.o
                0x080015b8                HAL_PCD_IRQHandler
 .text.HAL_PCD_SetAddress
                0x08001c10       0x24 build/stm32h7xx_hal_pcd.o
                0x08001c10                HAL_PCD_SetAddress
 .text.HAL_PCD_EP_Open
                0x08001c34       0x68 build/stm32h7xx_hal_pcd.o
                0x08001c34                HAL_PCD_EP_Open
 .text.HAL_PCD_EP_Close
                0x08001c9c       0x56 build/stm32h7xx_hal_pcd.o
                0x08001c9c                HAL_PCD_EP_Close
 .text.HAL_PCD_EP_Receive
                0x08001cf2       0x5a build/stm32h7xx_hal_pcd.o
                0x08001cf2                HAL_PCD_EP_Receive
 .text.HAL_PCD_EP_GetRxCount
                0x08001d4c       0x12 build/stm32h7xx_hal_pcd.o
                0x08001d4c                HAL_PCD_EP_GetRxCount
 .text.HAL_PCD_EP_Transmit
                0x08001d5e       0x52 build/stm32h7xx_hal_pcd.o
                0x08001d5e                HAL_PCD_EP_Transmit
 .text.HAL_PCD_EP_SetStall
                0x08001db0       0x66 build/stm32h7xx_hal_pcd.o
                0x08001db0                HAL_PCD_EP_SetStall
 .text.HAL_PCD_EP_ClrStall
                0x08001e16       0x56 build/stm32h7xx_hal_pcd.o
                0x08001e16                HAL_PCD_EP_ClrStall
 .text.HAL_PCDEx_SetTxFiFo
                0x08001e6c       0x48 build/stm32h7xx_hal_pcd_ex.o
                0x08001e6c                HAL_PCDEx_SetTxFiFo
 .text.HAL_PCDEx_SetRxFiFo
                0x08001eb4        0x8 build/stm32h7xx_hal_pcd_ex.o
                0x08001eb4                HAL_PCDEx_SetRxFiFo
 .text.HAL_PCDEx_ActivateLPM
                0x08001ebc       0x28 build/stm32h7xx_hal_pcd_ex.o
                0x08001ebc                HAL_PCDEx_ActivateLPM
 .text.HAL_PCDEx_ActivateBCD
                0x08001ee4       0x1c build/stm32h7xx_hal_pcd_ex.o
                0x08001ee4                HAL_PCDEx_ActivateBCD
 .text.HAL_PCDEx_LPM_Callback
                0x08001f00        0x2 build/stm32h7xx_hal_pcd_ex.o
                0x08001f00                HAL_PCDEx_LPM_Callback
 *fill*         0x08001f02        0x2 
 .text.USB_CoreInit
                0x08001f04       0x7c build/stm32h7xx_ll_usb.o
                0x08001f04                USB_CoreInit
 .text.USB_EnableGlobalInt
                0x08001f80        0xc build/stm32h7xx_ll_usb.o
                0x08001f80                USB_EnableGlobalInt
 .text.USB_DisableGlobalInt
                0x08001f8c        0xc build/stm32h7xx_ll_usb.o
                0x08001f8c                USB_DisableGlobalInt
 .text.USB_SetCurrentMode
                0x08001f98       0x2c build/stm32h7xx_ll_usb.o
                0x08001f98                USB_SetCurrentMode
 .text.USB_DevInit
                0x08001fc4      0x15c build/stm32h7xx_ll_usb.o
                0x08001fc4                USB_DevInit
 .text.USB_FlushTxFifo
                0x08002120       0x28 build/stm32h7xx_ll_usb.o
                0x08002120                USB_FlushTxFifo
 .text.USB_FlushRxFifo
                0x08002148       0x24 build/stm32h7xx_ll_usb.o
                0x08002148                USB_FlushRxFifo
 .text.USB_SetDevSpeed
                0x0800216c        0xe build/stm32h7xx_ll_usb.o
                0x0800216c                USB_SetDevSpeed
 .text.USB_GetDevSpeed
                0x0800217a       0x40 build/stm32h7xx_ll_usb.o
                0x0800217a                USB_GetDevSpeed
 *fill*         0x080021ba        0x2 
 .text.USB_ActivateEndpoint
                0x080021bc       0x90 build/stm32h7xx_ll_usb.o
                0x080021bc                USB_ActivateEndpoint
 .text.USB_DeactivateEndpoint
                0x0800224c       0x7e build/stm32h7xx_ll_usb.o
                0x0800224c                USB_DeactivateEndpoint
 *fill*         0x080022ca        0x2 
 .text.USB_EPStartXfer
                0x080022cc      0x260 build/stm32h7xx_ll_usb.o
                0x080022cc                USB_EPStartXfer
 .text.USB_EP0StartXfer
                0x0800252c      0x15c build/stm32h7xx_ll_usb.o
                0x0800252c                USB_EP0StartXfer
 .text.USB_WritePacket
                0x08002688       0x28 build/stm32h7xx_ll_usb.o
                0x08002688                USB_WritePacket
 .text.USB_ReadPacket
                0x080026b0       0x28 build/stm32h7xx_ll_usb.o
                0x080026b0                USB_ReadPacket
 .text.USB_EPSetStall
                0x080026d8       0x64 build/stm32h7xx_ll_usb.o
                0x080026d8                USB_EPSetStall
 .text.USB_EPClearStall
                0x0800273c       0x6a build/stm32h7xx_ll_usb.o
                0x0800273c                USB_EPClearStall
 .text.USB_SetDevAddress
                0x080027a6       0x20 build/stm32h7xx_ll_usb.o
                0x080027a6                USB_SetDevAddress
 .text.USB_DevConnect
                0x080027c6       0x18 build/stm32h7xx_ll_usb.o
                0x080027c6                USB_DevConnect
 .text.USB_DevDisconnect
                0x080027de       0x18 build/stm32h7xx_ll_usb.o
                0x080027de                USB_DevDisconnect
 .text.USB_ReadInterrupts
                0x080027f6        0x8 build/stm32h7xx_ll_usb.o
                0x080027f6                USB_ReadInterrupts
 .text.USB_ReadDevAllOutEpInterrupt
                0x080027fe       0x10 build/stm32h7xx_ll_usb.o
                0x080027fe                USB_ReadDevAllOutEpInterrupt
 .text.USB_ReadDevAllInEpInterrupt
                0x0800280e       0x10 build/stm32h7xx_ll_usb.o
                0x0800280e                USB_ReadDevAllInEpInterrupt
 .text.USB_ReadDevOutEPInterrupt
                0x0800281e       0x12 build/stm32h7xx_ll_usb.o
                0x0800281e                USB_ReadDevOutEPInterrupt
 .text.USB_ReadDevInEPInterrupt
                0x08002830       0x24 build/stm32h7xx_ll_usb.o
                0x08002830                USB_ReadDevInEPInterrupt
 .text.USB_GetMode
                0x08002854        0x8 build/stm32h7xx_ll_usb.o
                0x08002854                USB_GetMode
 .text.USB_ActivateSetup
                0x0800285c       0x38 build/stm32h7xx_ll_usb.o
                0x0800285c                USB_ActivateSetup
 .text.USB_EP0_OutStart
                0x08002894       0x46 build/stm32h7xx_ll_usb.o
                0x08002894                USB_EP0_OutStart
 *fill*         0x080028da        0x2 
 .text.USB_CoreReset
                0x080028dc       0x3c build/stm32h7xx_ll_usb.o
 .text.HAL_NVIC_SetPriorityGrouping
                0x08002918       0x24 build/stm32h7xx_hal_cortex.o
                0x08002918                HAL_NVIC_SetPriorityGrouping
 .text.HAL_NVIC_SetPriority
                0x0800293c       0x64 build/stm32h7xx_hal_cortex.o
                0x0800293c                HAL_NVIC_SetPriority
 .text.HAL_NVIC_EnableIRQ
                0x080029a0       0x1c build/stm32h7xx_hal_cortex.o
                0x080029a0                HAL_NVIC_EnableIRQ
 .text.HAL_SYSTICK_Config
                0x080029bc       0x2c build/stm32h7xx_hal_cortex.o
                0x080029bc                HAL_SYSTICK_Config
 .text.HAL_SYSTICK_Callback
                0x080029e8        0x2 build/stm32h7xx_hal_cortex.o
                0x080029e8                HAL_SYSTICK_Callback
 .text.HAL_SYSTICK_IRQHandler
                0x080029ea        0x8 build/stm32h7xx_hal_cortex.o
                0x080029ea                HAL_SYSTICK_IRQHandler
 *fill*         0x080029f2        0x2 
 .text.ETH_SetMACConfig
                0x080029f4      0x1b0 build/stm32h7xx_hal_eth.o
 .text.ETH_SetDMAConfig
                0x08002ba4       0x98 build/stm32h7xx_hal_eth.o
 .text.ETH_MACDMAConfig
                0x08002c3c       0xdc build/stm32h7xx_hal_eth.o
 .text.ETH_DMATxDescListInit
                0x08002d18       0x64 build/stm32h7xx_hal_eth.o
 .text.ETH_DMARxDescListInit
                0x08002d7c       0x82 build/stm32h7xx_hal_eth.o
 *fill*         0x08002dfe        0x2 
 .text.ETH_MAC_MDIO_ClkConfig
                0x08002e00       0x78 build/stm32h7xx_hal_eth.o
 .text.HAL_ETH_Init
                0x08002e78      0x13c build/stm32h7xx_hal_eth.o
                0x08002e78                HAL_ETH_Init
 .text.UART_SetConfig
                0x08002fb4      0x930 build/stm32h7xx_hal_uart.o
                0x08002fb4                UART_SetConfig
 .text.UART_AdvFeatureConfig
                0x080038e4       0xca build/stm32h7xx_hal_uart.o
                0x080038e4                UART_AdvFeatureConfig
 .text.UART_WaitOnFlagUntilTimeout
                0x080039ae       0x62 build/stm32h7xx_hal_uart.o
                0x080039ae                UART_WaitOnFlagUntilTimeout
 .text.HAL_UART_Transmit
                0x08003a10       0xd2 build/stm32h7xx_hal_uart.o
                0x08003a10                HAL_UART_Transmit
 .text.UART_CheckIdleState
                0x08003ae2       0x70 build/stm32h7xx_hal_uart.o
                0x08003ae2                UART_CheckIdleState
 .text.HAL_UART_Init
                0x08003b52       0x66 build/stm32h7xx_hal_uart.o
                0x08003b52                HAL_UART_Init
 .text.HAL_RCC_GetSysClockFreq
                0x08003bb8      0x1cc build/stm32h7xx_hal_rcc.o
                0x08003bb8                HAL_RCC_GetSysClockFreq
 .text.HAL_RCC_GetHCLKFreq
                0x08003d84       0x34 build/stm32h7xx_hal_rcc.o
                0x08003d84                HAL_RCC_GetHCLKFreq
 .text.HAL_RCC_GetPCLK1Freq
                0x08003db8       0x2c build/stm32h7xx_hal_rcc.o
                0x08003db8                HAL_RCC_GetPCLK1Freq
 .text.HAL_RCC_GetPCLK2Freq
                0x08003de4       0x2c build/stm32h7xx_hal_rcc.o
                0x08003de4                HAL_RCC_GetPCLK2Freq
 .text.HAL_RCCEx_GetD3PCLK1Freq
                0x08003e10       0x2c build/stm32h7xx_hal_rcc_ex.o
                0x08003e10                HAL_RCCEx_GetD3PCLK1Freq
 .text.HAL_RCCEx_GetPLL2ClockFreq
                0x08003e3c      0x1cc build/stm32h7xx_hal_rcc_ex.o
                0x08003e3c                HAL_RCCEx_GetPLL2ClockFreq
 .text.HAL_RCCEx_GetPLL3ClockFreq
                0x08004008      0x1cc build/stm32h7xx_hal_rcc_ex.o
                0x08004008                HAL_RCCEx_GetPLL3ClockFreq
 .text.HAL_RCCEx_GetD1SysClockFreq
                0x080041d4       0x34 build/stm32h7xx_hal_rcc_ex.o
                0x080041d4                HAL_RCCEx_GetD1SysClockFreq
 .text.HAL_GPIO_Init
                0x08004208      0x1ec build/stm32h7xx_hal_gpio.o
                0x08004208                HAL_GPIO_Init
 .text.HAL_PWREx_EnableUSBVoltageDetector
                0x080043f4       0x10 build/stm32h7xx_hal_pwr_ex.o
                0x080043f4                HAL_PWREx_EnableUSBVoltageDetector
 .text.HAL_InitTick
                0x08004404       0x4c build/stm32h7xx_hal.o
                0x08004404                HAL_InitTick
 .text.HAL_Init
                0x08004450       0x1e build/stm32h7xx_hal.o
                0x08004450                HAL_Init
 *fill*         0x0800446e        0x2 
 .text.HAL_IncTick
                0x08004470       0x18 build/stm32h7xx_hal.o
                0x08004470                HAL_IncTick
 .text.HAL_GetTick
                0x08004488        0xc build/stm32h7xx_hal.o
                0x08004488                HAL_GetTick
 .text.HAL_Delay
                0x08004494       0x28 build/stm32h7xx_hal.o
                0x08004494                HAL_Delay
 .text.HAL_SYSCFG_ETHInterfaceSelect
                0x080044bc       0x14 build/stm32h7xx_hal.o
                0x080044bc                HAL_SYSCFG_ETHInterfaceSelect
 .text.SystemInit
                0x080044d0       0x68 build/system_stm32h7xx.o
                0x080044d0                SystemInit
 .text.USBD_Init
                0x08004538       0x2e build/usbd_core.o
                0x08004538                USBD_Init
 .text.USBD_RegisterClass
                0x08004566        0xe build/usbd_core.o
                0x08004566                USBD_RegisterClass
 .text.USBD_Start
                0x08004574        0xa build/usbd_core.o
                0x08004574                USBD_Start
 .text.USBD_SetClassConfig
                0x0800457e       0x1a build/usbd_core.o
                0x0800457e                USBD_SetClassConfig
 .text.USBD_ClrClassConfig
                0x08004598        0xe build/usbd_core.o
                0x08004598                USBD_ClrClassConfig
 .text.USBD_LL_SetupStage
                0x080045a6       0x5a build/usbd_core.o
                0x080045a6                USBD_LL_SetupStage
 .text.USBD_LL_DataOutStage
                0x08004600       0x6a build/usbd_core.o
                0x08004600                USBD_LL_DataOutStage
 .text.USBD_LL_DataInStage
                0x0800466a       0xb0 build/usbd_core.o
                0x0800466a                USBD_LL_DataInStage
 .text.USBD_LL_Reset
                0x0800471a       0x3e build/usbd_core.o
                0x0800471a                USBD_LL_Reset
 .text.USBD_LL_SetSpeed
                0x08004758        0x6 build/usbd_core.o
                0x08004758                USBD_LL_SetSpeed
 .text.USBD_LL_Suspend
                0x0800475e       0x12 build/usbd_core.o
                0x0800475e                USBD_LL_Suspend
 .text.USBD_LL_Resume
                0x08004770        0xc build/usbd_core.o
                0x08004770                USBD_LL_Resume
 .text.USBD_LL_SOF
                0x0800477c       0x1c build/usbd_core.o
                0x0800477c                USBD_LL_SOF
 .text.USBD_LL_IsoINIncomplete
                0x08004798        0x4 build/usbd_core.o
                0x08004798                USBD_LL_IsoINIncomplete
 .text.USBD_LL_IsoOUTIncomplete
                0x0800479c        0x4 build/usbd_core.o
                0x0800479c                USBD_LL_IsoOUTIncomplete
 .text.USBD_LL_DevConnected
                0x080047a0        0x4 build/usbd_core.o
                0x080047a0                USBD_LL_DevConnected
 .text.USBD_LL_DevDisconnected
                0x080047a4       0x16 build/usbd_core.o
                0x080047a4                USBD_LL_DevDisconnected
 .text.USBD_GetLen
                0x080047ba       0x14 build/usbd_ctlreq.o
 .text.USBD_SetFeature
                0x080047ce       0x20 build/usbd_ctlreq.o
 .text.USBD_ParseSetupRequest
                0x080047ee       0x28 build/usbd_ctlreq.o
                0x080047ee                USBD_ParseSetupRequest
 .text.USBD_CtlError
                0x08004816       0x14 build/usbd_ctlreq.o
                0x08004816                USBD_CtlError
 .text.USBD_GetDescriptor
                0x0800482a      0x132 build/usbd_ctlreq.o
 .text.USBD_SetAddress
                0x0800495c       0x4a build/usbd_ctlreq.o
 *fill*         0x080049a6        0x2 
 .text.USBD_SetConfig
                0x080049a8       0xa4 build/usbd_ctlreq.o
 .text.USBD_GetConfig
                0x08004a4c       0x3a build/usbd_ctlreq.o
 .text.USBD_GetStatus
                0x08004a86       0x2c build/usbd_ctlreq.o
 .text.USBD_ClrFeature
                0x08004ab2       0x30 build/usbd_ctlreq.o
 .text.USBD_StdDevReq
                0x08004ae2       0x48 build/usbd_ctlreq.o
                0x08004ae2                USBD_StdDevReq
 .text.USBD_StdItfReq
                0x08004b2a       0x38 build/usbd_ctlreq.o
                0x08004b2a                USBD_StdItfReq
 .text.USBD_StdEPReq
                0x08004b62      0x138 build/usbd_ctlreq.o
                0x08004b62                USBD_StdEPReq
 .text.USBD_GetString
                0x08004c9a       0x3a build/usbd_ctlreq.o
                0x08004c9a                USBD_GetString
 .text.USBD_CtlSendData
                0x08004cd4       0x1a build/usbd_ioreq.o
                0x08004cd4                USBD_CtlSendData
 .text.USBD_CtlContinueSendData
                0x08004cee       0x10 build/usbd_ioreq.o
                0x08004cee                USBD_CtlContinueSendData
 .text.USBD_CtlPrepareRx
                0x08004cfe       0x1e build/usbd_ioreq.o
                0x08004cfe                USBD_CtlPrepareRx
 .text.USBD_CtlContinueRx
                0x08004d1c       0x10 build/usbd_ioreq.o
                0x08004d1c                USBD_CtlContinueRx
 .text.USBD_CtlSendStatus
                0x08004d2c       0x16 build/usbd_ioreq.o
                0x08004d2c                USBD_CtlSendStatus
 .text.USBD_CtlReceiveStatus
                0x08004d42       0x16 build/usbd_ioreq.o
                0x08004d42                USBD_CtlReceiveStatus
 .text.USBD_CDC_DataIn
                0x08004d58       0x12 build/usbd_cdc.o
 .text.USBD_CDC_EP0_RxReady
                0x08004d6a       0x28 build/usbd_cdc.o
 *fill*         0x08004d92        0x2 
 .text.USBD_CDC_GetFSCfgDesc
                0x08004d94        0xc build/usbd_cdc.o
 .text.USBD_CDC_GetHSCfgDesc
                0x08004da0        0xc build/usbd_cdc.o
 .text.USBD_CDC_GetOtherSpeedCfgDesc
                0x08004dac        0xc build/usbd_cdc.o
 .text.USBD_CDC_GetDeviceQualifierDescriptor
                0x08004db8        0xc build/usbd_cdc.o
                0x08004db8                USBD_CDC_GetDeviceQualifierDescriptor
 .text.USBD_CDC_DataOut
                0x08004dc4       0x2e build/usbd_cdc.o
 *fill*         0x08004df2        0x2 
 .text.USBD_CDC_Setup
                0x08004df4       0x74 build/usbd_cdc.o
 .text.USBD_CDC_DeInit
                0x08004e68       0x3a build/usbd_cdc.o
 .text.USBD_CDC_Init
                0x08004ea2       0x9c build/usbd_cdc.o
 .text.USBD_CDC_RegisterInterface
                0x08004f3e        0xe build/usbd_cdc.o
                0x08004f3e                USBD_CDC_RegisterInterface
 .text.USBD_CDC_SetTxBuffer
                0x08004f4c       0x10 build/usbd_cdc.o
                0x08004f4c                USBD_CDC_SetTxBuffer
 .text.USBD_CDC_SetRxBuffer
                0x08004f5c        0xc build/usbd_cdc.o
                0x08004f5c                USBD_CDC_SetRxBuffer
 .text.USBD_CDC_TransmitPacket
                0x08004f68       0x2e build/usbd_cdc.o
                0x08004f68                USBD_CDC_TransmitPacket
 .text.USBD_CDC_ReceivePacket
                0x08004f96       0x34 build/usbd_cdc.o
                0x08004f96                USBD_CDC_ReceivePacket
 *fill*         0x08004fca        0x2 
 .text.Reset_Handler
                0x08004fcc       0x50 build/startup_stm32h743xx.o
                0x08004fcc                Reset_Handler
 .text.Default_Handler
                0x0800501c        0x2 build/startup_stm32h743xx.o
                0x0800501c                RTC_Alarm_IRQHandler
                0x0800501c                EXTI2_IRQHandler
                0x0800501c                TIM8_CC_IRQHandler
                0x0800501c                HRTIM1_Master_IRQHandler
                0x0800501c                DebugMon_Handler
                0x0800501c                UART8_IRQHandler
                0x0800501c                SPI4_IRQHandler
                0x0800501c                TIM1_CC_IRQHandler
                0x0800501c                BDMA_Channel6_IRQHandler
                0x0800501c                DMA2_Stream5_IRQHandler
                0x0800501c                HardFault_Handler
                0x0800501c                HRTIM1_FLT_IRQHandler
                0x0800501c                JPEG_IRQHandler
                0x0800501c                DMA1_Stream5_IRQHandler
                0x0800501c                BDMA_Channel1_IRQHandler
                0x0800501c                HRTIM1_TIMD_IRQHandler
                0x0800501c                TAMP_STAMP_IRQHandler
                0x0800501c                PendSV_Handler
                0x0800501c                NMI_Handler
                0x0800501c                EXTI3_IRQHandler
                0x0800501c                LPTIM4_IRQHandler
                0x0800501c                TIM8_TRG_COM_TIM14_IRQHandler
                0x0800501c                LPTIM2_IRQHandler
                0x0800501c                DFSDM1_FLT1_IRQHandler
                0x0800501c                DMAMUX2_OVR_IRQHandler
                0x0800501c                TIM8_UP_TIM13_IRQHandler
                0x0800501c                I2C3_ER_IRQHandler
                0x0800501c                DFSDM1_FLT2_IRQHandler
                0x0800501c                MDMA_IRQHandler
                0x0800501c                LPTIM3_IRQHandler
                0x0800501c                HSEM1_IRQHandler
                0x0800501c                EXTI0_IRQHandler
                0x0800501c                I2C2_EV_IRQHandler
                0x0800501c                DMA1_Stream2_IRQHandler
                0x0800501c                FPU_IRQHandler
                0x0800501c                OTG_HS_WKUP_IRQHandler
                0x0800501c                FDCAN1_IT1_IRQHandler
                0x0800501c                UsageFault_Handler
                0x0800501c                LTDC_ER_IRQHandler
                0x0800501c                DMA2_Stream2_IRQHandler
                0x0800501c                HRTIM1_TIME_IRQHandler
                0x0800501c                SPI1_IRQHandler
                0x0800501c                DCMI_IRQHandler
                0x0800501c                HRTIM1_TIMC_IRQHandler
                0x0800501c                DMA2_Stream3_IRQHandler
                0x0800501c                SAI2_IRQHandler
                0x0800501c                DFSDM1_FLT3_IRQHandler
                0x0800501c                USART6_IRQHandler
                0x0800501c                TIM17_IRQHandler
                0x0800501c                USART3_IRQHandler
                0x0800501c                BDMA_Channel7_IRQHandler
                0x0800501c                LPTIM5_IRQHandler
                0x0800501c                UART5_IRQHandler
                0x0800501c                ADC3_IRQHandler
                0x0800501c                DMA2_Stream0_IRQHandler
                0x0800501c                TIM4_IRQHandler
                0x0800501c                BDMA_Channel2_IRQHandler
                0x0800501c                QUADSPI_IRQHandler
                0x0800501c                I2C1_EV_IRQHandler
                0x0800501c                DMA1_Stream6_IRQHandler
                0x0800501c                DMAMUX1_OVR_IRQHandler
                0x0800501c                DMA1_Stream1_IRQHandler
                0x0800501c                TIM16_IRQHandler
                0x0800501c                UART4_IRQHandler
                0x0800501c                BDMA_Channel5_IRQHandler
                0x0800501c                TIM3_IRQHandler
                0x0800501c                RCC_IRQHandler
                0x0800501c                TIM8_BRK_TIM12_IRQHandler
                0x0800501c                TIM1_TRG_COM_IRQHandler
                0x0800501c                Default_Handler
                0x0800501c                CEC_IRQHandler
                0x0800501c                EXTI15_10_IRQHandler
                0x0800501c                BDMA_Channel0_IRQHandler
                0x0800501c                ADC_IRQHandler
                0x0800501c                DMA1_Stream7_IRQHandler
                0x0800501c                HRTIM1_TIMA_IRQHandler
                0x0800501c                SPI5_IRQHandler
                0x0800501c                TIM7_IRQHandler
                0x0800501c                SDMMC1_IRQHandler
                0x0800501c                TIM5_IRQHandler
                0x0800501c                DMA2_Stream7_IRQHandler
                0x0800501c                TIM15_IRQHandler
                0x0800501c                PVD_AVD_IRQHandler
                0x0800501c                I2C3_EV_IRQHandler
                0x0800501c                EXTI9_5_IRQHandler
                0x0800501c                RTC_WKUP_IRQHandler
                0x0800501c                LTDC_IRQHandler
                0x0800501c                SAI3_IRQHandler
                0x0800501c                ETH_WKUP_IRQHandler
                0x0800501c                SPDIF_RX_IRQHandler
                0x0800501c                SPI2_IRQHandler
                0x0800501c                OTG_HS_EP1_IN_IRQHandler
                0x0800501c                MemManage_Handler
                0x0800501c                SVC_Handler
                0x0800501c                CRS_IRQHandler
                0x0800501c                EXTI4_IRQHandler
                0x0800501c                RNG_IRQHandler
                0x0800501c                HRTIM1_TIMB_IRQHandler
                0x0800501c                FDCAN2_IT1_IRQHandler
                0x0800501c                ETH_IRQHandler
                0x0800501c                TIM1_UP_IRQHandler
                0x0800501c                BDMA_Channel4_IRQHandler
                0x0800501c                OTG_HS_EP1_OUT_IRQHandler
                0x0800501c                WWDG_IRQHandler
                0x0800501c                SPI6_IRQHandler
                0x0800501c                MDIOS_IRQHandler
                0x0800501c                I2C4_EV_IRQHandler
                0x0800501c                FDCAN2_IT0_IRQHandler
                0x0800501c                LPUART1_IRQHandler
                0x0800501c                FDCAN1_IT0_IRQHandler
                0x0800501c                OTG_FS_WKUP_IRQHandler
                0x0800501c                OTG_HS_IRQHandler
                0x0800501c                DMA2D_IRQHandler
                0x0800501c                TIM1_BRK_IRQHandler
                0x0800501c                EXTI1_IRQHandler
                0x0800501c                SDMMC2_IRQHandler
                0x0800501c                OTG_FS_EP1_OUT_IRQHandler
                0x0800501c                BDMA_Channel3_IRQHandler
                0x0800501c                UART7_IRQHandler
                0x0800501c                MDIOS_WKUP_IRQHandler
                0x0800501c                USART2_IRQHandler
                0x0800501c                DFSDM1_FLT0_IRQHandler
                0x0800501c                SAI4_IRQHandler
                0x0800501c                I2C2_ER_IRQHandler
                0x0800501c                DMA2_Stream1_IRQHandler
                0x0800501c                FLASH_IRQHandler
                0x0800501c                DMA2_Stream4_IRQHandler
                0x0800501c                BusFault_Handler
                0x0800501c                USART1_IRQHandler
                0x0800501c                SPI3_IRQHandler
                0x0800501c                WAKEUP_PIN_IRQHandler
                0x0800501c                DMA1_Stream4_IRQHandler
                0x0800501c                OTG_FS_EP1_IN_IRQHandler
                0x0800501c                I2C1_ER_IRQHandler
                0x0800501c                FMC_IRQHandler
                0x0800501c                FDCAN_CAL_IRQHandler
                0x0800501c                SWPMI1_IRQHandler
                0x0800501c                COMP1_IRQHandler
                0x0800501c                LPTIM1_IRQHandler
                0x0800501c                I2C4_ER_IRQHandler
                0x0800501c                DMA2_Stream6_IRQHandler
                0x0800501c                SAI1_IRQHandler
                0x0800501c                DMA1_Stream3_IRQHandler
 *fill*         0x0800501e        0x2 
 .text.__libc_init_array
                0x08005020       0x48 c:/gcc/bin/../lib/gcc/arm-none-eabi/7.3.1/../../../../arm-none-eabi/lib/thumb/v7e-m/fpv5/hard\libc_nano.a(lib_a-init.o)
                0x08005020                __libc_init_array
 .text.malloc   0x08005068       0x10 c:/gcc/bin/../lib/gcc/arm-none-eabi/7.3.1/../../../../arm-none-eabi/lib/thumb/v7e-m/fpv5/hard\libc_nano.a(lib_a-malloc.o)
                0x08005068                malloc
 .text.free     0x08005078       0x10 c:/gcc/bin/../lib/gcc/arm-none-eabi/7.3.1/../../../../arm-none-eabi/lib/thumb/v7e-m/fpv5/hard\libc_nano.a(lib_a-malloc.o)
                0x08005078                free
 .text.memset   0x08005088       0x10 c:/gcc/bin/../lib/gcc/arm-none-eabi/7.3.1/../../../../arm-none-eabi/lib/thumb/v7e-m/fpv5/hard\libc_nano.a(lib_a-memset.o)
                0x08005088                memset
 .text._free_r  0x08005098       0x9c c:/gcc/bin/../lib/gcc/arm-none-eabi/7.3.1/../../../../arm-none-eabi/lib/thumb/v7e-m/fpv5/hard\libc_nano.a(lib_a-nano-freer.o)
                0x08005098                _free_r
 .text._malloc_r
                0x08005134       0xb4 c:/gcc/bin/../lib/gcc/arm-none-eabi/7.3.1/../../../../arm-none-eabi/lib/thumb/v7e-m/fpv5/hard\libc_nano.a(lib_a-nano-mallocr.o)
                0x08005134                _malloc_r
 .text.printf   0x080051e8       0x30 c:/gcc/bin/../lib/gcc/arm-none-eabi/7.3.1/../../../../arm-none-eabi/lib/thumb/v7e-m/fpv5/hard\libc_nano.a(lib_a-printf.o)
                0x080051e8                iprintf
                0x080051e8                printf
 .text._puts_r  0x08005218       0xb8 c:/gcc/bin/../lib/gcc/arm-none-eabi/7.3.1/../../../../arm-none-eabi/lib/thumb/v7e-m/fpv5/hard\libc_nano.a(lib_a-puts.o)
                0x08005218                _puts_r
 .text.puts     0x080052d0       0x10 c:/gcc/bin/../lib/gcc/arm-none-eabi/7.3.1/../../../../arm-none-eabi/lib/thumb/v7e-m/fpv5/hard\libc_nano.a(lib_a-puts.o)
                0x080052d0                puts
 .text._sbrk_r  0x080052e0       0x20 c:/gcc/bin/../lib/gcc/arm-none-eabi/7.3.1/../../../../arm-none-eabi/lib/thumb/v7e-m/fpv5/hard\libc_nano.a(lib_a-sbrkr.o)
                0x080052e0                _sbrk_r
 .text.strncpy  0x08005300       0x2a c:/gcc/bin/../lib/gcc/arm-none-eabi/7.3.1/../../../../arm-none-eabi/lib/thumb/v7e-m/fpv5/hard\libc_nano.a(lib_a-strncpy.o)
                0x08005300                strncpy
 *fill*         0x0800532a        0x2 
 .text.__swbuf_r
                0x0800532c       0xa4 c:/gcc/bin/../lib/gcc/arm-none-eabi/7.3.1/../../../../arm-none-eabi/lib/thumb/v7e-m/fpv5/hard\libc_nano.a(lib_a-wbuf.o)
                0x0800532c                __swbuf_r
 .text.__swsetup_r
                0x080053d0       0xdc c:/gcc/bin/../lib/gcc/arm-none-eabi/7.3.1/../../../../arm-none-eabi/lib/thumb/v7e-m/fpv5/hard\libc_nano.a(lib_a-wsetup.o)
                0x080053d0                __swsetup_r
 .text.__sflush_r
                0x080054ac      0x10c c:/gcc/bin/../lib/gcc/arm-none-eabi/7.3.1/../../../../arm-none-eabi/lib/thumb/v7e-m/fpv5/hard\libc_nano.a(lib_a-fflush.o)
                0x080054ac                __sflush_r
 .text._fflush_r
                0x080055b8       0x54 c:/gcc/bin/../lib/gcc/arm-none-eabi/7.3.1/../../../../arm-none-eabi/lib/thumb/v7e-m/fpv5/hard\libc_nano.a(lib_a-fflush.o)
                0x080055b8                _fflush_r
 .text.std      0x0800560c       0x48 c:/gcc/bin/../lib/gcc/arm-none-eabi/7.3.1/../../../../arm-none-eabi/lib/thumb/v7e-m/fpv5/hard\libc_nano.a(lib_a-findfp.o)
 .text._cleanup_r
                0x08005654        0xc c:/gcc/bin/../lib/gcc/arm-none-eabi/7.3.1/../../../../arm-none-eabi/lib/thumb/v7e-m/fpv5/hard\libc_nano.a(lib_a-findfp.o)
                0x08005654                _cleanup_r
 .text.__sfmoreglue
                0x08005660       0x2c c:/gcc/bin/../lib/gcc/arm-none-eabi/7.3.1/../../../../arm-none-eabi/lib/thumb/v7e-m/fpv5/hard\libc_nano.a(lib_a-findfp.o)
                0x08005660                __sfmoreglue
 .text.__sinit  0x0800568c       0x60 c:/gcc/bin/../lib/gcc/arm-none-eabi/7.3.1/../../../../arm-none-eabi/lib/thumb/v7e-m/fpv5/hard\libc_nano.a(lib_a-findfp.o)
                0x0800568c                __sinit
 .text.__sfp    0x080056ec       0x78 c:/gcc/bin/../lib/gcc/arm-none-eabi/7.3.1/../../../../arm-none-eabi/lib/thumb/v7e-m/fpv5/hard\libc_nano.a(lib_a-findfp.o)
                0x080056ec                __sfp
 .text._fwalk_reent
                0x08005764       0x3c c:/gcc/bin/../lib/gcc/arm-none-eabi/7.3.1/../../../../arm-none-eabi/lib/thumb/v7e-m/fpv5/hard\libc_nano.a(lib_a-fwalk.o)
                0x08005764                _fwalk_reent
 .text.__swhatbuf_r
                0x080057a0       0x48 c:/gcc/bin/../lib/gcc/arm-none-eabi/7.3.1/../../../../arm-none-eabi/lib/thumb/v7e-m/fpv5/hard\libc_nano.a(lib_a-makebuf.o)
                0x080057a0                __swhatbuf_r
 .text.__smakebuf_r
                0x080057e8       0x80 c:/gcc/bin/../lib/gcc/arm-none-eabi/7.3.1/../../../../arm-none-eabi/lib/thumb/v7e-m/fpv5/hard\libc_nano.a(lib_a-makebuf.o)
                0x080057e8                __smakebuf_r
 .text.__malloc_lock
                0x08005868        0x2 c:/gcc/bin/../lib/gcc/arm-none-eabi/7.3.1/../../../../arm-none-eabi/lib/thumb/v7e-m/fpv5/hard\libc_nano.a(lib_a-mlock.o)
                0x08005868                __malloc_lock
 .text.__malloc_unlock
                0x0800586a        0x2 c:/gcc/bin/../lib/gcc/arm-none-eabi/7.3.1/../../../../arm-none-eabi/lib/thumb/v7e-m/fpv5/hard\libc_nano.a(lib_a-mlock.o)
                0x0800586a                __malloc_unlock
 .text.__sfputc_r
                0x0800586c       0x2e c:/gcc/bin/../lib/gcc/arm-none-eabi/7.3.1/../../../../arm-none-eabi/lib/thumb/v7e-m/fpv5/hard\libc_nano.a(lib_a-nano-vfprintf.o)
 .text.__sfputs_r
                0x0800589a       0x24 c:/gcc/bin/../lib/gcc/arm-none-eabi/7.3.1/../../../../arm-none-eabi/lib/thumb/v7e-m/fpv5/hard\libc_nano.a(lib_a-nano-vfprintf.o)
                0x0800589a                __sfputs_r
 *fill*         0x080058be        0x2 
 .text._vfprintf_r
                0x080058c0      0x22c c:/gcc/bin/../lib/gcc/arm-none-eabi/7.3.1/../../../../arm-none-eabi/lib/thumb/v7e-m/fpv5/hard\libc_nano.a(lib_a-nano-vfprintf.o)
                0x080058c0                _vfprintf_r
                0x080058c0                _vfiprintf_r
 .text._printf_common
                0x08005aec       0xea c:/gcc/bin/../lib/gcc/arm-none-eabi/7.3.1/../../../../arm-none-eabi/lib/thumb/v7e-m/fpv5/hard\libc_nano.a(lib_a-nano-vfprintf_i.o)
                0x08005aec                _printf_common
 *fill*         0x08005bd6        0x2 
 .text._printf_i
                0x08005bd8      0x224 c:/gcc/bin/../lib/gcc/arm-none-eabi/7.3.1/../../../../arm-none-eabi/lib/thumb/v7e-m/fpv5/hard\libc_nano.a(lib_a-nano-vfprintf_i.o)
                0x08005bd8                _printf_i
 .text.__sread  0x08005dfc       0x22 c:/gcc/bin/../lib/gcc/arm-none-eabi/7.3.1/../../../../arm-none-eabi/lib/thumb/v7e-m/fpv5/hard\libc_nano.a(lib_a-stdio.o)
                0x08005dfc                __sread
 .text.__swrite
                0x08005e1e       0x38 c:/gcc/bin/../lib/gcc/arm-none-eabi/7.3.1/../../../../arm-none-eabi/lib/thumb/v7e-m/fpv5/hard\libc_nano.a(lib_a-stdio.o)
                0x08005e1e                __swrite
 .text.__sseek  0x08005e56       0x24 c:/gcc/bin/../lib/gcc/arm-none-eabi/7.3.1/../../../../arm-none-eabi/lib/thumb/v7e-m/fpv5/hard\libc_nano.a(lib_a-stdio.o)
                0x08005e56                __sseek
 .text.__sclose
                0x08005e7a        0x8 c:/gcc/bin/../lib/gcc/arm-none-eabi/7.3.1/../../../../arm-none-eabi/lib/thumb/v7e-m/fpv5/hard\libc_nano.a(lib_a-stdio.o)
                0x08005e7a                __sclose
 *fill*         0x08005e82        0x2 
 .text._write_r
                0x08005e84       0x24 c:/gcc/bin/../lib/gcc/arm-none-eabi/7.3.1/../../../../arm-none-eabi/lib/thumb/v7e-m/fpv5/hard\libc_nano.a(lib_a-writer.o)
                0x08005e84                _write_r
 .text._close_r
                0x08005ea8       0x20 c:/gcc/bin/../lib/gcc/arm-none-eabi/7.3.1/../../../../arm-none-eabi/lib/thumb/v7e-m/fpv5/hard\libc_nano.a(lib_a-closer.o)
                0x08005ea8                _close_r
 .text._fstat_r
                0x08005ec8       0x24 c:/gcc/bin/../lib/gcc/arm-none-eabi/7.3.1/../../../../arm-none-eabi/lib/thumb/v7e-m/fpv5/hard\libc_nano.a(lib_a-fstatr.o)
                0x08005ec8                _fstat_r
 .text._isatty_r
                0x08005eec       0x20 c:/gcc/bin/../lib/gcc/arm-none-eabi/7.3.1/../../../../arm-none-eabi/lib/thumb/v7e-m/fpv5/hard\libc_nano.a(lib_a-isattyr.o)
                0x08005eec                _isatty_r
 .text._lseek_r
                0x08005f0c       0x24 c:/gcc/bin/../lib/gcc/arm-none-eabi/7.3.1/../../../../arm-none-eabi/lib/thumb/v7e-m/fpv5/hard\libc_nano.a(lib_a-lseekr.o)
                0x08005f0c                _lseek_r
 .text._read_r  0x08005f30       0x24 c:/gcc/bin/../lib/gcc/arm-none-eabi/7.3.1/../../../../arm-none-eabi/lib/thumb/v7e-m/fpv5/hard\libc_nano.a(lib_a-readr.o)
                0x08005f30                _read_r
 .text._close   0x08005f54       0x10 c:/gcc/bin/../lib/gcc/arm-none-eabi/7.3.1/../../../../arm-none-eabi/lib/thumb/v7e-m/fpv5/hard\libnosys.a(close.o)
                0x08005f54                _close
 .text._fstat   0x08005f64       0x10 c:/gcc/bin/../lib/gcc/arm-none-eabi/7.3.1/../../../../arm-none-eabi/lib/thumb/v7e-m/fpv5/hard\libnosys.a(fstat.o)
                0x08005f64                _fstat
 .text._isatty  0x08005f74       0x10 c:/gcc/bin/../lib/gcc/arm-none-eabi/7.3.1/../../../../arm-none-eabi/lib/thumb/v7e-m/fpv5/hard\libnosys.a(isatty.o)
                0x08005f74                _isatty
 .text._lseek   0x08005f84       0x10 c:/gcc/bin/../lib/gcc/arm-none-eabi/7.3.1/../../../../arm-none-eabi/lib/thumb/v7e-m/fpv5/hard\libnosys.a(lseek.o)
                0x08005f84                _lseek
 .text._read    0x08005f94       0x10 c:/gcc/bin/../lib/gcc/arm-none-eabi/7.3.1/../../../../arm-none-eabi/lib/thumb/v7e-m/fpv5/hard\libnosys.a(read.o)
                0x08005f94                _read
 .text._sbrk    0x08005fa4       0x1c c:/gcc/bin/../lib/gcc/arm-none-eabi/7.3.1/../../../../arm-none-eabi/lib/thumb/v7e-m/fpv5/hard\libnosys.a(sbrk.o)
                0x08005fa4                _sbrk
 *(.glue_7)
 .glue_7        0x08005fc0        0x0 linker stubs
 *(.glue_7t)
 .glue_7t       0x08005fc0        0x0 linker stubs
 *(.eh_frame)
 .eh_frame      0x08005fc0        0x0 c:/gcc/bin/../lib/gcc/arm-none-eabi/7.3.1/thumb/v7e-m/fpv5/hard/crtbegin.o
 *(.init)
 .init          0x08005fc0        0x4 c:/gcc/bin/../lib/gcc/arm-none-eabi/7.3.1/thumb/v7e-m/fpv5/hard/crti.o
                0x08005fc0                _init
 .init          0x08005fc4        0x8 c:/gcc/bin/../lib/gcc/arm-none-eabi/7.3.1/thumb/v7e-m/fpv5/hard/crtn.o
 *(.fini)
 .fini          0x08005fcc        0x4 c:/gcc/bin/../lib/gcc/arm-none-eabi/7.3.1/thumb/v7e-m/fpv5/hard/crti.o
                0x08005fcc                _fini
 .fini          0x08005fd0        0x8 c:/gcc/bin/../lib/gcc/arm-none-eabi/7.3.1/thumb/v7e-m/fpv5/hard/crtn.o
                0x08005fd8                . = ALIGN (0x4)
                0x08005fd8                _etext = .

.vfp11_veneer   0x08005fd8        0x0
 .vfp11_veneer  0x08005fd8        0x0 linker stubs

.v4_bx          0x08005fd8        0x0
 .v4_bx         0x08005fd8        0x0 linker stubs

.iplt           0x08005fd8        0x0
 .iplt          0x08005fd8        0x0 c:/gcc/bin/../lib/gcc/arm-none-eabi/7.3.1/thumb/v7e-m/fpv5/hard/crtbegin.o

.rodata         0x08005fd8      0x1dc
                0x08005fd8                . = ALIGN (0x4)
 *(.rodata)
 *(.rodata*)
 .rodata.main.str1.4
                0x08005fd8       0x20 build/main.o
 .rodata.my_DMA_init.str1.4
                0x08005ff8       0x79 build/main.o
 *fill*         0x08006071        0x3 
 .rodata.MX_ETH_Init.str1.4
                0x08006074        0xa build/eth.o
 *fill*         0x0800607e        0x2 
 .rodata.MX_USART3_UART_Init.str1.4
                0x08006080        0xc build/usart.o
 .rodata.USBD_LL_Init.str1.4
                0x0800608c       0x10 build/usbd_conf.o
 .rodata.USBD_FS_ConfigStrDescriptor.str1.4
                0x0800609c        0xb build/usbd_desc.o
 *fill*         0x080060a7        0x1 
 .rodata.USBD_FS_InterfaceStrDescriptor.str1.4
                0x080060a8        0xe build/usbd_desc.o
 *fill*         0x080060b6        0x2 
 .rodata.USBD_FS_ManufacturerStrDescriptor.str1.4
                0x080060b8       0x13 build/usbd_desc.o
 *fill*         0x080060cb        0x1 
 .rodata.USBD_FS_ProductStrDescriptor.str1.4
                0x080060cc       0x16 build/usbd_desc.o
 *fill*         0x080060e2        0x2 
 .rodata.USBD_FS_SerialStrDescriptor.str1.4
                0x080060e4       0x10 build/usbd_desc.o
                                  0xd (size before relaxing)
 .rodata.UARTPrescTable
                0x080060f4       0x18 build/stm32h7xx_hal_uart.o
 .rodata.D1CorePrescTable
                0x0800610c       0x10 build/system_stm32h7xx.o
                0x0800610c                D1CorePrescTable
 .rodata._global_impure_ptr
                0x0800611c        0x4 c:/gcc/bin/../lib/gcc/arm-none-eabi/7.3.1/../../../../arm-none-eabi/lib/thumb/v7e-m/fpv5/hard\libc_nano.a(lib_a-impure.o)
                0x0800611c                _global_impure_ptr
 .rodata.__sf_fake_stderr
                0x08006120       0x20 c:/gcc/bin/../lib/gcc/arm-none-eabi/7.3.1/../../../../arm-none-eabi/lib/thumb/v7e-m/fpv5/hard\libc_nano.a(lib_a-findfp.o)
                0x08006120                __sf_fake_stderr
 .rodata.__sf_fake_stdin
                0x08006140       0x20 c:/gcc/bin/../lib/gcc/arm-none-eabi/7.3.1/../../../../arm-none-eabi/lib/thumb/v7e-m/fpv5/hard\libc_nano.a(lib_a-findfp.o)
                0x08006140                __sf_fake_stdin
 .rodata.__sf_fake_stdout
                0x08006160       0x20 c:/gcc/bin/../lib/gcc/arm-none-eabi/7.3.1/../../../../arm-none-eabi/lib/thumb/v7e-m/fpv5/hard\libc_nano.a(lib_a-findfp.o)
                0x08006160                __sf_fake_stdout
 .rodata._vfprintf_r.str1.1
                0x08006180       0x11 c:/gcc/bin/../lib/gcc/arm-none-eabi/7.3.1/../../../../arm-none-eabi/lib/thumb/v7e-m/fpv5/hard\libc_nano.a(lib_a-nano-vfprintf.o)
 .rodata._printf_i.str1.1
                0x08006191       0x22 c:/gcc/bin/../lib/gcc/arm-none-eabi/7.3.1/../../../../arm-none-eabi/lib/thumb/v7e-m/fpv5/hard\libc_nano.a(lib_a-nano-vfprintf_i.o)
                0x080061b4                . = ALIGN (0x4)
 *fill*         0x080061b3        0x1 

.ARM.extab
 *(.ARM.extab* .gnu.linkonce.armextab.*)

.ARM            0x080061b4        0x8
                0x080061b4                __exidx_start = .
 *(.ARM.exidx*)
 .ARM.exidx     0x080061b4        0x8 c:/gcc/bin/../lib/gcc/arm-none-eabi/7.3.1/thumb/v7e-m/fpv5/hard\libgcc.a(_udivmoddi4.o)
                0x080061bc                __exidx_end = .

.rel.dyn        0x080061bc        0x0
 .rel.iplt      0x080061bc        0x0 c:/gcc/bin/../lib/gcc/arm-none-eabi/7.3.1/thumb/v7e-m/fpv5/hard/crtbegin.o

.preinit_array  0x080061bc        0x0
                0x080061bc                PROVIDE (__preinit_array_start = .)
 *(.preinit_array*)
                0x080061bc                PROVIDE (__preinit_array_end = .)

.init_array     0x080061bc        0x4
                0x080061bc                PROVIDE (__init_array_start = .)
 *(SORT_BY_NAME(.init_array.*))
 *(.init_array*)
 .init_array    0x080061bc        0x4 c:/gcc/bin/../lib/gcc/arm-none-eabi/7.3.1/thumb/v7e-m/fpv5/hard/crtbegin.o
                0x080061c0                PROVIDE (__init_array_end = .)

.fini_array     0x080061c0        0x4
                [!provide]                PROVIDE (__fini_array_start = .)
 *(SORT_BY_NAME(.fini_array.*))
 *(.fini_array*)
 .fini_array    0x080061c0        0x4 c:/gcc/bin/../lib/gcc/arm-none-eabi/7.3.1/thumb/v7e-m/fpv5/hard/crtbegin.o
                [!provide]                PROVIDE (__fini_array_end = .)
                0x080061c4                _sidata = LOADADDR (.data)

.data           0x20000000      0x1e0 load address 0x080061c4
                0x20000000                . = ALIGN (0x4)
                0x20000000                _sdata = .
 *(.data)
 *(.data*)
 .data.string   0x20000000       0x16 build/main.o
                0x20000000                string
 *fill*         0x20000016        0x2 
 .data.FS_Desc  0x20000018       0x1c build/usbd_desc.o
                0x20000018                FS_Desc
 .data.USBD_FS_DeviceDesc
                0x20000034       0x12 build/usbd_desc.o
                0x20000034                USBD_FS_DeviceDesc
 *fill*         0x20000046        0x2 
 .data.USBD_LangIDDesc
                0x20000048        0x4 build/usbd_desc.o
                0x20000048                USBD_LangIDDesc
 .data.USBD_Interface_fops_FS
                0x2000004c       0x10 build/usbd_cdc_if.o
                0x2000004c                USBD_Interface_fops_FS
 .data.uwTickFreq
                0x2000005c        0x1 build/stm32h7xx_hal.o
 *fill*         0x2000005d        0x3 
 .data.uwTickPrio
                0x20000060        0x4 build/stm32h7xx_hal.o
 .data.SystemCoreClock
                0x20000064        0x4 build/system_stm32h7xx.o
                0x20000064                SystemCoreClock
 .data.SystemD2Clock
                0x20000068        0x4 build/system_stm32h7xx.o
                0x20000068                SystemD2Clock
 .data.USBD_CDC
                0x2000006c       0x38 build/usbd_cdc.o
                0x2000006c                USBD_CDC
 .data.USBD_CDC_CfgFSDesc
                0x200000a4       0x43 build/usbd_cdc.o
                0x200000a4                USBD_CDC_CfgFSDesc
 *fill*         0x200000e7        0x1 
 .data.USBD_CDC_CfgHSDesc
                0x200000e8       0x43 build/usbd_cdc.o
                0x200000e8                USBD_CDC_CfgHSDesc
 *fill*         0x2000012b        0x1 
 .data.USBD_CDC_DeviceQualifierDesc
                0x2000012c        0xa build/usbd_cdc.o
 *fill*         0x20000136        0x2 
 .data.USBD_CDC_OtherSpeedCfgDesc
                0x20000138       0x43 build/usbd_cdc.o
                0x20000138                USBD_CDC_OtherSpeedCfgDesc
 *fill*         0x2000017b        0x1 
 .data._impure_ptr
                0x2000017c        0x4 c:/gcc/bin/../lib/gcc/arm-none-eabi/7.3.1/../../../../arm-none-eabi/lib/thumb/v7e-m/fpv5/hard\libc_nano.a(lib_a-impure.o)
                0x2000017c                _impure_ptr
 .data.impure_data
                0x20000180       0x60 c:/gcc/bin/../lib/gcc/arm-none-eabi/7.3.1/../../../../arm-none-eabi/lib/thumb/v7e-m/fpv5/hard\libc_nano.a(lib_a-impure.o)
                0x200001e0                . = ALIGN (0x4)
                0x200001e0                _edata = .

.igot.plt       0x200001e0        0x0 load address 0x080063a4
 .igot.plt      0x200001e0        0x0 c:/gcc/bin/../lib/gcc/arm-none-eabi/7.3.1/thumb/v7e-m/fpv5/hard/crtbegin.o

.RxDecripSection
                0x200001e0       0x60 load address 0x080063a4
 .RxDecripSection
                0x200001e0       0x60 build/eth.o
                0x200001e0                DMARxDscrTab

.TxDecripSection
                0x20000240       0x60 load address 0x08006404
 .TxDecripSection
                0x20000240       0x60 build/eth.o
                0x20000240                DMATxDscrTab
                0x200002a0                . = ALIGN (0x4)

.bss            0x200002a0     0x8990 load address 0x08006464
                0x200002a0                _sbss = .
                0x200002a0                __bss_start__ = _sbss
 *(.bss)
 .bss           0x200002a0       0x1c c:/gcc/bin/../lib/gcc/arm-none-eabi/7.3.1/thumb/v7e-m/fpv5/hard/crtbegin.o
 *(.bss*)
 .bss.dmaFlag   0x200002bc        0x4 build/main.o
                0x200002bc                dmaFlag
 .bss.flipFlag  0x200002c0        0x4 build/main.o
                0x200002c0                flipFlag
 .bss.uwTick    0x200002c4        0x4 build/stm32h7xx_hal.o
 .bss.cfgidx.11877
                0x200002c8        0x1 build/usbd_ctlreq.o
 .bss.ifalt.11872
                0x200002c9        0x1 build/usbd_cdc.o
 *fill*         0x200002ca        0x2 
 .bss.__malloc_free_list
                0x200002cc        0x4 c:/gcc/bin/../lib/gcc/arm-none-eabi/7.3.1/../../../../arm-none-eabi/lib/thumb/v7e-m/fpv5/hard\libc_nano.a(lib_a-nano-mallocr.o)
                0x200002cc                __malloc_free_list
 .bss.__malloc_sbrk_start
                0x200002d0        0x4 c:/gcc/bin/../lib/gcc/arm-none-eabi/7.3.1/../../../../arm-none-eabi/lib/thumb/v7e-m/fpv5/hard\libc_nano.a(lib_a-nano-mallocr.o)
                0x200002d0                __malloc_sbrk_start
 .bss.heap_end.5377
                0x200002d4        0x4 c:/gcc/bin/../lib/gcc/arm-none-eabi/7.3.1/../../../../arm-none-eabi/lib/thumb/v7e-m/fpv5/hard\libnosys.a(sbrk.o)
 *(COMMON)
 COMMON         0x200002d8      0x268 build/main.o
                0x200002d8                debugBuffer
                0x20000318                hUsbDeviceFS
                0x2000053c                usbDevice
 COMMON         0x20000540       0x9c build/eth.o
                0x20000540                heth
                0x200005a8                TxConfig
 COMMON         0x200005dc       0x80 build/usart.o
                0x200005dc                huart3
 COMMON         0x2000065c      0x400 build/usbd_conf.o
                0x2000065c                hpcd_USB_OTG_FS
 COMMON         0x20000a5c      0x200 build/usbd_desc.o
                0x20000a5c                USBD_StrDesc
 COMMON         0x20000c5c     0x7fd0 build/usbd_cdc_if.o
                0x20000c5c                UserRxBufferFS
                0x20004c44                UserTxBufferFS
 COMMON         0x20008c2c        0x4 c:/gcc/bin/../lib/gcc/arm-none-eabi/7.3.1/../../../../arm-none-eabi/lib/thumb/v7e-m/fpv5/hard\libc_nano.a(lib_a-reent.o)
                0x20008c2c                errno
                0x20008c30                . = ALIGN (0x4)
                0x20008c30                _ebss = .
                0x20008c30                __bss_end__ = _ebss

._user_heap_stack
                0x20008c30     0x8400 load address 0x08006464
                0x20008c30                . = ALIGN (0x8)
                0x20008c30                PROVIDE (end = .)
                [!provide]                PROVIDE (_end = .)
                0x20010c30                . = (. + _Min_Heap_Size)
 *fill*         0x20008c30     0x8000 
                0x20011030                . = (. + _Min_Stack_Size)
 *fill*         0x20010c30      0x400 
                0x20011030                . = ALIGN (0x8)

.orbita_buffer  0x24000000    0x3c000 load address 0x08006464
                0x24000000                _sorbita = .
 *(.orbita_buffer)
 .orbita_buffer
                0x24000000    0x3c000 build/main.o
                0x24000000                buffer
                0x2403c000                _eorbita = .

/DISCARD/
 libc.a(*)
 libm.a(*)
 libgcc.a(*)

.ARM.attributes
                0x00000000       0x2e
 *(.ARM.attributes)
 .ARM.attributes
                0x00000000       0x20 c:/gcc/bin/../lib/gcc/arm-none-eabi/7.3.1/thumb/v7e-m/fpv5/hard/crti.o
 .ARM.attributes
                0x00000020       0x32 c:/gcc/bin/../lib/gcc/arm-none-eabi/7.3.1/thumb/v7e-m/fpv5/hard/crtbegin.o
 .ARM.attributes
                0x00000052       0x37 build/main.o
 .ARM.attributes
                0x00000089       0x37 build/eth.o
 .ARM.attributes
                0x000000c0       0x37 build/usart.o
 .ARM.attributes
                0x000000f7       0x37 build/usb_device.o
 .ARM.attributes
                0x0000012e       0x37 build/usbd_conf.o
 .ARM.attributes
                0x00000165       0x37 build/usbd_desc.o
 .ARM.attributes
                0x0000019c       0x37 build/usbd_cdc_if.o
 .ARM.attributes
                0x000001d3       0x37 build/stm32h7xx_it.o
 .ARM.attributes
                0x0000020a       0x37 build/stm32h7xx_hal_msp.o
 .ARM.attributes
                0x00000241       0x37 build/stm32h7xx_hal_pcd.o
 .ARM.attributes
                0x00000278       0x37 build/stm32h7xx_hal_pcd_ex.o
 .ARM.attributes
                0x000002af       0x37 build/stm32h7xx_ll_usb.o
 .ARM.attributes
                0x000002e6       0x37 build/stm32h7xx_hal_cortex.o
 .ARM.attributes
                0x0000031d       0x37 build/stm32h7xx_hal_eth.o
 .ARM.attributes
                0x00000354       0x37 build/stm32h7xx_hal_uart.o
 .ARM.attributes
                0x0000038b       0x37 build/stm32h7xx_hal_rcc.o
 .ARM.attributes
                0x000003c2       0x37 build/stm32h7xx_hal_rcc_ex.o
 .ARM.attributes
                0x000003f9       0x37 build/stm32h7xx_hal_gpio.o
 .ARM.attributes
                0x00000430       0x37 build/stm32h7xx_hal_pwr_ex.o
 .ARM.attributes
                0x00000467       0x37 build/stm32h7xx_hal.o
 .ARM.attributes
                0x0000049e       0x37 build/system_stm32h7xx.o
 .ARM.attributes
                0x000004d5       0x37 build/usbd_core.o
 .ARM.attributes
                0x0000050c       0x37 build/usbd_ctlreq.o
 .ARM.attributes
                0x00000543       0x37 build/usbd_ioreq.o
 .ARM.attributes
                0x0000057a       0x37 build/usbd_cdc.o
 .ARM.attributes
                0x000005b1       0x21 build/startup_stm32h743xx.o
 .ARM.attributes
                0x000005d2       0x32 c:/gcc/bin/../lib/gcc/arm-none-eabi/7.3.1/../../../../arm-none-eabi/lib/thumb/v7e-m/fpv5/hard\libc_nano.a(lib_a-impure.o)
 .ARM.attributes
                0x00000604       0x32 c:/gcc/bin/../lib/gcc/arm-none-eabi/7.3.1/../../../../arm-none-eabi/lib/thumb/v7e-m/fpv5/hard\libc_nano.a(lib_a-init.o)
 .ARM.attributes
                0x00000636       0x32 c:/gcc/bin/../lib/gcc/arm-none-eabi/7.3.1/../../../../arm-none-eabi/lib/thumb/v7e-m/fpv5/hard\libc_nano.a(lib_a-malloc.o)
 .ARM.attributes
                0x00000668       0x32 c:/gcc/bin/../lib/gcc/arm-none-eabi/7.3.1/../../../../arm-none-eabi/lib/thumb/v7e-m/fpv5/hard\libc_nano.a(lib_a-memset.o)
 .ARM.attributes
                0x0000069a       0x32 c:/gcc/bin/../lib/gcc/arm-none-eabi/7.3.1/../../../../arm-none-eabi/lib/thumb/v7e-m/fpv5/hard\libc_nano.a(lib_a-nano-freer.o)
 .ARM.attributes
                0x000006cc       0x32 c:/gcc/bin/../lib/gcc/arm-none-eabi/7.3.1/../../../../arm-none-eabi/lib/thumb/v7e-m/fpv5/hard\libc_nano.a(lib_a-nano-mallocr.o)
 .ARM.attributes
                0x000006fe       0x32 c:/gcc/bin/../lib/gcc/arm-none-eabi/7.3.1/../../../../arm-none-eabi/lib/thumb/v7e-m/fpv5/hard\libc_nano.a(lib_a-printf.o)
 .ARM.attributes
                0x00000730       0x32 c:/gcc/bin/../lib/gcc/arm-none-eabi/7.3.1/../../../../arm-none-eabi/lib/thumb/v7e-m/fpv5/hard\libc_nano.a(lib_a-puts.o)
 .ARM.attributes
                0x00000762       0x32 c:/gcc/bin/../lib/gcc/arm-none-eabi/7.3.1/../../../../arm-none-eabi/lib/thumb/v7e-m/fpv5/hard\libc_nano.a(lib_a-sbrkr.o)
 .ARM.attributes
                0x00000794       0x1e c:/gcc/bin/../lib/gcc/arm-none-eabi/7.3.1/../../../../arm-none-eabi/lib/thumb/v7e-m/fpv5/hard\libc_nano.a(lib_a-strcmp.o)
 .ARM.attributes
                0x000007b2       0x32 c:/gcc/bin/../lib/gcc/arm-none-eabi/7.3.1/../../../../arm-none-eabi/lib/thumb/v7e-m/fpv5/hard\libc_nano.a(lib_a-strncpy.o)
 .ARM.attributes
                0x000007e4       0x32 c:/gcc/bin/../lib/gcc/arm-none-eabi/7.3.1/../../../../arm-none-eabi/lib/thumb/v7e-m/fpv5/hard\libc_nano.a(lib_a-wbuf.o)
 .ARM.attributes
                0x00000816       0x32 c:/gcc/bin/../lib/gcc/arm-none-eabi/7.3.1/../../../../arm-none-eabi/lib/thumb/v7e-m/fpv5/hard\libc_nano.a(lib_a-wsetup.o)
 .ARM.attributes
                0x00000848       0x32 c:/gcc/bin/../lib/gcc/arm-none-eabi/7.3.1/../../../../arm-none-eabi/lib/thumb/v7e-m/fpv5/hard\libc_nano.a(lib_a-fflush.o)
 .ARM.attributes
                0x0000087a       0x32 c:/gcc/bin/../lib/gcc/arm-none-eabi/7.3.1/../../../../arm-none-eabi/lib/thumb/v7e-m/fpv5/hard\libc_nano.a(lib_a-findfp.o)
 .ARM.attributes
                0x000008ac       0x32 c:/gcc/bin/../lib/gcc/arm-none-eabi/7.3.1/../../../../arm-none-eabi/lib/thumb/v7e-m/fpv5/hard\libc_nano.a(lib_a-fwalk.o)
 .ARM.attributes
                0x000008de       0x32 c:/gcc/bin/../lib/gcc/arm-none-eabi/7.3.1/../../../../arm-none-eabi/lib/thumb/v7e-m/fpv5/hard\libc_nano.a(lib_a-makebuf.o)
 .ARM.attributes
                0x00000910       0x32 c:/gcc/bin/../lib/gcc/arm-none-eabi/7.3.1/../../../../arm-none-eabi/lib/thumb/v7e-m/fpv5/hard\libc_nano.a(lib_a-mlock.o)
 .ARM.attributes
                0x00000942       0x32 c:/gcc/bin/../lib/gcc/arm-none-eabi/7.3.1/../../../../arm-none-eabi/lib/thumb/v7e-m/fpv5/hard\libc_nano.a(lib_a-nano-vfprintf.o)
 .ARM.attributes
                0x00000974       0x32 c:/gcc/bin/../lib/gcc/arm-none-eabi/7.3.1/../../../../arm-none-eabi/lib/thumb/v7e-m/fpv5/hard\libc_nano.a(lib_a-nano-vfprintf_i.o)
 .ARM.attributes
                0x000009a6       0x32 c:/gcc/bin/../lib/gcc/arm-none-eabi/7.3.1/../../../../arm-none-eabi/lib/thumb/v7e-m/fpv5/hard\libc_nano.a(lib_a-reent.o)
 .ARM.attributes
                0x000009d8       0x32 c:/gcc/bin/../lib/gcc/arm-none-eabi/7.3.1/../../../../arm-none-eabi/lib/thumb/v7e-m/fpv5/hard\libc_nano.a(lib_a-stdio.o)
 .ARM.attributes
                0x00000a0a       0x32 c:/gcc/bin/../lib/gcc/arm-none-eabi/7.3.1/../../../../arm-none-eabi/lib/thumb/v7e-m/fpv5/hard\libc_nano.a(lib_a-writer.o)
 .ARM.attributes
                0x00000a3c       0x32 c:/gcc/bin/../lib/gcc/arm-none-eabi/7.3.1/../../../../arm-none-eabi/lib/thumb/v7e-m/fpv5/hard\libc_nano.a(lib_a-closer.o)
 .ARM.attributes
                0x00000a6e       0x32 c:/gcc/bin/../lib/gcc/arm-none-eabi/7.3.1/../../../../arm-none-eabi/lib/thumb/v7e-m/fpv5/hard\libc_nano.a(lib_a-fstatr.o)
 .ARM.attributes
                0x00000aa0       0x32 c:/gcc/bin/../lib/gcc/arm-none-eabi/7.3.1/../../../../arm-none-eabi/lib/thumb/v7e-m/fpv5/hard\libc_nano.a(lib_a-isattyr.o)
 .ARM.attributes
                0x00000ad2       0x32 c:/gcc/bin/../lib/gcc/arm-none-eabi/7.3.1/../../../../arm-none-eabi/lib/thumb/v7e-m/fpv5/hard\libc_nano.a(lib_a-lseekr.o)
 .ARM.attributes
                0x00000b04       0x1e c:/gcc/bin/../lib/gcc/arm-none-eabi/7.3.1/../../../../arm-none-eabi/lib/thumb/v7e-m/fpv5/hard\libc_nano.a(lib_a-memchr.o)
 .ARM.attributes
                0x00000b22       0x32 c:/gcc/bin/../lib/gcc/arm-none-eabi/7.3.1/../../../../arm-none-eabi/lib/thumb/v7e-m/fpv5/hard\libc_nano.a(lib_a-readr.o)
 .ARM.attributes
                0x00000b54       0x32 c:/gcc/bin/../lib/gcc/arm-none-eabi/7.3.1/../../../../arm-none-eabi/lib/thumb/v7e-m/fpv5/hard\libnosys.a(close.o)
 .ARM.attributes
                0x00000b86       0x32 c:/gcc/bin/../lib/gcc/arm-none-eabi/7.3.1/../../../../arm-none-eabi/lib/thumb/v7e-m/fpv5/hard\libnosys.a(fstat.o)
 .ARM.attributes
                0x00000bb8       0x32 c:/gcc/bin/../lib/gcc/arm-none-eabi/7.3.1/../../../../arm-none-eabi/lib/thumb/v7e-m/fpv5/hard\libnosys.a(isatty.o)
 .ARM.attributes
                0x00000bea       0x32 c:/gcc/bin/../lib/gcc/arm-none-eabi/7.3.1/../../../../arm-none-eabi/lib/thumb/v7e-m/fpv5/hard\libnosys.a(lseek.o)
 .ARM.attributes
                0x00000c1c       0x32 c:/gcc/bin/../lib/gcc/arm-none-eabi/7.3.1/../../../../arm-none-eabi/lib/thumb/v7e-m/fpv5/hard\libnosys.a(read.o)
 .ARM.attributes
                0x00000c4e       0x32 c:/gcc/bin/../lib/gcc/arm-none-eabi/7.3.1/../../../../arm-none-eabi/lib/thumb/v7e-m/fpv5/hard\libnosys.a(sbrk.o)
 .ARM.attributes
                0x00000c80       0x20 c:/gcc/bin/../lib/gcc/arm-none-eabi/7.3.1/thumb/v7e-m/fpv5/hard\libgcc.a(_aeabi_uldivmod.o)
 .ARM.attributes
                0x00000ca0       0x32 c:/gcc/bin/../lib/gcc/arm-none-eabi/7.3.1/thumb/v7e-m/fpv5/hard\libgcc.a(_udivmoddi4.o)
 .ARM.attributes
                0x00000cd2       0x20 c:/gcc/bin/../lib/gcc/arm-none-eabi/7.3.1/thumb/v7e-m/fpv5/hard\libgcc.a(_dvmd_tls.o)
 .ARM.attributes
                0x00000cf2       0x20 c:/gcc/bin/../lib/gcc/arm-none-eabi/7.3.1/thumb/v7e-m/fpv5/hard/crtn.o
OUTPUT(build/hal_new.elf elf32-littlearm)

.debug_info     0x00000000    0x2d2a3
 .debug_info    0x00000000     0x4459 build/main.o
 .debug_info    0x00004459     0x2258 build/eth.o
 .debug_info    0x000066b1     0x1819 build/usart.o
 .debug_info    0x00007eca     0x104f build/usb_device.o
 .debug_info    0x00008f19     0x2c96 build/usbd_conf.o
 .debug_info    0x0000bbaf      0xeaa build/usbd_desc.o
 .debug_info    0x0000ca59     0x1298 build/usbd_cdc_if.o
 .debug_info    0x0000dcf1      0xffe build/stm32h7xx_it.o
 .debug_info    0x0000ecef     0x1343 build/stm32h7xx_hal_msp.o
 .debug_info    0x00010032     0x20d8 build/stm32h7xx_hal_pcd.o
 .debug_info    0x0001210a     0x14c3 build/stm32h7xx_hal_pcd_ex.o
 .debug_info    0x000135cd     0x221f build/stm32h7xx_ll_usb.o
 .debug_info    0x000157ec     0x1ccc build/stm32h7xx_hal_cortex.o
 .debug_info    0x000174b8     0x3577 build/stm32h7xx_hal_eth.o
 .debug_info    0x0001aa2f     0x2ab1 build/stm32h7xx_hal_uart.o
 .debug_info    0x0001d4e0     0x1d9b build/stm32h7xx_hal_rcc.o
 .debug_info    0x0001f27b     0x2438 build/stm32h7xx_hal_rcc_ex.o
 .debug_info    0x000216b3     0x16e7 build/stm32h7xx_hal_gpio.o
 .debug_info    0x00022d9a     0x194c build/stm32h7xx_hal_pwr_ex.o
 .debug_info    0x000246e6     0x2043 build/stm32h7xx_hal.o
 .debug_info    0x00026729     0x138d build/system_stm32h7xx.o
 .debug_info    0x00027ab6     0x16a4 build/usbd_core.o
 .debug_info    0x0002915a     0x1835 build/usbd_ctlreq.o
 .debug_info    0x0002a98f     0x117c build/usbd_ioreq.o
 .debug_info    0x0002bb0b     0x1776 build/usbd_cdc.o
 .debug_info    0x0002d281       0x22 build/startup_stm32h743xx.o

.debug_abbrev   0x00000000     0x4b48
 .debug_abbrev  0x00000000      0x483 build/main.o
 .debug_abbrev  0x00000483      0x2ac build/eth.o
 .debug_abbrev  0x0000072f      0x257 build/usart.o
 .debug_abbrev  0x00000986      0x21d build/usb_device.o
 .debug_abbrev  0x00000ba3      0x2fb build/usbd_conf.o
 .debug_abbrev  0x00000e9e      0x268 build/usbd_desc.o
 .debug_abbrev  0x00001106      0x2df build/usbd_cdc_if.o
 .debug_abbrev  0x000013e5      0x215 build/stm32h7xx_it.o
 .debug_abbrev  0x000015fa      0x232 build/stm32h7xx_hal_msp.o
 .debug_abbrev  0x0000182c      0x371 build/stm32h7xx_hal_pcd.o
 .debug_abbrev  0x00001b9d      0x31c build/stm32h7xx_hal_pcd_ex.o
 .debug_abbrev  0x00001eb9      0x33c build/stm32h7xx_ll_usb.o
 .debug_abbrev  0x000021f5      0x403 build/stm32h7xx_hal_cortex.o
 .debug_abbrev  0x000025f8      0x357 build/stm32h7xx_hal_eth.o
 .debug_abbrev  0x0000294f      0x36e build/stm32h7xx_hal_uart.o
 .debug_abbrev  0x00002cbd      0x348 build/stm32h7xx_hal_rcc.o
 .debug_abbrev  0x00003005      0x385 build/stm32h7xx_hal_rcc_ex.o
 .debug_abbrev  0x0000338a      0x2e9 build/stm32h7xx_hal_gpio.o
 .debug_abbrev  0x00003673      0x3b3 build/stm32h7xx_hal_pwr_ex.o
 .debug_abbrev  0x00003a26      0x368 build/stm32h7xx_hal.o
 .debug_abbrev  0x00003d8e      0x255 build/system_stm32h7xx.o
 .debug_abbrev  0x00003fe3      0x2d5 build/usbd_core.o
 .debug_abbrev  0x000042b8      0x334 build/usbd_ctlreq.o
 .debug_abbrev  0x000045ec      0x206 build/usbd_ioreq.o
 .debug_abbrev  0x000047f2      0x344 build/usbd_cdc.o
 .debug_abbrev  0x00004b36       0x12 build/startup_stm32h743xx.o

.debug_loc      0x00000000     0xda8b
 .debug_loc     0x00000000      0x2bb build/main.o
 .debug_loc     0x000002bb       0xf7 build/eth.o
 .debug_loc     0x000003b2       0xd3 build/usart.o
 .debug_loc     0x00000485       0x20 build/usb_device.o
 .debug_loc     0x000004a5      0xf5f build/usbd_conf.o
 .debug_loc     0x00001404      0x357 build/usbd_desc.o
 .debug_loc     0x0000175b      0x17e build/usbd_cdc_if.o
 .debug_loc     0x000018d9       0x40 build/stm32h7xx_it.o
 .debug_loc     0x00001919       0x38 build/stm32h7xx_hal_msp.o
 .debug_loc     0x00001951     0x10dd build/stm32h7xx_hal_pcd.o
 .debug_loc     0x00002a2e      0x1d9 build/stm32h7xx_hal_pcd_ex.o
 .debug_loc     0x00002c07     0x19e0 build/stm32h7xx_ll_usb.o
 .debug_loc     0x000045e7      0x63c build/stm32h7xx_hal_cortex.o
 .debug_loc     0x00004c23     0x1eba build/stm32h7xx_hal_eth.o
 .debug_loc     0x00006add     0x1dcc build/stm32h7xx_hal_uart.o
 .debug_loc     0x000088a9      0x859 build/stm32h7xx_hal_rcc.o
 .debug_loc     0x00009102     0x197c build/stm32h7xx_hal_rcc_ex.o
 .debug_loc     0x0000aa7e      0x506 build/stm32h7xx_hal_gpio.o
 .debug_loc     0x0000af84      0x44b build/stm32h7xx_hal_pwr_ex.o
 .debug_loc     0x0000b3cf      0x5e8 build/stm32h7xx_hal.o
 .debug_loc     0x0000b9b7      0x283 build/system_stm32h7xx.o
 .debug_loc     0x0000bc3a      0x884 build/usbd_core.o
 .debug_loc     0x0000c4be      0xd15 build/usbd_ctlreq.o
 .debug_loc     0x0000d1d3      0x31c build/usbd_ioreq.o
 .debug_loc     0x0000d4ef      0x59c build/usbd_cdc.o

.debug_aranges  0x00000000     0x1130
 .debug_aranges
                0x00000000       0x80 build/main.o
 .debug_aranges
                0x00000080       0x30 build/eth.o
 .debug_aranges
                0x000000b0       0x30 build/usart.o
 .debug_aranges
                0x000000e0       0x20 build/usb_device.o
 .debug_aranges
                0x00000100       0xf8 build/usbd_conf.o
 .debug_aranges
                0x000001f8       0x50 build/usbd_desc.o
 .debug_aranges
                0x00000248       0x40 build/usbd_cdc_if.o
 .debug_aranges
                0x00000288       0x28 build/stm32h7xx_it.o
 .debug_aranges
                0x000002b0       0x20 build/stm32h7xx_hal_msp.o
 .debug_aranges
                0x000002d0      0x120 build/stm32h7xx_hal_pcd.o
 .debug_aranges
                0x000003f0       0x60 build/stm32h7xx_hal_pcd_ex.o
 .debug_aranges
                0x00000450      0x180 build/stm32h7xx_ll_usb.o
 .debug_aranges
                0x000005d0       0xb0 build/stm32h7xx_hal_cortex.o
 .debug_aranges
                0x00000680      0x1b0 build/stm32h7xx_hal_eth.o
 .debug_aranges
                0x00000830      0x1e8 build/stm32h7xx_hal_uart.o
 .debug_aranges
                0x00000a18       0x80 build/stm32h7xx_hal_rcc.o
 .debug_aranges
                0x00000a98       0xe0 build/stm32h7xx_hal_rcc_ex.o
 .debug_aranges
                0x00000b78       0x58 build/stm32h7xx_hal_gpio.o
 .debug_aranges
                0x00000bd0      0x150 build/stm32h7xx_hal_pwr_ex.o
 .debug_aranges
                0x00000d20      0x1a0 build/stm32h7xx_hal.o
 .debug_aranges
                0x00000ec0       0x28 build/system_stm32h7xx.o
 .debug_aranges
                0x00000ee8       0xb8 build/usbd_core.o
 .debug_aranges
                0x00000fa0       0x88 build/usbd_ctlreq.o
 .debug_aranges
                0x00001028       0x50 build/usbd_ioreq.o
 .debug_aranges
                0x00001078       0x90 build/usbd_cdc.o
 .debug_aranges
                0x00001108       0x28 build/startup_stm32h743xx.o

.debug_ranges   0x00000000     0x1010
 .debug_ranges  0x00000000       0x88 build/main.o
 .debug_ranges  0x00000088       0x20 build/eth.o
 .debug_ranges  0x000000a8       0x20 build/usart.o
 .debug_ranges  0x000000c8       0x10 build/usb_device.o
 .debug_ranges  0x000000d8       0xe8 build/usbd_conf.o
 .debug_ranges  0x000001c0       0x40 build/usbd_desc.o
 .debug_ranges  0x00000200       0x30 build/usbd_cdc_if.o
 .debug_ranges  0x00000230       0x18 build/stm32h7xx_it.o
 .debug_ranges  0x00000248       0x10 build/stm32h7xx_hal_msp.o
 .debug_ranges  0x00000258      0x110 build/stm32h7xx_hal_pcd.o
 .debug_ranges  0x00000368       0x50 build/stm32h7xx_hal_pcd_ex.o
 .debug_ranges  0x000003b8      0x170 build/stm32h7xx_ll_usb.o
 .debug_ranges  0x00000528      0x100 build/stm32h7xx_hal_cortex.o
 .debug_ranges  0x00000628      0x1a0 build/stm32h7xx_hal_eth.o
 .debug_ranges  0x000007c8      0x1d8 build/stm32h7xx_hal_uart.o
 .debug_ranges  0x000009a0       0x70 build/stm32h7xx_hal_rcc.o
 .debug_ranges  0x00000a10       0xd0 build/stm32h7xx_hal_rcc_ex.o
 .debug_ranges  0x00000ae0       0x48 build/stm32h7xx_hal_gpio.o
 .debug_ranges  0x00000b28      0x140 build/stm32h7xx_hal_pwr_ex.o
 .debug_ranges  0x00000c68      0x190 build/stm32h7xx_hal.o
 .debug_ranges  0x00000df8       0x18 build/system_stm32h7xx.o
 .debug_ranges  0x00000e10       0xa8 build/usbd_core.o
 .debug_ranges  0x00000eb8       0x78 build/usbd_ctlreq.o
 .debug_ranges  0x00000f30       0x40 build/usbd_ioreq.o
 .debug_ranges  0x00000f70       0x80 build/usbd_cdc.o
 .debug_ranges  0x00000ff0       0x20 build/startup_stm32h743xx.o

.debug_line     0x00000000     0x7cba
 .debug_line    0x00000000      0x543 build/main.o
 .debug_line    0x00000543      0x26e build/eth.o
 .debug_line    0x000007b1      0x244 build/usart.o
 .debug_line    0x000009f5      0x2ac build/usb_device.o
 .debug_line    0x00000ca1      0x564 build/usbd_conf.o
 .debug_line    0x00001205      0x2a6 build/usbd_desc.o
 .debug_line    0x000014ab      0x2c0 build/usbd_cdc_if.o
 .debug_line    0x0000176b      0x235 build/stm32h7xx_it.o
 .debug_line    0x000019a0      0x1d8 build/stm32h7xx_hal_msp.o
 .debug_line    0x00001b78      0x75f build/stm32h7xx_hal_pcd.o
 .debug_line    0x000022d7      0x325 build/stm32h7xx_hal_pcd_ex.o
 .debug_line    0x000025fc      0x810 build/stm32h7xx_ll_usb.o
 .debug_line    0x00002e0c      0x460 build/stm32h7xx_hal_cortex.o
 .debug_line    0x0000326c      0xb1b build/stm32h7xx_hal_eth.o
 .debug_line    0x00003d87      0xe8c build/stm32h7xx_hal_uart.o
 .debug_line    0x00004c13      0x62d build/stm32h7xx_hal_rcc.o
 .debug_line    0x00005240      0x936 build/stm32h7xx_hal_rcc_ex.o
 .debug_line    0x00005b76      0x38b build/stm32h7xx_hal_gpio.o
 .debug_line    0x00005f01      0x5c4 build/stm32h7xx_hal_pwr_ex.o
 .debug_line    0x000064c5      0x5e3 build/stm32h7xx_hal.o
 .debug_line    0x00006aa8      0x223 build/system_stm32h7xx.o
 .debug_line    0x00006ccb      0x455 build/usbd_core.o
 .debug_line    0x00007120      0x44f build/usbd_ctlreq.o
 .debug_line    0x0000756f      0x2b7 build/usbd_ioreq.o
 .debug_line    0x00007826      0x420 build/usbd_cdc.o
 .debug_line    0x00007c46       0x74 build/startup_stm32h743xx.o

.debug_str      0x00000000     0x718a
 .debug_str     0x00000000     0x26b9 build/main.o
                               0x28b9 (size before relaxing)
 .debug_str     0x000026b9      0x184 build/eth.o
                               0x1273 (size before relaxing)
 .debug_str     0x0000283d       0x49 build/usart.o
                                0xede (size before relaxing)
 .debug_str     0x00002886       0xc1 build/usb_device.o
                                0xa6d (size before relaxing)
 .debug_str     0x00002947      0x87c build/usbd_conf.o
                               0x1e56 (size before relaxing)
 .debug_str     0x000031c3      0x11a build/usbd_desc.o
                                0x825 (size before relaxing)
 .debug_str     0x000032dd       0xce build/usbd_cdc_if.o
                                0xb64 (size before relaxing)
 .debug_str     0x000033ab       0x6b build/stm32h7xx_it.o
                                0xa13 (size before relaxing)
 .debug_str     0x00003416       0x41 build/stm32h7xx_hal_msp.o
                               0x1076 (size before relaxing)
 .debug_str     0x00003457      0x501 build/stm32h7xx_hal_pcd.o
                               0x1137 (size before relaxing)
 .debug_str     0x00003958      0x184 build/stm32h7xx_hal_pcd_ex.o
                                0xcd3 (size before relaxing)
 .debug_str     0x00003adc      0x3b8 build/stm32h7xx_ll_usb.o
                               0x1021 (size before relaxing)
 .debug_str     0x00003e94      0x3d0 build/stm32h7xx_hal_cortex.o
                               0x1463 (size before relaxing)
 .debug_str     0x00004264      0xb3e build/stm32h7xx_hal_eth.o
                               0x1dde (size before relaxing)
 .debug_str     0x00004da2      0x844 build/stm32h7xx_hal_uart.o
                               0x16f1 (size before relaxing)
 .debug_str     0x000055e6      0x322 build/stm32h7xx_hal_rcc.o
                                0xdb4 (size before relaxing)
 .debug_str     0x00005908      0x7a4 build/stm32h7xx_hal_rcc_ex.o
                               0x11ec (size before relaxing)
 .debug_str     0x000060ac      0x10e build/stm32h7xx_hal_gpio.o
                                0xb0e (size before relaxing)
 .debug_str     0x000061ba      0x515 build/stm32h7xx_hal_pwr_ex.o
                                0xe0f (size before relaxing)
 .debug_str     0x000066cf      0x657 build/stm32h7xx_hal.o
                               0x18d8 (size before relaxing)
 .debug_str     0x00006d26       0x38 build/system_stm32h7xx.o
                                0x995 (size before relaxing)
 .debug_str     0x00006d5e      0x13e build/usbd_core.o
                                0xc6a (size before relaxing)
 .debug_str     0x00006e9c       0xe2 build/usbd_ctlreq.o
                                0xb84 (size before relaxing)
 .debug_str     0x00006f7e       0x60 build/usbd_ioreq.o
                                0xab1 (size before relaxing)
 .debug_str     0x00006fde      0x188 build/usbd_cdc.o
                                0xce0 (size before relaxing)
 .debug_str     0x00007166       0x24 build/startup_stm32h743xx.o
                                 0x4a (size before relaxing)

.comment        0x00000000       0x7f
 .comment       0x00000000       0x7f build/main.o
                                 0x80 (size before relaxing)
 .comment       0x0000007f       0x80 build/eth.o
 .comment       0x0000007f       0x80 build/usart.o
 .comment       0x0000007f       0x80 build/usb_device.o
 .comment       0x0000007f       0x80 build/usbd_conf.o
 .comment       0x0000007f       0x80 build/usbd_desc.o
 .comment       0x0000007f       0x80 build/usbd_cdc_if.o
 .comment       0x0000007f       0x80 build/stm32h7xx_it.o
 .comment       0x0000007f       0x80 build/stm32h7xx_hal_msp.o
 .comment       0x0000007f       0x80 build/stm32h7xx_hal_pcd.o
 .comment       0x0000007f       0x80 build/stm32h7xx_hal_pcd_ex.o
 .comment       0x0000007f       0x80 build/stm32h7xx_ll_usb.o
 .comment       0x0000007f       0x80 build/stm32h7xx_hal_cortex.o
 .comment       0x0000007f       0x80 build/stm32h7xx_hal_eth.o
 .comment       0x0000007f       0x80 build/stm32h7xx_hal_uart.o
 .comment       0x0000007f       0x80 build/stm32h7xx_hal_rcc.o
 .comment       0x0000007f       0x80 build/stm32h7xx_hal_rcc_ex.o
 .comment       0x0000007f       0x80 build/stm32h7xx_hal_gpio.o
 .comment       0x0000007f       0x80 build/stm32h7xx_hal_pwr_ex.o
 .comment       0x0000007f       0x80 build/stm32h7xx_hal.o
 .comment       0x0000007f       0x80 build/system_stm32h7xx.o
 .comment       0x0000007f       0x80 build/usbd_core.o
 .comment       0x0000007f       0x80 build/usbd_ctlreq.o
 .comment       0x0000007f       0x80 build/usbd_ioreq.o
 .comment       0x0000007f       0x80 build/usbd_cdc.o

.debug_frame    0x00000000     0x37e0
 .debug_frame   0x00000000      0x11c build/main.o
 .debug_frame   0x0000011c       0x78 build/eth.o
 .debug_frame   0x00000194       0x64 build/usart.o
 .debug_frame   0x000001f8       0x2c build/usb_device.o
 .debug_frame   0x00000224      0x31c build/usbd_conf.o
 .debug_frame   0x00000540       0xbc build/usbd_desc.o
 .debug_frame   0x000005fc       0x88 build/usbd_cdc_if.o
 .debug_frame   0x00000684       0x48 build/stm32h7xx_it.o
 .debug_frame   0x000006cc       0x2c build/stm32h7xx_hal_msp.o
 .debug_frame   0x000006f8      0x350 build/stm32h7xx_hal_pcd.o
 .debug_frame   0x00000a48       0xc0 build/stm32h7xx_hal_pcd_ex.o
 .debug_frame   0x00000b08      0x508 build/stm32h7xx_ll_usb.o
 .debug_frame   0x00001010      0x17c build/stm32h7xx_hal_cortex.o
 .debug_frame   0x0000118c      0x550 build/stm32h7xx_hal_eth.o
 .debug_frame   0x000016dc      0x5f8 build/stm32h7xx_hal_uart.o
 .debug_frame   0x00001cd4      0x170 build/stm32h7xx_hal_rcc.o
 .debug_frame   0x00001e44      0x2c4 build/stm32h7xx_hal_rcc_ex.o
 .debug_frame   0x00002108       0xec build/stm32h7xx_hal_gpio.o
 .debug_frame   0x000021f4      0x2fc build/stm32h7xx_hal_pwr_ex.o
 .debug_frame   0x000024f0      0x3d4 build/stm32h7xx_hal.o
 .debug_frame   0x000028c4       0x58 build/system_stm32h7xx.o
 .debug_frame   0x0000291c      0x1ec build/usbd_core.o
 .debug_frame   0x00002b08      0x1b0 build/usbd_ctlreq.o
 .debug_frame   0x00002cb8       0xd4 build/usbd_ioreq.o
 .debug_frame   0x00002d8c      0x168 build/usbd_cdc.o
 .debug_frame   0x00002ef4       0x2c c:/gcc/bin/../lib/gcc/arm-none-eabi/7.3.1/../../../../arm-none-eabi/lib/thumb/v7e-m/fpv5/hard\libc_nano.a(lib_a-init.o)
 .debug_frame   0x00002f20       0x30 c:/gcc/bin/../lib/gcc/arm-none-eabi/7.3.1/../../../../arm-none-eabi/lib/thumb/v7e-m/fpv5/hard\libc_nano.a(lib_a-malloc.o)
 .debug_frame   0x00002f50       0x20 c:/gcc/bin/../lib/gcc/arm-none-eabi/7.3.1/../../../../arm-none-eabi/lib/thumb/v7e-m/fpv5/hard\libc_nano.a(lib_a-memset.o)
 .debug_frame   0x00002f70       0x38 c:/gcc/bin/../lib/gcc/arm-none-eabi/7.3.1/../../../../arm-none-eabi/lib/thumb/v7e-m/fpv5/hard\libc_nano.a(lib_a-nano-freer.o)
 .debug_frame   0x00002fa8       0x2c c:/gcc/bin/../lib/gcc/arm-none-eabi/7.3.1/../../../../arm-none-eabi/lib/thumb/v7e-m/fpv5/hard\libc_nano.a(lib_a-nano-mallocr.o)
 .debug_frame   0x00002fd4       0x74 c:/gcc/bin/../lib/gcc/arm-none-eabi/7.3.1/../../../../arm-none-eabi/lib/thumb/v7e-m/fpv5/hard\libc_nano.a(lib_a-printf.o)
 .debug_frame   0x00003048       0x3c c:/gcc/bin/../lib/gcc/arm-none-eabi/7.3.1/../../../../arm-none-eabi/lib/thumb/v7e-m/fpv5/hard\libc_nano.a(lib_a-puts.o)
 .debug_frame   0x00003084       0x2c c:/gcc/bin/../lib/gcc/arm-none-eabi/7.3.1/../../../../arm-none-eabi/lib/thumb/v7e-m/fpv5/hard\libc_nano.a(lib_a-sbrkr.o)
 .debug_frame   0x000030b0       0x20 c:/gcc/bin/../lib/gcc/arm-none-eabi/7.3.1/../../../../arm-none-eabi/lib/thumb/v7e-m/fpv5/hard\libc_nano.a(lib_a-strcmp.o)
 .debug_frame   0x000030d0       0x2c c:/gcc/bin/../lib/gcc/arm-none-eabi/7.3.1/../../../../arm-none-eabi/lib/thumb/v7e-m/fpv5/hard\libc_nano.a(lib_a-strncpy.o)
 .debug_frame   0x000030fc       0x40 c:/gcc/bin/../lib/gcc/arm-none-eabi/7.3.1/../../../../arm-none-eabi/lib/thumb/v7e-m/fpv5/hard\libc_nano.a(lib_a-wbuf.o)
 .debug_frame   0x0000313c       0x2c c:/gcc/bin/../lib/gcc/arm-none-eabi/7.3.1/../../../../arm-none-eabi/lib/thumb/v7e-m/fpv5/hard\libc_nano.a(lib_a-wsetup.o)
 .debug_frame   0x00003168       0x68 c:/gcc/bin/../lib/gcc/arm-none-eabi/7.3.1/../../../../arm-none-eabi/lib/thumb/v7e-m/fpv5/hard\libc_nano.a(lib_a-fflush.o)
 .debug_frame   0x000031d0      0x11c c:/gcc/bin/../lib/gcc/arm-none-eabi/7.3.1/../../../../arm-none-eabi/lib/thumb/v7e-m/fpv5/hard\libc_nano.a(lib_a-findfp.o)
 .debug_frame   0x000032ec       0x54 c:/gcc/bin/../lib/gcc/arm-none-eabi/7.3.1/../../../../arm-none-eabi/lib/thumb/v7e-m/fpv5/hard\libc_nano.a(lib_a-fwalk.o)
 .debug_frame   0x00003340       0x58 c:/gcc/bin/../lib/gcc/arm-none-eabi/7.3.1/../../../../arm-none-eabi/lib/thumb/v7e-m/fpv5/hard\libc_nano.a(lib_a-makebuf.o)
 .debug_frame   0x00003398       0x30 c:/gcc/bin/../lib/gcc/arm-none-eabi/7.3.1/../../../../arm-none-eabi/lib/thumb/v7e-m/fpv5/hard\libc_nano.a(lib_a-mlock.o)
 .debug_frame   0x000033c8       0xac c:/gcc/bin/../lib/gcc/arm-none-eabi/7.3.1/../../../../arm-none-eabi/lib/thumb/v7e-m/fpv5/hard\libc_nano.a(lib_a-nano-vfprintf.o)
 .debug_frame   0x00003474       0x60 c:/gcc/bin/../lib/gcc/arm-none-eabi/7.3.1/../../../../arm-none-eabi/lib/thumb/v7e-m/fpv5/hard\libc_nano.a(lib_a-nano-vfprintf_i.o)
 .debug_frame   0x000034d4       0x5c c:/gcc/bin/../lib/gcc/arm-none-eabi/7.3.1/../../../../arm-none-eabi/lib/thumb/v7e-m/fpv5/hard\libc_nano.a(lib_a-reent.o)
 .debug_frame   0x00003530       0x88 c:/gcc/bin/../lib/gcc/arm-none-eabi/7.3.1/../../../../arm-none-eabi/lib/thumb/v7e-m/fpv5/hard\libc_nano.a(lib_a-stdio.o)
 .debug_frame   0x000035b8       0x2c c:/gcc/bin/../lib/gcc/arm-none-eabi/7.3.1/../../../../arm-none-eabi/lib/thumb/v7e-m/fpv5/hard\libc_nano.a(lib_a-writer.o)
 .debug_frame   0x000035e4       0x2c c:/gcc/bin/../lib/gcc/arm-none-eabi/7.3.1/../../../../arm-none-eabi/lib/thumb/v7e-m/fpv5/hard\libc_nano.a(lib_a-closer.o)
 .debug_frame   0x00003610       0x2c c:/gcc/bin/../lib/gcc/arm-none-eabi/7.3.1/../../../../arm-none-eabi/lib/thumb/v7e-m/fpv5/hard\libc_nano.a(lib_a-fstatr.o)
 .debug_frame   0x0000363c       0x2c c:/gcc/bin/../lib/gcc/arm-none-eabi/7.3.1/../../../../arm-none-eabi/lib/thumb/v7e-m/fpv5/hard\libc_nano.a(lib_a-isattyr.o)
 .debug_frame   0x00003668       0x2c c:/gcc/bin/../lib/gcc/arm-none-eabi/7.3.1/../../../../arm-none-eabi/lib/thumb/v7e-m/fpv5/hard\libc_nano.a(lib_a-lseekr.o)
 .debug_frame   0x00003694       0x2c c:/gcc/bin/../lib/gcc/arm-none-eabi/7.3.1/../../../../arm-none-eabi/lib/thumb/v7e-m/fpv5/hard\libc_nano.a(lib_a-readr.o)
 .debug_frame   0x000036c0       0x20 c:/gcc/bin/../lib/gcc/arm-none-eabi/7.3.1/../../../../arm-none-eabi/lib/thumb/v7e-m/fpv5/hard\libnosys.a(close.o)
 .debug_frame   0x000036e0       0x20 c:/gcc/bin/../lib/gcc/arm-none-eabi/7.3.1/../../../../arm-none-eabi/lib/thumb/v7e-m/fpv5/hard\libnosys.a(fstat.o)
 .debug_frame   0x00003700       0x20 c:/gcc/bin/../lib/gcc/arm-none-eabi/7.3.1/../../../../arm-none-eabi/lib/thumb/v7e-m/fpv5/hard\libnosys.a(isatty.o)
 .debug_frame   0x00003720       0x20 c:/gcc/bin/../lib/gcc/arm-none-eabi/7.3.1/../../../../arm-none-eabi/lib/thumb/v7e-m/fpv5/hard\libnosys.a(lseek.o)
 .debug_frame   0x00003740       0x20 c:/gcc/bin/../lib/gcc/arm-none-eabi/7.3.1/../../../../arm-none-eabi/lib/thumb/v7e-m/fpv5/hard\libnosys.a(read.o)
 .debug_frame   0x00003760       0x20 c:/gcc/bin/../lib/gcc/arm-none-eabi/7.3.1/../../../../arm-none-eabi/lib/thumb/v7e-m/fpv5/hard\libnosys.a(sbrk.o)
 .debug_frame   0x00003780       0x2c c:/gcc/bin/../lib/gcc/arm-none-eabi/7.3.1/thumb/v7e-m/fpv5/hard\libgcc.a(_aeabi_uldivmod.o)
 .debug_frame   0x000037ac       0x34 c:/gcc/bin/../lib/gcc/arm-none-eabi/7.3.1/thumb/v7e-m/fpv5/hard\libgcc.a(_udivmoddi4.o)

.stab           0x00000000       0x84
 .stab          0x00000000       0x24 c:/gcc/bin/../lib/gcc/arm-none-eabi/7.3.1/../../../../arm-none-eabi/lib/thumb/v7e-m/fpv5/hard\libnosys.a(close.o)
 .stab          0x00000024       0x18 c:/gcc/bin/../lib/gcc/arm-none-eabi/7.3.1/../../../../arm-none-eabi/lib/thumb/v7e-m/fpv5/hard\libnosys.a(fstat.o)
                                 0x24 (size before relaxing)
 .stab          0x0000003c       0x18 c:/gcc/bin/../lib/gcc/arm-none-eabi/7.3.1/../../../../arm-none-eabi/lib/thumb/v7e-m/fpv5/hard\libnosys.a(isatty.o)
                                 0x24 (size before relaxing)
 .stab          0x00000054       0x18 c:/gcc/bin/../lib/gcc/arm-none-eabi/7.3.1/../../../../arm-none-eabi/lib/thumb/v7e-m/fpv5/hard\libnosys.a(lseek.o)
                                 0x24 (size before relaxing)
 .stab          0x0000006c       0x18 c:/gcc/bin/../lib/gcc/arm-none-eabi/7.3.1/../../../../arm-none-eabi/lib/thumb/v7e-m/fpv5/hard\libnosys.a(read.o)